2024-03-20 09:38:25,200 - __main__ - INFO - !!!!开始抢!!!!
2024-03-20 09:38:25,202 - __main__ - INFO - 当前体育馆0
2024-03-20 09:38:25,308 - __main__ - INFO - 当前体育馆0空闲:0
2024-03-20 09:38:25,308 - __main__ - INFO - 当前体育馆1
2024-03-20 09:38:25,402 - __main__ - INFO - 当前体育馆1空闲:0
2024-03-20 09:38:25,402 - __main__ - INFO - 当前体育馆2
2024-03-20 09:38:25,490 - __main__ - INFO - 当前体育馆2空闲:0
2024-03-20 09:38:25,490 - __main__ - INFO - 无空闲场地
2024-03-20 09:46:20,307 - __main__ - INFO - !!!!开始抢!!!!
2024-03-20 09:46:20,308 - __main__ - INFO - 当前体育馆0
2024-03-20 09:46:20,409 - __main__ - INFO - 当前体育馆0空闲:0
2024-03-20 09:46:20,409 - __main__ - INFO - 当前体育馆1
2024-03-20 09:46:20,496 - __main__ - INFO - 当前体育馆1空闲:0
2024-03-20 09:46:20,497 - __main__ - INFO - 当前体育馆2
2024-03-20 09:46:20,577 - __main__ - INFO - 当前体育馆2空闲:0
2024-03-20 09:46:20,577 - __main__ - INFO - 无空闲场地
2024-03-20 09:47:38,546 - __main__ - INFO - ######################
2024-03-20 09:47:40,361 - __main__ - INFO - !!!!开始抢!!!!
2024-03-20 09:47:40,361 - __main__ - INFO - 当前体育馆0
2024-03-20 09:47:40,460 - __main__ - INFO - 当前体育馆0空闲:0
2024-03-20 09:47:40,460 - __main__ - INFO - 当前体育馆1
2024-03-20 09:47:40,547 - __main__ - INFO - 当前体育馆1空闲:0
2024-03-20 09:47:40,547 - __main__ - INFO - 当前体育馆2
2024-03-20 09:47:40,625 - __main__ - INFO - 当前体育馆2空闲:0
2024-03-20 09:47:40,625 - __main__ - INFO - 无空闲场地
2024-03-20 09:50:04,768 - __main__ - INFO - ######################
2024-03-20 09:50:06,647 - __main__ - INFO - !!!!开始抢!!!!
2024-03-20 09:50:06,648 - __main__ - INFO - 当前体育馆0
2024-03-20 09:50:06,745 - __main__ - INFO - 当前体育馆0空闲:0
2024-03-20 09:50:06,745 - __main__ - INFO - 当前体育馆1
2024-03-20 09:50:06,832 - __main__ - INFO - 当前体育馆1空闲:0
2024-03-20 09:50:06,832 - __main__ - INFO - 当前体育馆2
2024-03-20 09:50:06,911 - __main__ - INFO - 当前体育馆2空闲:0
2024-03-20 09:50:06,911 - __main__ - INFO - 无空闲场地
2024-03-20 09:54:41,653 - __main__ - INFO - ######################
2024-03-20 09:54:43,522 - __main__ - INFO - !!!!开始抢!!!!
2024-03-20 09:54:43,522 - __main__ - INFO - 当前体育馆0
2024-03-20 09:54:43,630 - __main__ - INFO - 当前体育馆0空闲:0
2024-03-20 09:54:43,630 - __main__ - INFO - 当前体育馆1
2024-03-20 09:54:43,719 - __main__ - INFO - 当前体育馆1空闲:0
2024-03-20 09:54:43,719 - __main__ - INFO - 当前体育馆2
2024-03-20 09:54:43,796 - __main__ - INFO - 当前体育馆2空闲:0
2024-03-20 09:54:43,797 - __main__ - INFO - 无空闲场地
2024-03-20 09:57:46,160 - __main__ - INFO - ######################
2024-03-20 09:57:48,002 - __main__ - INFO - !!!!开始抢!!!!
2024-03-20 09:57:48,002 - __main__ - INFO - 当前体育馆0
2024-03-20 09:57:48,101 - __main__ - INFO - 当前体育馆0空闲:0
2024-03-20 09:57:48,101 - __main__ - INFO - 当前体育馆1
2024-03-20 09:57:48,205 - __main__ - INFO - 当前体育馆1空闲:0
2024-03-20 09:57:48,205 - __main__ - INFO - 当前体育馆2
2024-03-20 09:57:48,287 - __main__ - INFO - 当前体育馆2空闲:0
2024-03-20 09:57:48,287 - __main__ - INFO - 无空闲场地
2024-03-20 09:58:14,966 - __main__ - INFO - ######################
2024-03-20 09:58:16,835 - __main__ - INFO - !!!!开始抢!!!!
2024-03-20 09:58:16,835 - __main__ - INFO - 当前体育馆0
2024-03-20 09:58:16,936 - __main__ - INFO - 当前体育馆0空闲:0
2024-03-20 09:58:16,936 - __main__ - INFO - 当前体育馆1
2024-03-20 09:58:17,025 - __main__ - INFO - 当前体育馆1空闲:0
2024-03-20 09:58:17,025 - __main__ - INFO - 当前体育馆2
2024-03-20 09:58:17,105 - __main__ - INFO - 当前体育馆2空闲:0
2024-03-20 09:58:17,105 - __main__ - INFO - 无空闲场地
2024-03-20 10:01:30,002 - __main__ - INFO - ######################
2024-03-20 10:01:31,942 - __main__ - INFO - !!!!开始抢!!!!
2024-03-20 10:01:31,942 - __main__ - INFO - 当前体育馆0
2024-03-20 10:01:32,036 - __main__ - INFO - 当前体育馆0空闲:0
2024-03-20 10:01:32,036 - __main__ - INFO - 当前体育馆1
2024-03-20 10:01:32,124 - __main__ - INFO - 当前体育馆1空闲:0
2024-03-20 10:01:32,124 - __main__ - INFO - 当前体育馆2
2024-03-20 10:01:32,204 - __main__ - INFO - 当前体育馆2空闲:1
2024-03-22 21:00:34,075 - __main__ - INFO - ######################
2024-03-22 21:00:35,917 - __main__ - INFO - !!!!开始抢!!!!
2024-03-22 21:00:35,917 - __main__ - INFO - 当前体育馆0
2024-03-22 21:00:36,020 - __main__ - INFO - 当前体育馆0空闲:0
2024-03-22 21:00:36,020 - __main__ - INFO - 当前体育馆1
2024-03-22 21:00:36,108 - __main__ - INFO - 当前体育馆1空闲:1
2024-03-22 21:00:36,230 - __main__ - INFO - 选择场地成功
2024-03-22 21:00:36,844 - __main__ - INFO - 已输入验证码
2024-03-22 21:04:54,511 - __main__ - INFO - ######################
2024-03-22 21:04:56,458 - __main__ - INFO - !!!!开始抢!!!!
2024-03-22 21:04:56,459 - __main__ - INFO - 当前体育馆0
2024-03-22 21:04:56,570 - __main__ - INFO - 当前体育馆0空闲:0
2024-03-22 21:04:56,570 - __main__ - INFO - 当前体育馆1
2024-03-22 21:04:56,692 - __main__ - INFO - 当前体育馆1空闲:0
2024-03-22 21:04:56,692 - __main__ - INFO - 当前体育馆2
2024-03-22 21:04:56,776 - __main__ - INFO - 当前体育馆2空闲:0
2024-03-22 21:04:56,776 - __main__ - INFO - 无空闲场地
2024-03-22 21:06:43,596 - __main__ - INFO - ######################
2024-03-22 21:06:45,607 - __main__ - INFO - !!!!开始抢!!!!
2024-03-22 21:06:45,607 - __main__ - INFO - 当前体育馆0
2024-03-22 21:06:45,736 - __main__ - INFO - 当前体育馆0空闲:0
2024-03-22 21:06:45,736 - __main__ - INFO - 当前体育馆1
2024-03-22 21:06:45,849 - __main__ - INFO - 当前体育馆1空闲:0
2024-03-22 21:06:45,849 - __main__ - INFO - 当前体育馆2
2024-03-22 21:06:45,948 - __main__ - INFO - 当前体育馆2空闲:0
2024-03-22 21:06:45,948 - __main__ - INFO - 无空闲场地
2024-03-22 21:07:04,412 - __main__ - INFO - ######################
2024-03-22 21:07:06,296 - __main__ - INFO - !!!!开始抢!!!!
2024-03-22 21:07:06,296 - __main__ - INFO - 当前体育馆0
2024-03-22 21:07:06,440 - __main__ - INFO - 当前体育馆0空闲:0
2024-03-22 21:07:06,440 - __main__ - INFO - 当前体育馆1
2024-03-22 21:07:06,560 - __main__ - INFO - 当前体育馆1空闲:0
2024-03-22 21:07:06,560 - __main__ - INFO - 当前体育馆2
2024-03-22 21:07:06,663 - __main__ - INFO - 当前体育馆2空闲:0
2024-03-22 21:07:06,663 - __main__ - INFO - 无空闲场地
2024-03-22 21:11:18,833 - __main__ - INFO - ######################
2024-03-23 07:59:55,978 - __main__ - INFO - ######################
2024-03-23 07:59:58,352 - __main__ - INFO - !!!!开始抢!!!!
2024-03-23 07:59:58,352 - __main__ - INFO - 当前体育馆0
2024-03-23 07:59:58,482 - __main__ - INFO - 当前体育馆0空闲:0
2024-03-23 07:59:58,482 - __main__ - INFO - 当前体育馆1
2024-03-23 07:59:58,617 - __main__ - INFO - 当前体育馆1空闲:5
2024-03-23 07:59:58,750 - __main__ - INFO - 选择场地成功
2024-03-23 07:59:59,425 - __main__ - INFO - 已输入验证码
2024-03-23 08:19:28,141 - __main__ - INFO - ######################
2024-03-23 08:19:30,042 - __main__ - INFO - !!!!开始抢!!!!
2024-03-23 08:19:30,042 - __main__ - INFO - 当前体育馆0
2024-03-23 08:19:30,166 - __main__ - INFO - 当前体育馆0空闲:0
2024-03-23 08:19:30,166 - __main__ - INFO - 当前体育馆1
2024-03-23 08:19:30,284 - __main__ - INFO - 当前体育馆1空闲:0
2024-03-23 08:19:30,284 - __main__ - INFO - 当前体育馆2
2024-03-23 08:19:30,378 - __main__ - INFO - 当前体育馆2空闲:0
2024-03-23 08:19:30,378 - __main__ - INFO - 无空闲场地
2024-03-23 08:19:57,057 - __main__ - INFO - ######################
2024-03-23 08:19:58,922 - __main__ - INFO - !!!!开始抢!!!!
2024-03-23 08:19:58,922 - __main__ - INFO - 当前体育馆0
2024-03-23 08:19:59,087 - __main__ - INFO - 当前体育馆0空闲:1
2024-03-23 08:19:59,217 - __main__ - INFO - 选择场地成功
2024-03-23 08:19:59,892 - __main__ - INFO - 已输入验证码
[CRITICAL]2024-03-23 08:35:51,157 log.py:22: get logger
[CRITICAL]2024-03-23 08:35:54,796 log.py:22: get logger
[INFO]2024-03-23 08:35:54,796 main.py:42: ######################
[INFO]2024-03-23 08:35:56,699 main.py:63: !!!!开始抢!!!!
[INFO]2024-03-23 08:35:56,699 main.py:66: 当前体育馆0
[INFO]2024-03-23 08:35:56,872 main.py:71: 当前体育馆0空闲:0
[INFO]2024-03-23 08:35:56,872 main.py:66: 当前体育馆1
[INFO]2024-03-23 08:35:57,022 main.py:71: 当前体育馆1空闲:7
[INFO]2024-03-23 08:35:57,161 main.py:77: 选择场地成功
[INFO]2024-03-23 08:35:57,765 main.py:85: 已输入验证码
[CRITICAL]2024-03-23 08:42:16,281 log.py:22: get logger
[CRITICAL]2024-03-23 08:42:19,898 log.py:22: get logger
[INFO]2024-03-23 08:42:19,898 main.py:42: ######################
[INFO]2024-03-23 08:42:21,894 main.py:63: !!!!开始抢!!!!
[INFO]2024-03-23 08:42:21,894 main.py:66: 当前体育馆0
[INFO]2024-03-23 08:42:22,062 main.py:71: 当前体育馆0空闲:0
[INFO]2024-03-23 08:42:22,062 main.py:66: 当前体育馆1
[INFO]2024-03-23 08:42:22,233 main.py:71: 当前体育馆1空闲:7
[INFO]2024-03-23 08:42:22,363 main.py:77: 选择场地成功
[INFO]2024-03-23 08:42:23,038 main.py:86: 已输入验证码
[CRITICAL]2024-03-23 08:43:14,889 log.py:22: get logger
[CRITICAL]2024-03-23 08:43:18,520 log.py:22: get logger
[INFO]2024-03-23 08:43:18,520 main.py:42: ######################
[INFO]2024-03-23 08:43:20,492 main.py:63: !!!!开始抢!!!!
[INFO]2024-03-23 08:43:20,492 main.py:66: 当前体育馆0
[INFO]2024-03-23 08:43:20,655 main.py:71: 当前体育馆0空闲:0
[INFO]2024-03-23 08:43:20,655 main.py:66: 当前体育馆1
[INFO]2024-03-23 08:43:20,810 main.py:71: 当前体育馆1空闲:7
[INFO]2024-03-23 08:43:20,941 main.py:77: 选择场地成功
[INFO]2024-03-23 08:43:21,564 main.py:86: 已输入验证码
[INFO]2024-03-23 08:43:21,768 main.py:92: 预定成功
[CRITICAL]2024-03-23 08:44:33,521 log.py:22: get logger
[CRITICAL]2024-03-23 08:44:37,130 log.py:22: get logger
[INFO]2024-03-23 08:44:37,130 main.py:42: ######################
[INFO]2024-03-23 08:44:39,057 main.py:63: !!!!开始抢!!!!
[INFO]2024-03-23 08:44:39,057 main.py:66: 当前体育馆0
[INFO]2024-03-23 08:44:39,260 main.py:71: 当前体育馆0空闲:0
[INFO]2024-03-23 08:44:39,260 main.py:66: 当前体育馆1
[INFO]2024-03-23 08:44:39,413 main.py:71: 当前体育馆1空闲:7
[INFO]2024-03-23 08:44:39,532 main.py:77: 选择场地成功
[INFO]2024-03-23 08:44:40,178 main.py:86: 已输入验证码
[INFO]2024-03-23 08:44:40,381 main.py:92: 预定成功
[CRITICAL]2024-03-23 08:47:05,602 log.py:22: get logger
[CRITICAL]2024-03-23 08:47:09,223 log.py:22: get logger
[INFO]2024-03-23 08:47:09,223 main.py:42: ######################
[INFO]2024-03-23 08:47:11,180 main.py:63: !!!!开始抢!!!!
[INFO]2024-03-23 08:47:11,180 main.py:66: 当前体育馆0
[INFO]2024-03-23 08:47:11,342 function.py:46: 获取空闲表格成功
[INFO]2024-03-23 08:47:11,342 main.py:71: 当前体育馆0空闲:0
[INFO]2024-03-23 08:47:11,342 main.py:66: 当前体育馆1
[INFO]2024-03-23 08:47:11,493 function.py:46: 获取空闲表格成功
[INFO]2024-03-23 08:47:11,493 main.py:71: 当前体育馆1空闲:7
[INFO]2024-03-23 08:47:11,614 main.py:77: 选择场地成功
[INFO]2024-03-23 08:47:11,912 function.py:21: 验证码处理成功：返回结果i
[INFO]2024-03-23 08:47:12,014 function.py:21: 验证码处理成功：返回结果O
[INFO]2024-03-23 08:47:12,110 function.py:21: 验证码处理成功：返回结果QJJJj
[INFO]2024-03-23 08:47:12,215 function.py:21: 验证码处理成功：返回结果nwBQ
[INFO]2024-03-23 08:47:12,268 main.py:86: 已输入验证码
[INFO]2024-03-23 08:47:12,480 main.py:92: 预定成功
[CRITICAL]2024-03-23 08:48:22,024 log.py:22: get logger
[CRITICAL]2024-03-23 08:48:25,646 log.py:22: get logger
[INFO]2024-03-23 08:48:25,646 main.py:42: ######################
[INFO]2024-03-23 08:48:27,530 main.py:63: !!!!开始抢!!!!
[INFO]2024-03-23 08:48:27,530 main.py:66: 当前体育馆0
[INFO]2024-03-23 08:48:27,691 function.py:46: 获取空闲表格成功
[INFO]2024-03-23 08:48:27,691 main.py:71: 当前体育馆0空闲:0
[INFO]2024-03-23 08:48:27,691 main.py:66: 当前体育馆1
[INFO]2024-03-23 08:48:27,846 function.py:46: 获取空闲表格成功
[INFO]2024-03-23 08:48:27,846 main.py:71: 当前体育馆1空闲:7
[INFO]2024-03-23 08:48:27,967 main.py:77: 选择场地成功
[INFO]2024-03-23 08:48:28,250 function.py:21: 验证码处理成功：返回结果U
[INFO]2024-03-23 08:48:28,354 function.py:21: 验证码处理成功：返回结果R
[INFO]2024-03-23 08:48:28,450 function.py:21: 验证码处理成功：返回结果kkAA
[INFO]2024-03-23 08:48:28,514 main.py:86: 已输入验证码
[INFO]2024-03-23 08:48:28,716 main.py:92: 预定成功
[CRITICAL]2024-03-23 08:50:11,789 log.py:22: get logger
[CRITICAL]2024-03-23 08:50:15,383 log.py:22: get logger
[INFO]2024-03-23 08:50:15,384 main.py:42: ######################
[INFO]2024-03-23 08:50:17,299 main.py:63: !!!!开始抢!!!!
[INFO]2024-03-23 08:50:17,299 main.py:66: 当前体育馆0
[INFO]2024-03-23 08:50:17,456 function.py:46: 获取空闲表格成功
[INFO]2024-03-23 08:50:17,456 main.py:71: 当前体育馆0空闲:0
[INFO]2024-03-23 08:50:17,456 main.py:66: 当前体育馆1
[INFO]2024-03-23 08:50:17,613 function.py:46: 获取空闲表格成功
[INFO]2024-03-23 08:50:17,613 main.py:71: 当前体育馆1空闲:7
[INFO]2024-03-23 08:50:17,739 main.py:77: 选择场地成功
[INFO]2024-03-23 08:50:18,038 function.py:21: 验证码处理成功：返回结果i
[INFO]2024-03-23 08:50:18,109 main.py:87: 已输入验证码
[INFO]2024-03-23 08:50:18,313 main.py:93: 预定成功
[CRITICAL]2024-03-23 08:50:23,731 log.py:22: get logger
[CRITICAL]2024-03-23 08:50:27,300 log.py:22: get logger
[INFO]2024-03-23 08:50:27,300 main.py:42: ######################
[INFO]2024-03-23 08:50:29,169 main.py:63: !!!!开始抢!!!!
[INFO]2024-03-23 08:50:29,170 main.py:66: 当前体育馆0
[INFO]2024-03-23 08:50:29,354 function.py:46: 获取空闲表格成功
[INFO]2024-03-23 08:50:29,354 main.py:71: 当前体育馆0空闲:0
[INFO]2024-03-23 08:50:29,354 main.py:66: 当前体育馆1
[INFO]2024-03-23 08:50:29,535 function.py:46: 获取空闲表格成功
[INFO]2024-03-23 08:50:29,535 main.py:71: 当前体育馆1空闲:7
[INFO]2024-03-23 08:50:29,657 main.py:77: 选择场地成功
[INFO]2024-03-23 08:50:29,951 function.py:21: 验证码处理成功：返回结果kkI
[INFO]2024-03-23 08:50:47,340 main.py:87: 已输入验证码
[INFO]2024-03-23 08:51:22,743 main.py:93: 预定成功
[CRITICAL]2024-03-23 08:53:07,678 log.py:22: get logger
[CRITICAL]2024-03-23 08:53:11,331 log.py:22: get logger
[INFO]2024-03-23 08:53:11,332 main.py:42: ######################
[INFO]2024-03-23 08:53:13,195 main.py:63: !!!!开始抢!!!!
[INFO]2024-03-23 08:53:13,195 main.py:66: 当前体育馆0
[INFO]2024-03-23 08:53:13,384 function.py:46: 获取空闲表格成功
[INFO]2024-03-23 08:53:13,384 main.py:71: 当前体育馆0空闲:0
[INFO]2024-03-23 08:53:13,384 main.py:66: 当前体育馆1
[INFO]2024-03-23 08:53:13,578 function.py:46: 获取空闲表格成功
[INFO]2024-03-23 08:53:13,578 main.py:71: 当前体育馆1空闲:7
[INFO]2024-03-23 08:53:13,717 main.py:77: 选择场地成功
[INFO]2024-03-23 08:53:14,016 function.py:21: 验证码处理成功：返回结果i
[INFO]2024-03-23 08:53:14,074 main.py:86: 已输入验证码
[CRITICAL]2024-03-23 08:54:12,643 log.py:22: get logger
[CRITICAL]2024-03-23 08:54:16,274 log.py:22: get logger
[INFO]2024-03-23 08:54:16,274 main.py:42: ######################
[INFO]2024-03-23 08:54:18,236 main.py:63: !!!!开始抢!!!!
[INFO]2024-03-23 08:54:18,236 main.py:66: 当前体育馆0
[INFO]2024-03-23 08:54:18,414 function.py:46: 获取空闲表格成功
[INFO]2024-03-23 08:54:18,414 main.py:71: 当前体育馆0空闲:0
[INFO]2024-03-23 08:54:18,414 main.py:66: 当前体育馆1
[INFO]2024-03-23 08:54:18,586 function.py:46: 获取空闲表格成功
[INFO]2024-03-23 08:54:18,586 main.py:71: 当前体育馆1空闲:7
[INFO]2024-03-23 08:54:18,705 main.py:77: 选择场地成功
[INFO]2024-03-23 08:54:19,009 function.py:21: 验证码处理成功：返回结果i
[INFO]2024-03-23 08:54:19,075 main.py:86: 已输入验证码
[INFO]2024-03-23 08:54:53,386 function.py:115: 预定成功
[CRITICAL]2024-03-23 08:54:58,852 log.py:22: get logger
[CRITICAL]2024-03-23 08:55:02,464 log.py:22: get logger
[INFO]2024-03-23 08:55:02,464 main.py:42: ######################
[INFO]2024-03-23 08:55:04,394 main.py:63: !!!!开始抢!!!!
[INFO]2024-03-23 08:55:04,394 main.py:66: 当前体育馆0
[INFO]2024-03-23 08:55:04,576 function.py:46: 获取空闲表格成功
[INFO]2024-03-23 08:55:04,576 main.py:71: 当前体育馆0空闲:0
[INFO]2024-03-23 08:55:04,576 main.py:66: 当前体育馆1
[INFO]2024-03-23 08:55:04,764 function.py:46: 获取空闲表格成功
[INFO]2024-03-23 08:55:04,764 main.py:71: 当前体育馆1空闲:7
[INFO]2024-03-23 08:55:04,888 main.py:77: 选择场地成功
[INFO]2024-03-23 08:55:05,184 function.py:21: 验证码处理成功：返回结果U
[INFO]2024-03-23 08:55:05,254 main.py:86: 已输入验证码
[CRITICAL]2024-03-23 08:57:09,290 log.py:22: get logger
[CRITICAL]2024-03-23 08:57:12,946 log.py:22: get logger
[INFO]2024-03-23 08:57:12,947 main.py:42: ######################
[INFO]2024-03-23 08:57:14,880 main.py:63: !!!!开始抢!!!!
[INFO]2024-03-23 08:57:14,880 main.py:66: 当前体育馆0
[INFO]2024-03-23 08:57:15,084 function.py:46: 获取空闲表格成功
[INFO]2024-03-23 08:57:15,085 main.py:71: 当前体育馆0空闲:0
[INFO]2024-03-23 08:57:15,085 main.py:66: 当前体育馆1
[INFO]2024-03-23 08:57:15,259 function.py:46: 获取空闲表格成功
[INFO]2024-03-23 08:57:15,259 main.py:71: 当前体育馆1空闲:7
[INFO]2024-03-23 08:57:15,400 main.py:77: 选择场地成功
[INFO]2024-03-23 08:57:15,698 function.py:21: 验证码处理成功：返回结果U
[INFO]2024-03-23 08:57:15,765 main.py:86: 已输入验证码
[INFO]2024-03-23 08:57:23,726 function.py:102: 预约验证码错误
[CRITICAL]2024-03-23 08:57:37,382 log.py:22: get logger
[CRITICAL]2024-03-23 08:57:40,983 log.py:22: get logger
[INFO]2024-03-23 08:57:40,983 main.py:42: ######################
[INFO]2024-03-23 08:57:43,257 main.py:63: !!!!开始抢!!!!
[INFO]2024-03-23 08:57:43,257 main.py:66: 当前体育馆0
[INFO]2024-03-23 08:57:43,417 function.py:46: 获取空闲表格成功
[INFO]2024-03-23 08:57:43,417 main.py:71: 当前体育馆0空闲:0
[INFO]2024-03-23 08:57:43,418 main.py:66: 当前体育馆1
[INFO]2024-03-23 08:57:43,574 function.py:46: 获取空闲表格成功
[INFO]2024-03-23 08:57:43,574 main.py:71: 当前体育馆1空闲:7
[INFO]2024-03-23 08:57:43,699 main.py:77: 选择场地成功
[INFO]2024-03-23 08:57:44,012 function.py:21: 验证码处理成功：返回结果W
[INFO]2024-03-23 08:57:44,083 main.py:86: 已输入验证码
[INFO]2024-03-23 08:57:44,294 function.py:102: 预约验证码错误
[INFO]2024-03-23 08:57:44,521 function.py:46: 获取空闲表格成功
[INFO]2024-03-23 08:57:44,521 main.py:71: 当前体育馆1空闲:7
[INFO]2024-03-23 08:57:44,626 main.py:77: 选择场地成功
[INFO]2024-03-23 08:57:44,898 function.py:21: 验证码处理成功：返回结果U
[INFO]2024-03-23 08:57:44,956 main.py:86: 已输入验证码
[INFO]2024-03-23 08:57:45,170 function.py:114: 其他错误
[INFO]2024-03-23 08:57:45,397 function.py:46: 获取空闲表格成功
[INFO]2024-03-23 08:57:45,397 main.py:71: 当前体育馆1空闲:7
[INFO]2024-03-23 08:57:45,498 main.py:77: 选择场地成功
[INFO]2024-03-23 08:57:45,784 function.py:21: 验证码处理成功：返回结果U
[INFO]2024-03-23 08:57:45,842 main.py:86: 已输入验证码
[INFO]2024-03-23 08:57:46,051 function.py:114: 其他错误
[INFO]2024-03-23 08:57:46,275 function.py:46: 获取空闲表格成功
[INFO]2024-03-23 08:57:46,275 main.py:71: 当前体育馆1空闲:7
[INFO]2024-03-23 08:57:46,381 main.py:77: 选择场地成功
[INFO]2024-03-23 08:57:46,660 function.py:21: 验证码处理成功：返回结果kkI
[INFO]2024-03-23 08:57:46,717 main.py:86: 已输入验证码
[INFO]2024-03-23 08:57:46,931 function.py:114: 其他错误
[INFO]2024-03-23 08:57:47,167 function.py:46: 获取空闲表格成功
[INFO]2024-03-23 08:57:47,167 main.py:71: 当前体育馆1空闲:7
[INFO]2024-03-23 08:57:47,270 main.py:77: 选择场地成功
[INFO]2024-03-23 08:57:47,576 function.py:21: 验证码处理成功：返回结果i
[INFO]2024-03-23 08:57:47,632 main.py:86: 已输入验证码
[INFO]2024-03-23 08:57:47,833 function.py:118: 预定成功
[CRITICAL]2024-03-23 08:59:45,820 log.py:22: get logger
[CRITICAL]2024-03-23 08:59:49,396 log.py:22: get logger
[INFO]2024-03-23 08:59:49,396 main.py:42: ######################
[INFO]2024-03-23 08:59:51,294 main.py:63: !!!!开始抢!!!!
[INFO]2024-03-23 08:59:51,294 main.py:66: 当前体育馆0
[INFO]2024-03-23 08:59:51,451 function.py:46: 获取空闲表格成功
[INFO]2024-03-23 08:59:51,451 main.py:71: 当前体育馆0空闲:0
[INFO]2024-03-23 08:59:51,451 main.py:66: 当前体育馆1
[INFO]2024-03-23 08:59:51,604 function.py:46: 获取空闲表格成功
[INFO]2024-03-23 08:59:51,605 main.py:71: 当前体育馆1空闲:7
[INFO]2024-03-23 08:59:51,733 main.py:77: 选择场地成功
[INFO]2024-03-23 08:59:52,027 function.py:21: 验证码处理成功：返回结果kkI
[INFO]2024-03-23 08:59:52,133 function.py:21: 验证码处理成功：返回结果R
[INFO]2024-03-23 08:59:52,232 function.py:21: 验证码处理成功：返回结果j
[INFO]2024-03-23 08:59:52,351 function.py:21: 验证码处理成功：返回结果B7R
[INFO]2024-03-23 08:59:52,460 function.py:21: 验证码处理成功：返回结果iL1c
[INFO]2024-03-23 08:59:52,512 main.py:85: 已输入验证码
[INFO]2024-03-23 08:59:52,724 function.py:102: 预约验证码错误
[INFO]2024-03-23 08:59:52,964 function.py:46: 获取空闲表格成功
[INFO]2024-03-23 08:59:52,964 main.py:71: 当前体育馆1空闲:7
[INFO]2024-03-23 08:59:53,071 main.py:77: 选择场地成功
[INFO]2024-03-23 08:59:53,362 function.py:21: 验证码处理成功：返回结果U
[INFO]2024-03-23 08:59:53,466 function.py:21: 验证码处理成功：返回结果U
[INFO]2024-03-23 08:59:53,560 function.py:21: 验证码处理成功：返回结果xkJLjjL
[INFO]2024-03-23 08:59:53,649 function.py:21: 验证码处理成功：返回结果kHiE
[INFO]2024-03-23 08:59:53,697 main.py:85: 已输入验证码
[INFO]2024-03-23 08:59:53,902 function.py:102: 预约验证码错误
[INFO]2024-03-23 08:59:54,147 function.py:46: 获取空闲表格成功
[INFO]2024-03-23 08:59:54,147 main.py:71: 当前体育馆1空闲:7
[INFO]2024-03-23 08:59:54,269 main.py:77: 选择场地成功
[INFO]2024-03-23 08:59:54,568 function.py:21: 验证码处理成功：返回结果kkA
[INFO]2024-03-23 08:59:54,671 function.py:21: 验证码处理成功：返回结果U
[INFO]2024-03-23 08:59:54,780 function.py:21: 验证码处理成功：返回结果kJLj
[INFO]2024-03-23 08:59:54,832 main.py:85: 已输入验证码
[INFO]2024-03-23 08:59:55,035 function.py:102: 预约验证码错误
[INFO]2024-03-23 08:59:55,280 function.py:46: 获取空闲表格成功
[INFO]2024-03-23 08:59:55,280 main.py:71: 当前体育馆1空闲:7
[INFO]2024-03-23 08:59:55,386 main.py:77: 选择场地成功
[INFO]2024-03-23 08:59:55,669 function.py:21: 验证码处理成功：返回结果kkI
[INFO]2024-03-23 08:59:55,778 function.py:21: 验证码处理成功：返回结果N
[INFO]2024-03-23 08:59:55,883 function.py:21: 验证码处理成功：返回结果jj
[INFO]2024-03-23 08:59:55,990 function.py:21: 验证码处理成功：返回结果3KWv
[INFO]2024-03-23 08:59:56,033 main.py:85: 已输入验证码
[INFO]2024-03-23 08:59:56,245 function.py:102: 预约验证码错误
[INFO]2024-03-23 08:59:56,474 function.py:46: 获取空闲表格成功
[INFO]2024-03-23 08:59:56,474 main.py:71: 当前体育馆1空闲:7
[INFO]2024-03-23 08:59:56,603 main.py:77: 选择场地成功
[INFO]2024-03-23 08:59:56,895 function.py:21: 验证码处理成功：返回结果U
[INFO]2024-03-23 08:59:56,995 function.py:21: 验证码处理成功：返回结果R
[INFO]2024-03-23 08:59:57,086 function.py:21: 验证码处理成功：返回结果jjJ
[INFO]2024-03-23 08:59:57,188 function.py:21: 验证码处理成功：返回结果dykb
[INFO]2024-03-23 08:59:57,227 main.py:85: 已输入验证码
[INFO]2024-03-23 08:59:57,442 function.py:102: 预约验证码错误
[INFO]2024-03-23 08:59:57,678 function.py:46: 获取空闲表格成功
[INFO]2024-03-23 08:59:57,678 main.py:71: 当前体育馆1空闲:7
[INFO]2024-03-23 08:59:57,787 main.py:77: 选择场地成功
[INFO]2024-03-23 08:59:58,097 function.py:21: 验证码处理成功：返回结果kkA
[INFO]2024-03-23 08:59:58,198 function.py:21: 验证码处理成功：返回结果K
[INFO]2024-03-23 08:59:58,303 function.py:21: 验证码处理成功：返回结果QJjj
[INFO]2024-03-23 08:59:58,353 main.py:85: 已输入验证码
[INFO]2024-03-23 08:59:58,560 function.py:102: 预约验证码错误
[INFO]2024-03-23 08:59:58,844 function.py:46: 获取空闲表格成功
[INFO]2024-03-23 08:59:58,844 main.py:71: 当前体育馆1空闲:7
[INFO]2024-03-23 08:59:58,968 main.py:77: 选择场地成功
[INFO]2024-03-23 08:59:59,263 function.py:21: 验证码处理成功：返回结果U
[INFO]2024-03-23 08:59:59,386 function.py:21: 验证码处理成功：返回结果O
[INFO]2024-03-23 08:59:59,498 function.py:21: 验证码处理成功：返回结果Nykg
[INFO]2024-03-23 08:59:59,558 main.py:85: 已输入验证码
[INFO]2024-03-23 08:59:59,769 function.py:102: 预约验证码错误
[INFO]2024-03-23 09:00:00,035 function.py:46: 获取空闲表格成功
[INFO]2024-03-23 09:00:00,035 main.py:71: 当前体育馆1空闲:7
[INFO]2024-03-23 09:00:00,159 main.py:77: 选择场地成功
[INFO]2024-03-23 09:00:00,456 function.py:21: 验证码处理成功：返回结果6
[INFO]2024-03-23 09:00:00,570 function.py:21: 验证码处理成功：返回结果U
[INFO]2024-03-23 09:00:00,713 function.py:21: 验证码处理成功：返回结果kgs
[INFO]2024-03-23 09:00:00,834 function.py:21: 验证码处理成功：返回结果5AYA
[INFO]2024-03-23 09:00:00,885 main.py:85: 已输入验证码
[INFO]2024-03-23 09:00:01,091 function.py:118: 预定成功
[CRITICAL]2024-03-23 09:01:56,918 log.py:22: get logger
[CRITICAL]2024-03-23 09:02:00,532 log.py:22: get logger
[INFO]2024-03-23 09:02:00,532 main.py:42: ######################
[INFO]2024-03-23 09:02:02,425 main.py:63: !!!!开始抢!!!!
[INFO]2024-03-23 09:02:02,425 main.py:66: 当前体育馆0
[INFO]2024-03-23 09:02:02,587 function.py:46: 获取空闲表格成功
[INFO]2024-03-23 09:02:02,587 main.py:71: 当前体育馆0空闲:0
[INFO]2024-03-23 09:02:02,587 main.py:66: 当前体育馆1
[INFO]2024-03-23 09:02:02,742 function.py:46: 获取空闲表格成功
[INFO]2024-03-23 09:02:02,742 main.py:71: 当前体育馆1空闲:7
[INFO]2024-03-23 09:02:02,863 main.py:77: 选择场地成功
[INFO]2024-03-23 09:02:03,156 function.py:21: 验证码处理成功：返回结果kkI
[INFO]2024-03-23 09:02:03,260 function.py:21: 验证码处理成功：返回结果U
[INFO]2024-03-23 09:02:03,367 function.py:21: 验证码处理成功：返回结果kkjAA
[INFO]2024-03-23 09:02:03,481 function.py:21: 验证码处理成功：返回结果h2Yu
[INFO]2024-03-23 09:02:03,532 main.py:85: 已输入验证码
[INFO]2024-03-23 09:02:03,742 function.py:117: 预定成功
[CRITICAL]2024-03-23 09:10:36,015 log.py:22: get logger
[CRITICAL]2024-03-23 09:10:39,570 log.py:22: get logger
[INFO]2024-03-23 09:10:39,570 main.py:42: ######################
[INFO]2024-03-23 09:10:41,523 main.py:63: !!!!开始抢!!!!
[INFO]2024-03-23 09:10:41,524 main.py:66: 当前体育馆0
[INFO]2024-03-23 09:10:41,691 function.py:46: 获取空闲表格成功
[INFO]2024-03-23 09:10:41,691 main.py:71: 当前体育馆0空闲:0
[INFO]2024-03-23 09:10:41,691 main.py:66: 当前体育馆1
[INFO]2024-03-23 09:10:41,847 function.py:46: 获取空闲表格成功
[INFO]2024-03-23 09:10:41,847 main.py:71: 当前体育馆1空闲:7
[INFO]2024-03-23 09:10:41,982 main.py:77: 选择场地成功
[INFO]2024-03-23 09:10:42,303 function.py:21: 验证码处理成功：返回结果W
[INFO]2024-03-23 09:10:42,429 function.py:21: 验证码处理成功：返回结果WT
[INFO]2024-03-23 09:10:42,549 function.py:21: 验证码处理成功：返回结果sOmZ
[INFO]2024-03-23 09:10:42,616 main.py:85: 已输入验证码
[INFO]2024-03-23 09:10:42,833 function.py:117: 预定成功
[CRITICAL]2024-03-25 07:59:52,563 log.py:22: get logger
[CRITICAL]2024-03-25 07:59:56,150 log.py:22: get logger
[INFO]2024-03-25 07:59:56,150 main.py:42: ######################
[INFO]2024-03-25 07:59:58,313 main.py:63: !!!!开始抢!!!!
[INFO]2024-03-25 07:59:58,313 main.py:66: 当前体育馆0
[INFO]2024-03-25 07:59:58,484 function.py:46: 获取空闲表格成功
[INFO]2024-03-25 07:59:58,484 main.py:71: 当前体育馆0空闲:6
[INFO]2024-03-25 07:59:58,614 main.py:77: 选择场地成功
[CRITICAL]2024-03-25 09:33:21,202 log.py:22: get logger
[CRITICAL]2024-03-25 09:33:24,823 log.py:22: get logger
[INFO]2024-03-25 09:33:24,823 main.py:42: ######################
[INFO]2024-03-25 09:33:26,694 main.py:63: !!!!开始抢!!!!
[INFO]2024-03-25 09:33:26,694 main.py:66: 当前体育馆0
[INFO]2024-03-25 09:33:26,853 function.py:46: 获取空闲表格成功
[INFO]2024-03-25 09:33:26,853 main.py:71: 当前体育馆0空闲:0
[INFO]2024-03-25 09:33:26,853 main.py:66: 当前体育馆1
[INFO]2024-03-25 09:33:27,025 function.py:46: 获取空闲表格成功
[INFO]2024-03-25 09:33:27,026 main.py:71: 当前体育馆1空闲:1
[INFO]2024-03-25 09:33:27,169 main.py:77: 选择场地成功
[INFO]2024-03-25 09:33:27,474 function.py:21: 验证码处理成功：返回结果i
[INFO]2024-03-25 09:33:27,572 function.py:21: 验证码处理成功：返回结果O
[INFO]2024-03-25 09:33:27,677 function.py:21: 验证码处理成功：返回结果kyyL
[INFO]2024-03-25 09:33:27,746 main.py:85: 已输入验证码
[INFO]2024-03-25 09:33:27,956 function.py:101: 预约验证码错误
[INFO]2024-03-25 09:33:28,173 function.py:46: 获取空闲表格成功
[INFO]2024-03-25 09:33:28,173 main.py:71: 当前体育馆1空闲:1
[INFO]2024-03-25 09:33:28,284 main.py:77: 选择场地成功
[INFO]2024-03-25 09:33:28,569 function.py:21: 验证码处理成功：返回结果6
[INFO]2024-03-25 09:33:28,679 function.py:21: 验证码处理成功：返回结果U
[INFO]2024-03-25 09:33:28,783 function.py:21: 验证码处理成功：返回结果kkAA
[INFO]2024-03-25 09:33:28,843 main.py:85: 已输入验证码
[INFO]2024-03-25 09:33:29,056 function.py:101: 预约验证码错误
[INFO]2024-03-25 09:33:29,275 function.py:46: 获取空闲表格成功
[INFO]2024-03-25 09:33:29,276 main.py:71: 当前体育馆1空闲:1
[INFO]2024-03-25 09:33:29,388 main.py:77: 选择场地成功
[INFO]2024-03-25 09:33:29,686 function.py:21: 验证码处理成功：返回结果kkl
[INFO]2024-03-25 09:33:29,791 function.py:21: 验证码处理成功：返回结果R
[INFO]2024-03-25 09:33:29,890 function.py:21: 验证码处理成功：返回结果kJjLj
[INFO]2024-03-25 09:33:29,997 function.py:21: 验证码处理成功：返回结果5qWj
[INFO]2024-03-25 09:33:30,042 main.py:85: 已输入验证码
[INFO]2024-03-25 09:33:30,247 function.py:117: 预定成功
[CRITICAL]2024-03-25 09:39:56,582 log.py:22: get logger
[CRITICAL]2024-03-25 09:40:00,191 log.py:22: get logger
[INFO]2024-03-25 09:40:00,191 main.py:42: ######################
[INFO]2024-03-25 09:40:02,361 main.py:63: !!!!开始抢!!!!
[INFO]2024-03-25 09:40:02,361 main.py:66: 当前体育馆0
[INFO]2024-03-25 09:40:02,522 function.py:46: 获取空闲表格成功
[INFO]2024-03-25 09:40:02,523 main.py:71: 当前体育馆0空闲:0
[INFO]2024-03-25 09:40:02,523 main.py:66: 当前体育馆1
[INFO]2024-03-25 09:40:02,660 function.py:46: 获取空闲表格成功
[INFO]2024-03-25 09:40:02,660 main.py:71: 当前体育馆1空闲:0
[INFO]2024-03-25 09:40:02,660 main.py:66: 当前体育馆2
[INFO]2024-03-25 09:40:02,780 function.py:46: 获取空闲表格成功
[INFO]2024-03-25 09:40:02,780 main.py:71: 当前体育馆2空闲:0
[INFO]2024-03-25 09:40:02,780 main.py:98: 无空闲场地
[CRITICAL]2024-03-26 07:59:51,907 log.py:22: get logger
[CRITICAL]2024-03-26 07:59:55,570 log.py:22: get logger
[INFO]2024-03-26 07:59:55,570 main.py:42: ######################
[INFO]2024-03-26 07:59:58,143 main.py:63: !!!!开始抢!!!!
[INFO]2024-03-26 07:59:58,143 main.py:66: 当前体育馆0
[INFO]2024-03-26 07:59:58,301 function.py:46: 获取空闲表格成功
[INFO]2024-03-26 07:59:58,302 main.py:71: 当前体育馆0空闲:1
[INFO]2024-03-26 07:59:58,441 main.py:77: 选择场地成功
[INFO]2024-03-26 07:59:58,843 function.py:21: 验证码处理成功：返回结果K
[INFO]2024-03-26 07:59:58,867 main.py:83: 切换验证码
[INFO]2024-03-26 07:59:58,942 function.py:21: 验证码处理成功：返回结果jkjJg
[INFO]2024-03-26 07:59:58,965 main.py:83: 切换验证码
[INFO]2024-03-26 07:59:59,031 function.py:21: 验证码处理成功：返回结果6LiA
[INFO]2024-03-26 07:59:59,083 main.py:86: 已输入验证码
[INFO]2024-03-26 07:59:59,393 function.py:117: 预定成功
[INFO]2024-03-26 07:59:59,393 main.py:94: 验证码正确
[CRITICAL]2024-03-30 07:59:52,663 log.py:22: get logger
[CRITICAL]2024-03-30 07:59:54,302 log.py:22: get logger
[INFO]2024-03-30 07:59:54,302 main.py:42: ######################
[INFO]2024-03-30 07:59:56,668 main.py:63: !!!!开始抢!!!!
[INFO]2024-03-30 07:59:56,668 main.py:66: 当前体育馆0
[INFO]2024-03-30 07:59:56,846 function.py:46: 获取空闲表格成功
[INFO]2024-03-30 07:59:56,846 main.py:71: 当前体育馆0空闲:5
[INFO]2024-03-30 07:59:56,991 main.py:77: 选择场地成功
[INFO]2024-03-30 07:59:57,435 function.py:21: 验证码处理成功：返回结果5
[INFO]2024-03-30 07:59:57,457 main.py:83: 切换验证码
[INFO]2024-03-30 07:59:57,553 function.py:21: 验证码处理成功：返回结果ULAQ
[INFO]2024-03-30 07:59:57,605 main.py:86: 已输入验证码
[INFO]2024-03-30 07:59:57,921 function.py:101: 预约验证码错误
[INFO]2024-03-30 07:59:58,197 function.py:46: 获取空闲表格成功
[INFO]2024-03-30 07:59:58,197 main.py:71: 当前体育馆0空闲:5
[INFO]2024-03-30 07:59:58,693 main.py:77: 选择场地成功
[INFO]2024-03-30 07:59:59,076 function.py:21: 验证码处理成功：返回结果5
[INFO]2024-03-30 07:59:59,101 main.py:83: 切换验证码
[INFO]2024-03-30 07:59:59,170 function.py:21: 验证码处理成功：返回结果kLjjWj
[INFO]2024-03-30 07:59:59,193 main.py:83: 切换验证码
[INFO]2024-03-30 07:59:59,259 function.py:21: 验证码处理成功：返回结果Fxan
[INFO]2024-03-30 07:59:59,302 main.py:86: 已输入验证码
[INFO]2024-03-30 07:59:59,615 function.py:117: 预定成功
[INFO]2024-03-30 07:59:59,615 main.py:94: 验证码正确
[CRITICAL]2024-03-31 07:59:52,410 log.py:22: get logger
[CRITICAL]2024-03-31 07:59:54,008 log.py:22: get logger
[INFO]2024-03-31 07:59:54,008 main.py:42: ######################
[INFO]2024-03-31 07:59:56,534 main.py:63: !!!!开始抢!!!!
[INFO]2024-03-31 07:59:56,535 main.py:66: 当前体育馆0
[INFO]2024-03-31 07:59:56,702 function.py:46: 获取空闲表格成功
[INFO]2024-03-31 07:59:56,702 main.py:71: 当前体育馆0空闲:6
[INFO]2024-03-31 07:59:56,837 main.py:77: 选择场地成功
[INFO]2024-03-31 07:59:57,260 function.py:21: 验证码处理成功：返回结果K
[INFO]2024-03-31 07:59:57,287 main.py:83: 切换验证码
[INFO]2024-03-31 07:59:57,359 function.py:21: 验证码处理成功：返回结果kjyc
[INFO]2024-03-31 07:59:57,414 main.py:86: 已输入验证码
[INFO]2024-03-31 07:59:57,732 function.py:101: 预约验证码错误
[INFO]2024-03-31 07:59:57,987 function.py:46: 获取空闲表格成功
[INFO]2024-03-31 07:59:57,987 main.py:71: 当前体育馆0空闲:6
[INFO]2024-03-31 07:59:58,100 main.py:77: 选择场地成功
[INFO]2024-03-31 07:59:58,488 function.py:21: 验证码处理成功：返回结果K
[INFO]2024-03-31 07:59:58,513 main.py:83: 切换验证码
[INFO]2024-03-31 07:59:58,586 function.py:21: 验证码处理成功：返回结果tJJjjW
[INFO]2024-03-31 07:59:58,610 main.py:83: 切换验证码
[INFO]2024-03-31 07:59:58,674 function.py:21: 验证码处理成功：返回结果UxkH
[INFO]2024-03-31 07:59:58,716 main.py:86: 已输入验证码
[INFO]2024-03-31 07:59:59,035 function.py:101: 预约验证码错误
[INFO]2024-03-31 07:59:59,299 function.py:46: 获取空闲表格成功
[INFO]2024-03-31 07:59:59,299 main.py:71: 当前体育馆0空闲:6
[INFO]2024-03-31 07:59:59,413 main.py:77: 选择场地成功
[INFO]2024-03-31 07:59:59,817 function.py:21: 验证码处理成功：返回结果K
[INFO]2024-03-31 07:59:59,837 main.py:83: 切换验证码
[INFO]2024-03-31 07:59:59,920 function.py:21: 验证码处理成功：返回结果QJJjL
[INFO]2024-03-31 07:59:59,941 main.py:83: 切换验证码
[INFO]2024-03-31 08:00:00,029 function.py:21: 验证码处理成功：返回结果LahT
[INFO]2024-03-31 08:00:00,067 main.py:86: 已输入验证码
[INFO]2024-03-31 08:00:00,389 function.py:101: 预约验证码错误
[INFO]2024-03-31 08:00:00,656 function.py:46: 获取空闲表格成功
[INFO]2024-03-31 08:00:00,656 main.py:71: 当前体育馆0空闲:6
[INFO]2024-03-31 08:00:01,133 main.py:77: 选择场地成功
[INFO]2024-03-31 08:00:01,520 function.py:21: 验证码处理成功：返回结果5
[INFO]2024-03-31 08:00:01,542 main.py:83: 切换验证码
[INFO]2024-03-31 08:00:01,624 function.py:21: 验证码处理成功：返回结果tjJjjI
[INFO]2024-03-31 08:00:01,645 main.py:83: 切换验证码
[INFO]2024-03-31 08:00:01,730 function.py:21: 验证码处理成功：返回结果Pxl4
[INFO]2024-03-31 08:00:01,770 main.py:86: 已输入验证码
[INFO]2024-03-31 08:00:02,078 function.py:117: 预定成功
[INFO]2024-03-31 08:00:02,079 main.py:94: 验证码正确
[CRITICAL]2024-03-31 20:23:08,312 log.py:22: get logger
[CRITICAL]2024-03-31 20:23:09,573 log.py:22: get logger
[INFO]2024-03-31 20:23:09,573 main.py:42: ######################
[INFO]2024-03-31 20:23:11,750 main.py:63: !!!!开始抢!!!!
[INFO]2024-03-31 20:23:11,750 main.py:66: 当前体育馆0
[INFO]2024-03-31 20:23:11,912 function.py:46: 获取空闲表格成功
[INFO]2024-03-31 20:23:11,912 main.py:71: 当前体育馆0空闲:0
[INFO]2024-03-31 20:23:11,912 main.py:66: 当前体育馆1
[INFO]2024-03-31 20:23:12,056 function.py:46: 获取空闲表格成功
[INFO]2024-03-31 20:23:12,056 main.py:71: 当前体育馆1空闲:2
[INFO]2024-03-31 20:23:12,176 main.py:77: 选择场地成功
[INFO]2024-03-31 20:23:12,596 function.py:21: 验证码处理成功：返回结果R
[INFO]2024-03-31 20:23:12,623 main.py:83: 切换验证码
[INFO]2024-03-31 20:23:12,691 function.py:21: 验证码处理成功：返回结果tyyg
[INFO]2024-03-31 20:23:12,752 main.py:86: 已输入验证码
[INFO]2024-03-31 20:23:13,071 function.py:101: 预约验证码错误
[INFO]2024-03-31 20:23:13,289 function.py:46: 获取空闲表格成功
[INFO]2024-03-31 20:23:13,289 main.py:71: 当前体育馆1空闲:2
[INFO]2024-03-31 20:23:13,399 main.py:77: 选择场地成功
[INFO]2024-03-31 20:23:13,778 function.py:21: 验证码处理成功：返回结果N
[INFO]2024-03-31 20:23:13,809 main.py:83: 切换验证码
[INFO]2024-03-31 20:23:13,872 function.py:21: 验证码处理成功：返回结果jj
[INFO]2024-03-31 20:23:13,901 main.py:83: 切换验证码
[INFO]2024-03-31 20:23:13,966 function.py:21: 验证码处理成功：返回结果Nz7y
[INFO]2024-03-31 20:23:14,018 main.py:86: 已输入验证码
[INFO]2024-03-31 20:23:14,325 function.py:117: 预定成功
[INFO]2024-03-31 20:23:14,325 main.py:94: 验证码正确
[CRITICAL]2024-03-31 20:27:55,526 log.py:22: get logger
[CRITICAL]2024-03-31 20:27:59,125 log.py:22: get logger
[INFO]2024-03-31 20:27:59,125 main.py:42: ######################
[INFO]2024-03-31 20:28:01,276 main.py:63: !!!!开始抢!!!!
[INFO]2024-03-31 20:28:01,276 main.py:66: 当前体育馆0
[INFO]2024-03-31 20:28:01,484 function.py:46: 获取空闲表格成功
[INFO]2024-03-31 20:28:01,484 main.py:71: 当前体育馆0空闲:0
[INFO]2024-03-31 20:28:01,484 main.py:66: 当前体育馆1
[INFO]2024-03-31 20:28:01,633 function.py:46: 获取空闲表格成功
[INFO]2024-03-31 20:28:01,633 main.py:71: 当前体育馆1空闲:2
[INFO]2024-03-31 20:28:01,759 main.py:77: 选择场地成功
[INFO]2024-03-31 20:28:02,159 function.py:21: 验证码处理成功：返回结果U
[INFO]2024-03-31 20:28:02,185 main.py:85: 切换验证码
[INFO]2024-03-31 20:28:02,250 function.py:21: 验证码处理成功：返回结果kJJJj
[INFO]2024-03-31 20:28:02,275 main.py:85: 切换验证码
[INFO]2024-03-31 20:28:02,355 function.py:21: 验证码处理成功：返回结果9U7P
[INFO]2024-03-31 20:28:02,411 main.py:88: 已输入验证码
[INFO]2024-03-31 20:28:02,725 function.py:117: 预定成功
[INFO]2024-03-31 20:28:02,725 main.py:96: 验证码正确
[CRITICAL]2024-03-31 20:28:53,913 log.py:22: get logger
[CRITICAL]2024-03-31 20:28:57,522 log.py:22: get logger
[INFO]2024-03-31 20:28:57,522 main.py:42: ######################
[INFO]2024-03-31 20:28:59,700 main.py:63: !!!!开始抢!!!!
[INFO]2024-03-31 20:28:59,700 main.py:66: 当前体育馆0
[INFO]2024-03-31 20:28:59,871 function.py:46: 获取空闲表格成功
[INFO]2024-03-31 20:28:59,871 main.py:71: 当前体育馆0空闲:0
[INFO]2024-03-31 20:28:59,871 main.py:66: 当前体育馆1
[INFO]2024-03-31 20:29:00,025 function.py:46: 获取空闲表格成功
[INFO]2024-03-31 20:29:00,025 main.py:71: 当前体育馆1空闲:2
[INFO]2024-03-31 20:29:00,152 main.py:77: 选择场地成功
[INFO]2024-03-31 20:29:00,571 function.py:21: 验证码处理成功：返回结果l
[INFO]2024-03-31 20:29:00,597 main.py:85: 切换验证码
[INFO]2024-03-31 20:29:00,677 function.py:21: 验证码处理成功：返回结果jgyg
[INFO]2024-03-31 20:29:00,735 main.py:88: 已输入验证码
[INFO]2024-03-31 20:29:01,053 function.py:101: 预约验证码错误
[INFO]2024-03-31 20:29:01,263 function.py:46: 获取空闲表格成功
[INFO]2024-03-31 20:29:01,263 main.py:71: 当前体育馆1空闲:2
[INFO]2024-03-31 20:29:01,366 main.py:77: 选择场地成功
[INFO]2024-03-31 20:29:01,782 function.py:21: 验证码处理成功：返回结果K
[INFO]2024-03-31 20:29:01,810 main.py:85: 切换验证码
[INFO]2024-03-31 20:29:01,886 function.py:21: 验证码处理成功：返回结果JkYN
[INFO]2024-03-31 20:29:01,941 main.py:88: 已输入验证码
[INFO]2024-03-31 20:29:02,258 function.py:101: 预约验证码错误
[INFO]2024-03-31 20:29:02,490 function.py:46: 获取空闲表格成功
[INFO]2024-03-31 20:29:02,490 main.py:71: 当前体育馆1空闲:2
[INFO]2024-03-31 20:29:02,608 main.py:77: 选择场地成功
[INFO]2024-03-31 20:29:03,011 function.py:21: 验证码处理成功：返回结果R
[INFO]2024-03-31 20:29:03,033 main.py:85: 切换验证码
[INFO]2024-03-31 20:29:03,114 function.py:21: 验证码处理成功：返回结果xkJJjJj
[INFO]2024-03-31 20:29:03,135 main.py:85: 切换验证码
[INFO]2024-03-31 20:29:03,232 function.py:21: 验证码处理成功：返回结果FwMy
[INFO]2024-03-31 20:29:03,273 main.py:88: 已输入验证码
[INFO]2024-03-31 20:29:03,578 function.py:117: 预定成功
[INFO]2024-03-31 20:29:03,578 main.py:96: 验证码正确
[CRITICAL]2024-03-31 20:29:21,499 log.py:22: get logger
[CRITICAL]2024-03-31 20:29:25,095 log.py:22: get logger
[INFO]2024-03-31 20:29:25,095 main.py:42: ######################
[INFO]2024-03-31 20:29:27,276 main.py:63: !!!!开始抢!!!!
[INFO]2024-03-31 20:29:27,276 main.py:66: 当前体育馆0
[INFO]2024-03-31 20:29:27,442 function.py:46: 获取空闲表格成功
[INFO]2024-03-31 20:29:27,442 main.py:71: 当前体育馆0空闲:0
[INFO]2024-03-31 20:29:27,442 main.py:66: 当前体育馆1
[INFO]2024-03-31 20:29:27,591 function.py:46: 获取空闲表格成功
[INFO]2024-03-31 20:29:27,591 main.py:71: 当前体育馆1空闲:2
[INFO]2024-03-31 20:29:27,721 main.py:77: 选择场地成功
[INFO]2024-03-31 20:29:28,156 function.py:21: 验证码处理成功：返回结果5
[INFO]2024-03-31 20:29:28,183 main.py:85: 切换验证码
[INFO]2024-03-31 20:29:28,260 function.py:21: 验证码处理成功：返回结果kggy
[INFO]2024-03-31 20:29:28,321 main.py:88: 已输入验证码
[INFO]2024-03-31 20:29:28,628 function.py:101: 预约验证码错误
[INFO]2024-03-31 20:29:28,843 function.py:46: 获取空闲表格成功
[INFO]2024-03-31 20:29:28,843 main.py:71: 当前体育馆1空闲:2
[INFO]2024-03-31 20:29:28,952 main.py:77: 选择场地成功
[INFO]2024-03-31 20:29:29,364 function.py:21: 验证码处理成功：返回结果l
[INFO]2024-03-31 20:29:29,390 main.py:85: 切换验证码
[INFO]2024-03-31 20:29:29,459 function.py:21: 验证码处理成功：返回结果JgYe
[INFO]2024-03-31 20:29:29,511 main.py:88: 已输入验证码
[INFO]2024-03-31 20:29:29,828 function.py:101: 预约验证码错误
[INFO]2024-03-31 20:29:30,051 function.py:46: 获取空闲表格成功
[INFO]2024-03-31 20:29:30,051 main.py:71: 当前体育馆1空闲:2
[INFO]2024-03-31 20:29:30,162 main.py:77: 选择场地成功
[INFO]2024-03-31 20:29:30,572 function.py:21: 验证码处理成功：返回结果K
[INFO]2024-03-31 20:29:30,594 main.py:85: 切换验证码
[INFO]2024-03-31 20:29:30,680 function.py:21: 验证码处理成功：返回结果jJLjL
[INFO]2024-03-31 20:29:30,701 main.py:85: 切换验证码
[INFO]2024-03-31 20:29:30,790 function.py:21: 验证码处理成功：返回结果tySG
[INFO]2024-03-31 20:29:30,831 main.py:88: 已输入验证码
[INFO]2024-03-31 20:29:31,150 function.py:101: 预约验证码错误
[INFO]2024-03-31 20:29:31,426 function.py:46: 获取空闲表格成功
[INFO]2024-03-31 20:29:31,426 main.py:71: 当前体育馆1空闲:2
[INFO]2024-03-31 20:29:31,539 main.py:77: 选择场地成功
[INFO]2024-03-31 20:29:31,947 function.py:21: 验证码处理成功：返回结果J
[INFO]2024-03-31 20:29:31,972 main.py:85: 切换验证码
[INFO]2024-03-31 20:29:32,042 function.py:21: 验证码处理成功：返回结果6
[INFO]2024-03-31 20:29:32,062 main.py:85: 切换验证码
[INFO]2024-03-31 20:29:32,147 function.py:21: 验证码处理成功：返回结果TgCN
[INFO]2024-03-31 20:29:32,191 main.py:88: 已输入验证码
[INFO]2024-03-31 20:29:32,505 function.py:117: 预定成功
[INFO]2024-03-31 20:29:32,507 main.py:96: 验证码正确
[CRITICAL]2024-03-31 20:30:33,648 log.py:22: get logger
[CRITICAL]2024-03-31 20:30:37,271 log.py:22: get logger
[INFO]2024-03-31 20:30:37,271 main.py:42: ######################
[INFO]2024-03-31 20:30:39,501 main.py:63: !!!!开始抢!!!!
[INFO]2024-03-31 20:30:39,501 main.py:66: 当前体育馆0
[INFO]2024-03-31 20:30:39,663 function.py:46: 获取空闲表格成功
[INFO]2024-03-31 20:30:39,663 main.py:71: 当前体育馆0空闲:0
[INFO]2024-03-31 20:30:39,663 main.py:66: 当前体育馆1
[INFO]2024-03-31 20:30:39,809 function.py:46: 获取空闲表格成功
[INFO]2024-03-31 20:30:39,809 main.py:71: 当前体育馆1空闲:2
[INFO]2024-03-31 20:30:39,938 main.py:77: 选择场地成功
[INFO]2024-03-31 20:30:40,356 function.py:21: 验证码处理成功：返回结果K
[INFO]2024-03-31 20:30:40,382 main.py:85: 切换验证码
[INFO]2024-03-31 20:30:40,449 function.py:21: 验证码处理成功：返回结果kJJL
[INFO]2024-03-31 20:30:40,515 main.py:88: 已输入验证码
[INFO]2024-03-31 20:30:40,824 function.py:101: 预约验证码错误
[INFO]2024-03-31 20:30:41,057 function.py:46: 获取空闲表格成功
[INFO]2024-03-31 20:30:41,057 main.py:71: 当前体育馆1空闲:2
[INFO]2024-03-31 20:30:41,159 main.py:77: 选择场地成功
[INFO]2024-03-31 20:30:41,556 function.py:21: 验证码处理成功：返回结果N
[INFO]2024-03-31 20:30:41,584 main.py:85: 切换验证码
[INFO]2024-03-31 20:30:41,654 function.py:21: 验证码处理成功：返回结果xkJLJj
[INFO]2024-03-31 20:30:41,678 main.py:85: 切换验证码
[INFO]2024-03-31 20:30:41,758 function.py:21: 验证码处理成功：返回结果OAVS
[INFO]2024-03-31 20:30:41,808 main.py:88: 已输入验证码
[INFO]2024-03-31 20:30:42,112 function.py:101: 预约验证码错误
[INFO]2024-03-31 20:30:42,330 function.py:46: 获取空闲表格成功
[INFO]2024-03-31 20:30:42,330 main.py:71: 当前体育馆1空闲:2
[INFO]2024-03-31 20:30:42,442 main.py:77: 选择场地成功
[INFO]2024-03-31 20:30:42,861 function.py:21: 验证码处理成功：返回结果R
[INFO]2024-03-31 20:30:42,885 main.py:85: 切换验证码
[INFO]2024-03-31 20:30:42,980 function.py:21: 验证码处理成功：返回结果xygJj
[INFO]2024-03-31 20:30:43,001 main.py:85: 切换验证码
[INFO]2024-03-31 20:30:43,084 function.py:21: 验证码处理成功：返回结果Bnf4
[INFO]2024-03-31 20:30:43,128 main.py:88: 已输入验证码
[INFO]2024-03-31 20:30:43,446 function.py:101: 预约验证码错误
[INFO]2024-03-31 20:30:43,679 function.py:46: 获取空闲表格成功
[INFO]2024-03-31 20:30:43,679 main.py:71: 当前体育馆1空闲:2
[INFO]2024-03-31 20:30:43,789 main.py:77: 选择场地成功
[INFO]2024-03-31 20:30:44,206 function.py:21: 验证码处理成功：返回结果K
[INFO]2024-03-31 20:30:44,225 main.py:85: 切换验证码
[INFO]2024-03-31 20:30:44,304 function.py:21: 验证码处理成功：返回结果xjJL
[INFO]2024-03-31 20:30:44,354 main.py:88: 已输入验证码
[INFO]2024-03-31 20:30:44,669 function.py:101: 预约验证码错误
[INFO]2024-03-31 20:30:44,901 function.py:46: 获取空闲表格成功
[INFO]2024-03-31 20:30:44,901 main.py:71: 当前体育馆1空闲:2
[INFO]2024-03-31 20:30:45,006 main.py:77: 选择场地成功
[INFO]2024-03-31 20:30:45,423 function.py:21: 验证码处理成功：返回结果K
[INFO]2024-03-31 20:30:45,446 main.py:85: 切换验证码
[INFO]2024-03-31 20:30:45,533 function.py:21: 验证码处理成功：返回结果rgjy
[INFO]2024-03-31 20:30:45,585 main.py:88: 已输入验证码
[INFO]2024-03-31 20:30:45,891 function.py:101: 预约验证码错误
[INFO]2024-03-31 20:30:46,100 function.py:46: 获取空闲表格成功
[INFO]2024-03-31 20:30:46,101 main.py:71: 当前体育馆1空闲:2
[INFO]2024-03-31 20:30:46,220 main.py:77: 选择场地成功
[INFO]2024-03-31 20:30:46,679 function.py:21: 验证码处理成功：返回结果U
[INFO]2024-03-31 20:30:46,703 main.py:85: 切换验证码
[INFO]2024-03-31 20:30:46,795 function.py:21: 验证码处理成功：返回结果Q6Tw
[INFO]2024-03-31 20:30:46,863 main.py:88: 已输入验证码
[INFO]2024-03-31 20:30:47,169 function.py:117: 预定成功
[INFO]2024-03-31 20:30:47,169 main.py:96: 验证码正确
[CRITICAL]2024-03-31 20:31:28,172 log.py:22: get logger
[CRITICAL]2024-03-31 20:31:31,764 log.py:22: get logger
[INFO]2024-03-31 20:31:31,764 main.py:42: ######################
[INFO]2024-03-31 20:31:33,939 main.py:63: !!!!开始抢!!!!
[INFO]2024-03-31 20:31:33,939 main.py:66: 当前体育馆0
[INFO]2024-03-31 20:31:34,098 function.py:46: 获取空闲表格成功
[INFO]2024-03-31 20:31:34,098 main.py:71: 当前体育馆0空闲:0
[INFO]2024-03-31 20:31:34,098 main.py:66: 当前体育馆1
[INFO]2024-03-31 20:31:34,244 function.py:46: 获取空闲表格成功
[INFO]2024-03-31 20:31:34,244 main.py:71: 当前体育馆1空闲:2
[INFO]2024-03-31 20:31:34,377 main.py:77: 选择场地成功
[INFO]2024-03-31 20:31:34,794 function.py:21: 验证码处理成功：返回结果O
[INFO]2024-03-31 20:31:34,823 main.py:85: 切换验证码
[INFO]2024-03-31 20:31:34,886 function.py:21: 验证码处理成功：返回结果Jggx
[INFO]2024-03-31 20:31:34,949 main.py:88: 已输入验证码
[INFO]2024-03-31 20:31:35,254 function.py:101: 预约验证码错误
[INFO]2024-03-31 20:31:35,474 function.py:46: 获取空闲表格成功
[INFO]2024-03-31 20:31:35,474 main.py:71: 当前体育馆1空闲:2
[INFO]2024-03-31 20:31:35,592 main.py:77: 选择场地成功
[INFO]2024-03-31 20:31:36,009 function.py:21: 验证码处理成功：返回结果l
[INFO]2024-03-31 20:31:36,035 main.py:85: 切换验证码
[INFO]2024-03-31 20:31:36,110 function.py:21: 验证码处理成功：返回结果ktjJ
[INFO]2024-03-31 20:31:36,163 main.py:88: 已输入验证码
[INFO]2024-03-31 20:31:36,478 function.py:101: 预约验证码错误
[INFO]2024-03-31 20:31:36,695 function.py:46: 获取空闲表格成功
[INFO]2024-03-31 20:31:36,695 main.py:71: 当前体育馆1空闲:2
[INFO]2024-03-31 20:31:36,800 main.py:77: 选择场地成功
[INFO]2024-03-31 20:31:37,208 function.py:21: 验证码处理成功：返回结果K
[INFO]2024-03-31 20:31:37,231 main.py:85: 切换验证码
[INFO]2024-03-31 20:31:37,312 function.py:21: 验证码处理成功：返回结果kggjL
[INFO]2024-03-31 20:31:37,331 main.py:85: 切换验证码
[INFO]2024-03-31 20:31:37,419 function.py:21: 验证码处理成功：返回结果tGsO
[INFO]2024-03-31 20:31:37,463 main.py:88: 已输入验证码
[INFO]2024-03-31 20:31:37,772 function.py:101: 预约验证码错误
[INFO]2024-03-31 20:31:38,014 function.py:46: 获取空闲表格成功
[INFO]2024-03-31 20:31:38,014 main.py:71: 当前体育馆1空闲:2
[INFO]2024-03-31 20:31:38,129 main.py:77: 选择场地成功
[INFO]2024-03-31 20:31:38,539 function.py:21: 验证码处理成功：返回结果N
[INFO]2024-03-31 20:31:38,562 main.py:85: 切换验证码
[INFO]2024-03-31 20:31:38,644 function.py:21: 验证码处理成功：返回结果kkAA
[INFO]2024-03-31 20:31:38,692 main.py:88: 已输入验证码
[INFO]2024-03-31 20:31:39,000 function.py:101: 预约验证码错误
[INFO]2024-03-31 20:31:39,209 function.py:46: 获取空闲表格成功
[INFO]2024-03-31 20:31:39,209 main.py:71: 当前体育馆1空闲:2
[INFO]2024-03-31 20:31:39,312 main.py:77: 选择场地成功
[INFO]2024-03-31 20:31:39,727 function.py:21: 验证码处理成功：返回结果K
[INFO]2024-03-31 20:31:39,749 main.py:85: 切换验证码
[INFO]2024-03-31 20:31:39,842 function.py:21: 验证码处理成功：返回结果xkgx
[INFO]2024-03-31 20:31:39,893 main.py:88: 已输入验证码
[INFO]2024-03-31 20:31:40,199 function.py:101: 预约验证码错误
[INFO]2024-03-31 20:31:40,418 function.py:46: 获取空闲表格成功
[INFO]2024-03-31 20:31:40,678 main.py:71: 当前体育馆1空闲:2
[INFO]2024-03-31 20:31:40,802 main.py:77: 选择场地成功
[INFO]2024-03-31 20:31:41,237 function.py:21: 验证码处理成功：返回结果K
[INFO]2024-03-31 20:31:41,259 main.py:85: 切换验证码
[INFO]2024-03-31 20:31:41,346 function.py:21: 验证码处理成功：返回结果BLCR
[INFO]2024-03-31 20:31:41,401 main.py:88: 已输入验证码
[INFO]2024-03-31 20:31:41,721 function.py:101: 预约验证码错误
[INFO]2024-03-31 20:31:41,952 function.py:46: 获取空闲表格成功
[INFO]2024-03-31 20:31:41,952 main.py:71: 当前体育馆1空闲:2
[INFO]2024-03-31 20:31:42,062 main.py:77: 选择场地成功
[INFO]2024-03-31 20:31:42,474 function.py:21: 验证码处理成功：返回结果K
[INFO]2024-03-31 20:31:42,497 main.py:85: 切换验证码
[INFO]2024-03-31 20:31:42,591 function.py:21: 验证码处理成功：返回结果jy
[INFO]2024-03-31 20:31:42,610 main.py:85: 切换验证码
[INFO]2024-03-31 20:31:42,693 function.py:21: 验证码处理成功：返回结果Yih6
[INFO]2024-03-31 20:31:42,739 main.py:88: 已输入验证码
[INFO]2024-03-31 20:31:43,049 function.py:101: 预约验证码错误
[INFO]2024-03-31 20:31:43,281 function.py:46: 获取空闲表格成功
[INFO]2024-03-31 20:31:43,281 main.py:71: 当前体育馆1空闲:2
[INFO]2024-03-31 20:31:43,419 main.py:77: 选择场地成功
[INFO]2024-03-31 20:31:43,834 function.py:21: 验证码处理成功：返回结果K
[INFO]2024-03-31 20:31:43,861 main.py:85: 切换验证码
[INFO]2024-03-31 20:31:43,950 function.py:21: 验证码处理成功：返回结果Qjgy
[INFO]2024-03-31 20:31:44,009 main.py:88: 已输入验证码
[INFO]2024-03-31 20:31:44,321 function.py:101: 预约验证码错误
[INFO]2024-03-31 20:31:44,546 function.py:46: 获取空闲表格成功
[INFO]2024-03-31 20:31:44,546 main.py:71: 当前体育馆1空闲:2
[INFO]2024-03-31 20:31:44,668 main.py:77: 选择场地成功
[INFO]2024-03-31 20:31:45,101 function.py:21: 验证码处理成功：返回结果l
[INFO]2024-03-31 20:31:45,129 main.py:85: 切换验证码
[INFO]2024-03-31 20:31:45,215 function.py:21: 验证码处理成功：返回结果fBE
[INFO]2024-03-31 20:31:45,234 main.py:85: 切换验证码
[INFO]2024-03-31 20:31:45,324 function.py:21: 验证码处理成功：返回结果AHN
[INFO]2024-03-31 20:31:45,345 main.py:85: 切换验证码
[INFO]2024-03-31 20:31:45,430 function.py:21: 验证码处理成功：返回结果JOE3
[INFO]2024-03-31 20:31:45,475 main.py:88: 已输入验证码
[INFO]2024-03-31 20:31:45,798 function.py:101: 预约验证码错误
[INFO]2024-03-31 20:31:46,038 function.py:46: 获取空闲表格成功
[INFO]2024-03-31 20:31:46,038 main.py:71: 当前体育馆1空闲:2
[INFO]2024-03-31 20:31:46,158 main.py:77: 选择场地成功
[INFO]2024-03-31 20:31:46,568 function.py:21: 验证码处理成功：返回结果K
[INFO]2024-03-31 20:31:46,591 main.py:85: 切换验证码
[INFO]2024-03-31 20:31:46,683 function.py:21: 验证码处理成功：返回结果jJLJj
[INFO]2024-03-31 20:31:46,704 main.py:85: 切换验证码
[INFO]2024-03-31 20:31:46,790 function.py:21: 验证码处理成功：返回结果l5YH
[INFO]2024-03-31 20:31:46,834 main.py:88: 已输入验证码
[INFO]2024-03-31 20:31:47,151 function.py:101: 预约验证码错误
[INFO]2024-03-31 20:31:47,378 function.py:46: 获取空闲表格成功
[INFO]2024-03-31 20:31:47,378 main.py:71: 当前体育馆1空闲:2
[INFO]2024-03-31 20:31:47,495 main.py:77: 选择场地成功
[INFO]2024-03-31 20:31:47,920 function.py:21: 验证码处理成功：返回结果K
[INFO]2024-03-31 20:31:47,946 main.py:85: 切换验证码
[INFO]2024-03-31 20:31:48,048 function.py:21: 验证码处理成功：返回结果Jyjg
[INFO]2024-03-31 20:31:48,104 main.py:88: 已输入验证码
[INFO]2024-03-31 20:31:48,415 function.py:101: 预约验证码错误
[INFO]2024-03-31 20:31:48,653 function.py:46: 获取空闲表格成功
[INFO]2024-03-31 20:31:48,653 main.py:71: 当前体育馆1空闲:2
[INFO]2024-03-31 20:31:48,773 main.py:77: 选择场地成功
[INFO]2024-03-31 20:31:49,184 function.py:21: 验证码处理成功：返回结果K
[INFO]2024-03-31 20:31:49,206 main.py:85: 切换验证码
[INFO]2024-03-31 20:31:49,288 function.py:21: 验证码处理成功：返回结果jJLck
[INFO]2024-03-31 20:31:49,312 main.py:85: 切换验证码
[INFO]2024-03-31 20:31:49,387 function.py:21: 验证码处理成功：返回结果gHfS
[INFO]2024-03-31 20:31:49,430 main.py:88: 已输入验证码
[INFO]2024-03-31 20:31:49,736 function.py:117: 预定成功
[INFO]2024-03-31 20:31:49,736 main.py:96: 验证码正确
[CRITICAL]2024-03-31 20:32:27,404 log.py:22: get logger
[CRITICAL]2024-03-31 20:32:31,002 log.py:22: get logger
[INFO]2024-03-31 20:32:31,002 main.py:42: ######################
[INFO]2024-03-31 20:32:33,215 main.py:63: !!!!开始抢!!!!
[INFO]2024-03-31 20:32:33,215 main.py:66: 当前体育馆0
[INFO]2024-03-31 20:32:33,376 function.py:46: 获取空闲表格成功
[INFO]2024-03-31 20:32:33,376 main.py:71: 当前体育馆0空闲:0
[INFO]2024-03-31 20:32:33,376 main.py:66: 当前体育馆1
[INFO]2024-03-31 20:32:33,524 function.py:46: 获取空闲表格成功
[INFO]2024-03-31 20:32:33,524 main.py:71: 当前体育馆1空闲:1
[CRITICAL]2024-04-01 07:59:52,307 log.py:22: get logger
[CRITICAL]2024-04-01 07:59:55,982 log.py:22: get logger
[INFO]2024-04-01 07:59:55,982 main.py:42: ######################
[INFO]2024-04-01 07:59:58,665 main.py:63: !!!!开始抢!!!!
[INFO]2024-04-01 07:59:58,665 main.py:66: 当前体育馆0
[INFO]2024-04-01 07:59:58,816 function.py:46: 获取空闲表格成功
[INFO]2024-04-01 07:59:58,816 main.py:71: 当前体育馆0空闲:0
[INFO]2024-04-01 07:59:58,816 main.py:66: 当前体育馆1
[INFO]2024-04-01 07:59:58,963 function.py:46: 获取空闲表格成功
[INFO]2024-04-01 07:59:58,963 main.py:71: 当前体育馆1空闲:3
[INFO]2024-04-01 07:59:59,086 main.py:77: 选择场地成功
[INFO]2024-04-01 07:59:59,503 function.py:21: 验证码处理成功：返回结果R
[INFO]2024-04-01 07:59:59,528 main.py:85: 切换验证码
[INFO]2024-04-01 07:59:59,609 function.py:21: 验证码处理成功：返回结果kgxyJj
[INFO]2024-04-01 07:59:59,632 main.py:85: 切换验证码
[INFO]2024-04-01 07:59:59,697 function.py:21: 验证码处理成功：返回结果Xc1g
[INFO]2024-04-01 07:59:59,743 main.py:88: 已输入验证码
[INFO]2024-04-01 08:00:00,058 function.py:117: 预定成功
[INFO]2024-04-01 08:00:00,058 main.py:96: 验证码正确
[CRITICAL]2024-04-01 09:01:03,613 log.py:22: get logger
[CRITICAL]2024-04-01 09:01:07,225 log.py:22: get logger
[INFO]2024-04-01 09:01:07,225 main.py:42: ######################
[INFO]2024-04-01 09:01:11,469 main.py:63: !!!!开始抢!!!!
[INFO]2024-04-01 09:01:11,469 main.py:66: 当前体育馆0
[INFO]2024-04-01 09:01:11,636 function.py:46: 获取空闲表格成功
[INFO]2024-04-01 09:01:11,636 main.py:71: 当前体育馆0空闲:0
[INFO]2024-04-01 09:01:11,636 main.py:66: 当前体育馆1
[INFO]2024-04-01 09:01:11,790 function.py:46: 获取空闲表格成功
[INFO]2024-04-01 09:01:11,790 main.py:71: 当前体育馆1空闲:0
[INFO]2024-04-01 09:01:11,790 main.py:66: 当前体育馆2
[INFO]2024-04-01 09:01:11,954 function.py:46: 获取空闲表格成功
[INFO]2024-04-01 09:01:11,954 main.py:71: 当前体育馆2空闲:0
[INFO]2024-04-01 09:01:11,954 main.py:100: 无空闲场地
[CRITICAL]2024-04-01 09:01:29,206 log.py:22: get logger
[CRITICAL]2024-04-01 09:01:32,831 log.py:22: get logger
[INFO]2024-04-01 09:01:32,831 main.py:42: ######################
[INFO]2024-04-01 09:01:35,078 main.py:63: !!!!开始抢!!!!
[INFO]2024-04-01 09:01:35,078 main.py:66: 当前体育馆0
[INFO]2024-04-01 09:01:35,238 function.py:46: 获取空闲表格成功
[INFO]2024-04-01 09:01:35,238 main.py:71: 当前体育馆0空闲:0
[INFO]2024-04-01 09:01:35,238 main.py:66: 当前体育馆1
[INFO]2024-04-01 09:01:35,379 function.py:46: 获取空闲表格成功
[INFO]2024-04-01 09:01:35,379 main.py:71: 当前体育馆1空闲:0
[INFO]2024-04-01 09:01:35,379 main.py:66: 当前体育馆2
[INFO]2024-04-01 09:01:35,504 function.py:46: 获取空闲表格成功
[INFO]2024-04-01 09:01:35,504 main.py:71: 当前体育馆2空闲:1
[INFO]2024-04-01 09:01:35,623 main.py:77: 选择场地成功
[CRITICAL]2024-04-01 09:14:52,681 log.py:22: get logger
[CRITICAL]2024-04-01 09:14:56,280 log.py:22: get logger
[INFO]2024-04-01 09:14:56,280 main.py:42: ######################
[INFO]2024-04-01 09:14:58,484 main.py:63: !!!!开始抢!!!!
[INFO]2024-04-01 09:14:58,484 main.py:66: 当前体育馆0
[INFO]2024-04-01 09:14:58,638 function.py:46: 获取空闲表格成功
[INFO]2024-04-01 09:14:58,638 main.py:71: 当前体育馆0空闲:0
[INFO]2024-04-01 09:14:58,638 main.py:66: 当前体育馆1
[INFO]2024-04-01 09:14:58,778 function.py:46: 获取空闲表格成功
[INFO]2024-04-01 09:14:58,778 main.py:71: 当前体育馆1空闲:1
[INFO]2024-04-01 09:14:58,892 main.py:77: 选择场地成功
[INFO]2024-04-01 09:14:59,301 function.py:21: 验证码处理成功：返回结果O
[INFO]2024-04-01 09:14:59,328 main.py:85: 切换验证码
[INFO]2024-04-01 09:14:59,393 function.py:21: 验证码处理成功：返回结果kJjL
[INFO]2024-04-01 09:14:59,458 main.py:88: 已输入验证码
[INFO]2024-04-01 09:14:59,777 function.py:101: 预约验证码错误
[INFO]2024-04-01 09:15:00,000 function.py:46: 获取空闲表格成功
[INFO]2024-04-01 09:15:00,000 main.py:71: 当前体育馆1空闲:1
[INFO]2024-04-01 09:15:00,099 main.py:77: 选择场地成功
[INFO]2024-04-01 09:15:00,504 function.py:21: 验证码处理成功：返回结果K
[INFO]2024-04-01 09:15:00,530 main.py:85: 切换验证码
[INFO]2024-04-01 09:15:00,596 function.py:21: 验证码处理成功：返回结果xJj
[INFO]2024-04-01 09:15:00,622 main.py:85: 切换验证码
[INFO]2024-04-01 09:15:00,686 function.py:21: 验证码处理成功：返回结果SkGg
[INFO]2024-04-01 09:15:00,732 main.py:88: 已输入验证码
[INFO]2024-04-01 09:15:01,047 function.py:117: 预定成功
[INFO]2024-04-01 09:15:01,047 main.py:96: 验证码正确
[CRITICAL]2024-04-01 23:53:00,995 log.py:22: get logger
[CRITICAL]2024-04-01 23:53:04,663 log.py:22: get logger
[INFO]2024-04-01 23:53:04,663 main.py:42: ######################
[INFO]2024-04-01 23:53:06,868 main.py:63: !!!!开始抢!!!!
[INFO]2024-04-01 23:53:06,868 main.py:66: 当前体育馆0
[INFO]2024-04-01 23:53:07,076 function.py:46: 获取空闲表格成功
[INFO]2024-04-01 23:53:07,076 main.py:71: 当前体育馆0空闲:0
[INFO]2024-04-01 23:53:07,076 main.py:66: 当前体育馆1
[INFO]2024-04-01 23:53:07,216 function.py:46: 获取空闲表格成功
[INFO]2024-04-01 23:53:07,216 main.py:71: 当前体育馆1空闲:0
[INFO]2024-04-01 23:53:07,216 main.py:66: 当前体育馆2
[INFO]2024-04-01 23:53:07,340 function.py:46: 获取空闲表格成功
[INFO]2024-04-01 23:53:07,340 main.py:71: 当前体育馆2空闲:1
[INFO]2024-04-01 23:53:07,458 main.py:77: 选择场地成功
[INFO]2024-04-01 23:53:07,892 function.py:21: 验证码处理成功：返回结果K
[INFO]2024-04-01 23:53:07,918 main.py:85: 切换验证码
[INFO]2024-04-01 23:53:07,994 function.py:21: 验证码处理成功：返回结果gyxg
[INFO]2024-04-01 23:53:08,058 main.py:88: 已输入验证码
[INFO]2024-04-01 23:53:08,376 function.py:101: 预约验证码错误
[INFO]2024-04-01 23:53:08,565 function.py:46: 获取空闲表格成功
[INFO]2024-04-01 23:53:08,565 main.py:71: 当前体育馆2空闲:1
[INFO]2024-04-01 23:53:08,671 main.py:77: 选择场地成功
[INFO]2024-04-01 23:53:09,060 function.py:21: 验证码处理成功：返回结果N
[INFO]2024-04-01 23:53:09,086 main.py:85: 切换验证码
[INFO]2024-04-01 23:53:09,155 function.py:21: 验证码处理成功：返回结果ij
[INFO]2024-04-01 23:53:09,183 main.py:85: 切换验证码
[INFO]2024-04-01 23:53:09,249 function.py:21: 验证码处理成功：返回结果gmXh
[INFO]2024-04-01 23:53:09,296 main.py:88: 已输入验证码
[INFO]2024-04-01 23:53:09,620 function.py:101: 预约验证码错误
[INFO]2024-04-01 23:53:09,816 function.py:46: 获取空闲表格成功
[INFO]2024-04-01 23:53:09,816 main.py:71: 当前体育馆2空闲:1
[INFO]2024-04-01 23:53:09,924 main.py:77: 选择场地成功
[INFO]2024-04-01 23:53:10,342 function.py:21: 验证码处理成功：返回结果U
[INFO]2024-04-01 23:53:10,365 main.py:85: 切换验证码
[INFO]2024-04-01 23:53:10,460 function.py:21: 验证码处理成功：返回结果xkLg
[INFO]2024-04-01 23:53:10,510 main.py:88: 已输入验证码
[INFO]2024-04-01 23:53:10,815 function.py:101: 预约验证码错误
[INFO]2024-04-01 23:53:11,019 function.py:46: 获取空闲表格成功
[INFO]2024-04-01 23:53:11,019 main.py:71: 当前体育馆2空闲:1
[INFO]2024-04-01 23:53:11,120 main.py:77: 选择场地成功
[INFO]2024-04-01 23:53:11,538 function.py:21: 验证码处理成功：返回结果R
[INFO]2024-04-01 23:53:11,559 main.py:85: 切换验证码
[INFO]2024-04-01 23:53:11,636 function.py:21: 验证码处理成功：返回结果jyg
[INFO]2024-04-01 23:53:11,656 main.py:85: 切换验证码
[INFO]2024-04-01 23:53:11,738 function.py:21: 验证码处理成功：返回结果u6sH
[INFO]2024-04-01 23:53:11,783 main.py:88: 已输入验证码
[INFO]2024-04-01 23:53:12,109 function.py:105: 未到预约开放时间
[INFO]2024-04-01 23:53:12,113 main.py:100: 无空闲场地
[CRITICAL]2024-04-01 23:53:28,503 log.py:22: get logger
[CRITICAL]2024-04-01 23:53:32,108 log.py:22: get logger
[INFO]2024-04-01 23:53:32,108 main.py:42: ######################
[INFO]2024-04-01 23:53:34,260 main.py:63: !!!!开始抢!!!!
[INFO]2024-04-01 23:53:34,260 main.py:66: 当前体育馆0
[INFO]2024-04-01 23:53:34,435 function.py:46: 获取空闲表格成功
[INFO]2024-04-01 23:53:34,435 main.py:71: 当前体育馆0空闲:0
[INFO]2024-04-01 23:53:34,435 main.py:66: 当前体育馆1
[INFO]2024-04-01 23:53:34,572 function.py:46: 获取空闲表格成功
[INFO]2024-04-01 23:53:34,573 main.py:71: 当前体育馆1空闲:0
[INFO]2024-04-01 23:53:34,573 main.py:66: 当前体育馆2
[INFO]2024-04-01 23:53:34,700 function.py:46: 获取空闲表格成功
[INFO]2024-04-01 23:53:34,700 main.py:71: 当前体育馆2空闲:1
[INFO]2024-04-01 23:53:34,817 main.py:77: 选择场地成功
[INFO]2024-04-01 23:53:35,239 function.py:21: 验证码处理成功：返回结果K
[INFO]2024-04-01 23:53:35,269 main.py:85: 切换验证码
[INFO]2024-04-01 23:53:35,354 function.py:21: 验证码处理成功：返回结果kgyg
[INFO]2024-04-01 23:53:35,418 main.py:88: 已输入验证码
[INFO]2024-04-01 23:53:35,739 function.py:101: 预约验证码错误
[INFO]2024-04-01 23:53:35,931 function.py:46: 获取空闲表格成功
[INFO]2024-04-01 23:53:35,931 main.py:71: 当前体育馆2空闲:1
[INFO]2024-04-01 23:53:36,035 main.py:77: 选择场地成功
[INFO]2024-04-01 23:53:36,448 function.py:21: 验证码处理成功：返回结果O
[INFO]2024-04-01 23:53:36,478 main.py:85: 切换验证码
[INFO]2024-04-01 23:53:36,554 function.py:21: 验证码处理成功：返回结果gg
[INFO]2024-04-01 23:53:36,578 main.py:85: 切换验证码
[INFO]2024-04-01 23:53:36,660 function.py:21: 验证码处理成功：返回结果bOy2
[INFO]2024-04-01 23:53:36,707 main.py:88: 已输入验证码
[INFO]2024-04-01 23:53:37,021 function.py:105: 未到预约开放时间
[INFO]2024-04-01 23:53:37,026 main.py:100: 无空闲场地
[CRITICAL]2024-04-01 23:56:16,827 log.py:22: get logger
[CRITICAL]2024-04-01 23:56:20,443 log.py:22: get logger
[INFO]2024-04-01 23:56:20,443 main.py:42: ######################
[INFO]2024-04-01 23:56:22,676 main.py:63: !!!!开始抢!!!!
[INFO]2024-04-01 23:56:22,676 main.py:66: 当前体育馆0
[INFO]2024-04-01 23:56:22,839 function.py:46: 获取空闲表格成功
[INFO]2024-04-01 23:56:22,839 main.py:71: 当前体育馆0空闲:0
[INFO]2024-04-01 23:56:22,839 main.py:66: 当前体育馆1
[INFO]2024-04-01 23:56:22,990 function.py:46: 获取空闲表格成功
[INFO]2024-04-01 23:56:22,990 main.py:71: 当前体育馆1空闲:0
[INFO]2024-04-01 23:56:22,991 main.py:66: 当前体育馆2
[INFO]2024-04-01 23:56:23,118 function.py:46: 获取空闲表格成功
[INFO]2024-04-01 23:56:23,118 main.py:71: 当前体育馆2空闲:1
[INFO]2024-04-01 23:56:23,258 main.py:77: 选择场地成功
[INFO]2024-04-01 23:56:23,664 function.py:21: 验证码处理成功：返回结果6
[INFO]2024-04-01 23:56:23,690 main.py:86: 切换验证码
[INFO]2024-04-01 23:56:23,786 function.py:21: 验证码处理成功：返回结果ij
[INFO]2024-04-01 23:56:23,812 main.py:86: 切换验证码
[INFO]2024-04-01 23:56:23,907 function.py:21: 验证码处理成功：返回结果SbCa
[INFO]2024-04-01 23:56:23,959 main.py:89: 已输入验证码
[INFO]2024-04-01 23:56:24,268 function.py:101: 预约验证码错误
[INFO]2024-04-01 23:56:24,466 function.py:46: 获取空闲表格成功
[INFO]2024-04-01 23:56:24,466 main.py:71: 当前体育馆2空闲:1
[INFO]2024-04-01 23:56:24,574 main.py:77: 选择场地成功
[INFO]2024-04-01 23:56:24,957 function.py:21: 验证码处理成功：返回结果R
[INFO]2024-04-01 23:56:24,982 main.py:86: 切换验证码
[INFO]2024-04-01 23:56:25,052 function.py:21: 验证码处理成功：返回结果kkAA
[INFO]2024-04-01 23:56:25,105 main.py:89: 已输入验证码
[INFO]2024-04-01 23:56:25,421 function.py:101: 预约验证码错误
[INFO]2024-04-01 23:56:25,649 function.py:46: 获取空闲表格成功
[INFO]2024-04-01 23:56:25,649 main.py:71: 当前体育馆2空闲:1
[INFO]2024-04-01 23:56:25,789 main.py:77: 选择场地成功
[INFO]2024-04-01 23:56:26,180 function.py:21: 验证码处理成功：返回结果N
[INFO]2024-04-01 23:56:26,201 main.py:86: 切换验证码
[INFO]2024-04-01 23:56:26,280 function.py:21: 验证码处理成功：返回结果jj
[INFO]2024-04-01 23:56:26,301 main.py:86: 切换验证码
[INFO]2024-04-01 23:56:26,388 function.py:21: 验证码处理成功：返回结果Nh3W
[INFO]2024-04-01 23:56:26,430 main.py:89: 已输入验证码
[INFO]2024-04-01 23:56:26,748 function.py:105: 未到预约开放时间
[INFO]2024-04-01 23:56:26,751 main.py:101: 无空闲场地
[CRITICAL]2024-04-01 23:56:31,875 log.py:22: get logger
[CRITICAL]2024-04-01 23:56:35,607 log.py:22: get logger
[INFO]2024-04-01 23:56:35,607 main.py:42: ######################
[INFO]2024-04-01 23:56:37,818 main.py:63: !!!!开始抢!!!!
[INFO]2024-04-01 23:56:37,818 main.py:66: 当前体育馆0
[INFO]2024-04-01 23:56:37,979 function.py:46: 获取空闲表格成功
[INFO]2024-04-01 23:56:37,979 main.py:71: 当前体育馆0空闲:0
[INFO]2024-04-01 23:56:37,979 main.py:66: 当前体育馆1
[INFO]2024-04-01 23:56:38,115 function.py:46: 获取空闲表格成功
[INFO]2024-04-01 23:56:38,115 main.py:71: 当前体育馆1空闲:0
[INFO]2024-04-01 23:56:38,115 main.py:66: 当前体育馆2
[INFO]2024-04-01 23:56:38,238 function.py:46: 获取空闲表格成功
[INFO]2024-04-01 23:56:38,239 main.py:71: 当前体育馆2空闲:1
[INFO]2024-04-01 23:56:38,363 main.py:77: 选择场地成功
[INFO]2024-04-01 23:56:38,755 function.py:21: 验证码处理成功：返回结果R
[INFO]2024-04-01 23:56:38,782 main.py:86: 切换验证码
[INFO]2024-04-01 23:56:38,847 function.py:21: 验证码处理成功：返回结果QJJjJj
[INFO]2024-04-01 23:56:38,874 main.py:86: 切换验证码
[INFO]2024-04-01 23:56:38,952 function.py:21: 验证码处理成功：返回结果sQmB
[INFO]2024-04-01 23:56:38,997 main.py:89: 已输入验证码
[INFO]2024-04-01 23:56:39,302 function.py:105: 未到预约开放时间
[INFO]2024-04-01 23:56:39,305 main.py:101: 无空闲场地
[CRITICAL]2024-04-02 00:00:44,387 log.py:22: get logger
[CRITICAL]2024-04-02 00:00:47,991 log.py:22: get logger
[INFO]2024-04-02 00:00:47,991 main.py:42: ######################
[INFO]2024-04-02 00:00:50,168 main.py:63: !!!!开始抢!!!!
[INFO]2024-04-02 00:00:50,168 main.py:66: 当前体育馆0
[INFO]2024-04-02 00:00:50,329 function.py:46: 获取空闲表格成功
[INFO]2024-04-02 00:00:50,329 main.py:71: 当前体育馆0空闲:0
[INFO]2024-04-02 00:00:50,329 main.py:66: 当前体育馆1
[INFO]2024-04-02 00:00:50,469 function.py:46: 获取空闲表格成功
[INFO]2024-04-02 00:00:50,469 main.py:71: 当前体育馆1空闲:0
[INFO]2024-04-02 00:00:50,469 main.py:66: 当前体育馆2
[INFO]2024-04-02 00:00:50,598 function.py:46: 获取空闲表格成功
[INFO]2024-04-02 00:00:50,598 main.py:71: 当前体育馆2空闲:2
[INFO]2024-04-02 00:00:50,721 main.py:77: 选择场地成功
[INFO]2024-04-02 00:00:51,117 function.py:21: 验证码处理成功：返回结果R
[INFO]2024-04-02 00:00:51,142 main.py:86: 切换验证码
[INFO]2024-04-02 00:00:51,207 function.py:21: 验证码处理成功：返回结果xkJJjJj
[INFO]2024-04-02 00:00:51,233 main.py:86: 切换验证码
[INFO]2024-04-02 00:00:51,312 function.py:21: 验证码处理成功：返回结果Su1e
[INFO]2024-04-02 00:00:51,359 main.py:89: 已输入验证码
[INFO]2024-04-02 00:00:51,666 function.py:101: 预约验证码错误
[INFO]2024-04-02 00:00:51,879 function.py:46: 获取空闲表格成功
[INFO]2024-04-02 00:00:51,880 main.py:71: 当前体育馆2空闲:2
[INFO]2024-04-02 00:00:51,997 main.py:77: 选择场地成功
[INFO]2024-04-02 00:00:52,403 function.py:21: 验证码处理成功：返回结果R
[INFO]2024-04-02 00:00:52,426 main.py:86: 切换验证码
[INFO]2024-04-02 00:00:52,500 function.py:21: 验证码处理成功：返回结果QJLjj
[INFO]2024-04-02 00:00:52,522 main.py:86: 切换验证码
[INFO]2024-04-02 00:00:52,598 function.py:21: 验证码处理成功：返回结果Hj1k
[INFO]2024-04-02 00:00:52,644 main.py:89: 已输入验证码
[INFO]2024-04-02 00:00:52,950 function.py:105: 未到预约开放时间
[INFO]2024-04-02 00:00:52,952 main.py:101: 无空闲场地
[CRITICAL]2024-04-02 00:02:11,359 log.py:22: get logger
[CRITICAL]2024-04-02 00:02:14,961 log.py:22: get logger
[INFO]2024-04-02 00:02:14,961 main.py:42: ######################
[INFO]2024-04-02 00:02:17,068 main.py:63: !!!!开始抢!!!!
[INFO]2024-04-02 00:02:17,068 main.py:66: 当前体育馆0
[INFO]2024-04-02 00:02:17,225 function.py:46: 获取空闲表格成功
[INFO]2024-04-02 00:02:17,225 main.py:71: 当前体育馆0空闲:0
[INFO]2024-04-02 00:02:17,225 main.py:66: 当前体育馆1
[INFO]2024-04-02 00:02:17,362 function.py:46: 获取空闲表格成功
[INFO]2024-04-02 00:02:17,362 main.py:71: 当前体育馆1空闲:0
[INFO]2024-04-02 00:02:17,362 main.py:66: 当前体育馆2
[INFO]2024-04-02 00:02:17,488 function.py:46: 获取空闲表格成功
[INFO]2024-04-02 00:02:17,488 main.py:71: 当前体育馆2空闲:2
[INFO]2024-04-02 00:02:17,630 main.py:77: 选择场地成功
[INFO]2024-04-02 00:02:18,016 function.py:21: 验证码处理成功：返回结果R
[INFO]2024-04-02 00:02:18,041 main.py:86: 切换验证码
[INFO]2024-04-02 00:02:18,113 function.py:21: 验证码处理成功：返回结果xkkLJj
[INFO]2024-04-02 00:02:18,138 main.py:86: 切换验证码
[INFO]2024-04-02 00:02:18,205 function.py:21: 验证码处理成功：返回结果fHiU
[INFO]2024-04-02 00:02:18,255 main.py:89: 已输入验证码
[INFO]2024-04-02 00:02:18,565 function.py:105: 未到预约开放时间
[INFO]2024-04-02 00:02:18,568 main.py:101: 无空闲场地
[CRITICAL]2024-04-02 07:59:51,769 log.py:22: get logger
[CRITICAL]2024-04-02 07:59:55,441 log.py:22: get logger
[INFO]2024-04-02 07:59:55,441 main.py:42: ######################
[INFO]2024-04-02 07:59:58,273 main.py:63: !!!!开始抢!!!!
[INFO]2024-04-02 07:59:58,273 main.py:66: 当前体育馆0
[INFO]2024-04-02 07:59:58,427 function.py:46: 获取空闲表格成功
[INFO]2024-04-02 07:59:58,427 main.py:71: 当前体育馆0空闲:0
[INFO]2024-04-02 07:59:58,427 main.py:66: 当前体育馆1
[INFO]2024-04-02 07:59:58,596 function.py:46: 获取空闲表格成功
[INFO]2024-04-02 07:59:58,597 main.py:71: 当前体育馆1空闲:12
[INFO]2024-04-02 07:59:58,869 main.py:77: 选择场地成功
[INFO]2024-04-02 07:59:59,304 function.py:21: 验证码处理成功：返回结果K
[INFO]2024-04-02 07:59:59,327 main.py:86: 切换验证码
[INFO]2024-04-02 07:59:59,409 function.py:21: 验证码处理成功：返回结果Xzzq
[INFO]2024-04-02 07:59:59,465 main.py:89: 已输入验证码
[INFO]2024-04-02 07:59:59,782 function.py:101: 预约验证码错误
[INFO]2024-04-02 08:00:00,027 function.py:46: 获取空闲表格成功
[INFO]2024-04-02 08:00:00,027 main.py:71: 当前体育馆1空闲:12
[INFO]2024-04-02 08:00:00,135 main.py:77: 选择场地成功
[INFO]2024-04-02 08:00:00,530 function.py:21: 验证码处理成功：返回结果K
[INFO]2024-04-02 08:00:00,558 main.py:86: 切换验证码
[INFO]2024-04-02 08:00:00,633 function.py:21: 验证码处理成功：返回结果tJJjjl
[INFO]2024-04-02 08:00:00,656 main.py:86: 切换验证码
[INFO]2024-04-02 08:00:00,736 function.py:21: 验证码处理成功：返回结果D4iu
[INFO]2024-04-02 08:00:00,778 main.py:89: 已输入验证码
[INFO]2024-04-02 08:00:01,087 function.py:117: 预定成功
[INFO]2024-04-02 08:00:01,087 main.py:97: 验证码正确
[CRITICAL]2024-04-05 07:59:51,358 log.py:22: get logger
[CRITICAL]2024-04-05 07:59:52,806 log.py:22: get logger
[INFO]2024-04-05 07:59:52,806 main.py:42: ######################
[INFO]2024-04-05 07:59:55,005 main.py:63: !!!!开始抢!!!!
[INFO]2024-04-05 07:59:55,006 main.py:66: 当前体育馆0
[INFO]2024-04-05 07:59:55,180 function.py:46: 获取空闲表格成功
[INFO]2024-04-05 07:59:55,180 main.py:71: 当前体育馆0空闲:6
[INFO]2024-04-05 07:59:55,319 main.py:77: 选择场地成功
[INFO]2024-04-05 07:59:55,758 function.py:21: 验证码处理成功：返回结果K
[INFO]2024-04-05 07:59:55,781 main.py:86: 切换验证码
[INFO]2024-04-05 07:59:55,859 function.py:21: 验证码处理成功：返回结果O9gB
[INFO]2024-04-05 07:59:55,914 main.py:89: 已输入验证码
[INFO]2024-04-05 07:59:56,226 function.py:117: 预定成功
[INFO]2024-04-05 07:59:56,226 main.py:97: 验证码正确
[CRITICAL]2024-04-09 08:47:37,600 log.py:22: get logger
[CRITICAL]2024-04-09 08:47:38,756 log.py:22: get logger
[INFO]2024-04-09 08:47:38,756 main.py:42: ######################
[INFO]2024-04-09 08:47:40,945 main.py:63: !!!!开始抢!!!!
[INFO]2024-04-09 08:47:40,946 main.py:66: 当前体育馆0
[INFO]2024-04-09 08:47:41,106 function.py:46: 获取空闲表格成功
[INFO]2024-04-09 08:47:41,106 main.py:71: 当前体育馆0空闲:0
[INFO]2024-04-09 08:47:41,106 main.py:66: 当前体育馆1
[INFO]2024-04-09 08:47:41,244 function.py:46: 获取空闲表格成功
[INFO]2024-04-09 08:47:41,244 main.py:71: 当前体育馆1空闲:1
[INFO]2024-04-09 08:47:41,358 main.py:77: 选择场地成功
[CRITICAL]2024-04-09 08:48:50,284 log.py:22: get logger
[CRITICAL]2024-04-09 08:48:51,358 log.py:22: get logger
[INFO]2024-04-09 08:48:51,358 main.py:42: ######################
[INFO]2024-04-09 08:48:53,536 main.py:63: !!!!开始抢!!!!
[INFO]2024-04-09 08:48:53,536 main.py:66: 当前体育馆0
[INFO]2024-04-09 08:48:53,692 function.py:46: 获取空闲表格成功
[INFO]2024-04-09 08:48:53,692 main.py:71: 当前体育馆0空闲:0
[INFO]2024-04-09 08:48:53,692 main.py:66: 当前体育馆1
[INFO]2024-04-09 08:48:53,837 function.py:46: 获取空闲表格成功
[INFO]2024-04-09 08:48:53,837 main.py:71: 当前体育馆1空闲:3
[INFO]2024-04-09 08:48:53,955 main.py:77: 选择场地成功
[INFO]2024-04-09 08:48:54,389 function.py:21: 验证码处理成功：返回结果i
[INFO]2024-04-09 08:48:54,414 main.py:86: 切换验证码
[INFO]2024-04-09 08:48:54,495 function.py:21: 验证码处理成功：返回结果kygJ
[INFO]2024-04-09 08:48:54,552 main.py:89: 已输入验证码
[INFO]2024-04-09 08:48:54,866 function.py:101: 预约验证码错误
[INFO]2024-04-09 08:48:55,072 function.py:46: 获取空闲表格成功
[INFO]2024-04-09 08:48:55,072 main.py:71: 当前体育馆1空闲:3
[INFO]2024-04-09 08:48:55,173 main.py:77: 选择场地成功
[INFO]2024-04-09 08:48:55,583 function.py:21: 验证码处理成功：返回结果U
[INFO]2024-04-09 08:48:55,608 main.py:86: 切换验证码
[INFO]2024-04-09 08:48:55,670 function.py:21: 验证码处理成功：返回结果xkJjJ
[INFO]2024-04-09 08:48:55,691 main.py:86: 切换验证码
[INFO]2024-04-09 08:48:55,777 function.py:21: 验证码处理成功：返回结果P25L
[INFO]2024-04-09 08:48:55,822 main.py:89: 已输入验证码
[INFO]2024-04-09 08:48:56,131 function.py:117: 预定成功
[INFO]2024-04-09 08:48:56,131 main.py:97: 验证码正确
[CRITICAL]2024-04-10 07:59:52,435 log.py:22: get logger
[CRITICAL]2024-04-10 07:59:54,046 log.py:22: get logger
[INFO]2024-04-10 07:59:54,046 main.py:42: ######################
[INFO]2024-04-10 07:59:56,345 main.py:63: !!!!开始抢!!!!
[INFO]2024-04-10 07:59:56,346 main.py:66: 当前体育馆0
[INFO]2024-04-10 07:59:56,553 function.py:46: 获取空闲表格成功
[INFO]2024-04-10 07:59:56,553 main.py:71: 当前体育馆0空闲:29
[CRITICAL]2024-04-10 11:19:04,787 log.py:22: get logger
[CRITICAL]2024-04-10 11:19:05,945 log.py:22: get logger
[INFO]2024-04-10 11:19:05,945 main.py:42: ######################
[INFO]2024-04-10 11:19:08,183 main.py:63: !!!!开始抢!!!!
[INFO]2024-04-10 11:19:08,183 main.py:66: 当前体育馆0
[INFO]2024-04-10 11:19:08,337 function.py:46: 获取空闲表格成功
[INFO]2024-04-10 11:19:08,337 main.py:71: 当前体育馆0空闲:0
[INFO]2024-04-10 11:19:08,337 main.py:66: 当前体育馆1
[INFO]2024-04-10 11:19:08,476 function.py:46: 获取空闲表格成功
[INFO]2024-04-10 11:19:08,476 main.py:71: 当前体育馆1空闲:0
[INFO]2024-04-10 11:19:08,476 main.py:66: 当前体育馆2
[INFO]2024-04-10 11:19:08,594 function.py:46: 获取空闲表格成功
[INFO]2024-04-10 11:19:08,594 main.py:71: 当前体育馆2空闲:0
[INFO]2024-04-10 11:19:08,594 main.py:101: 无空闲场地
[CRITICAL]2024-04-10 23:26:28,464 log.py:22: get logger
[CRITICAL]2024-04-10 23:26:29,594 log.py:22: get logger
[INFO]2024-04-10 23:26:29,594 main.py:42: ######################
[INFO]2024-04-10 23:26:34,321 main.py:63: !!!!开始抢!!!!
[INFO]2024-04-10 23:26:34,321 main.py:66: 当前体育馆0
[INFO]2024-04-10 23:26:34,593 function.py:46: 获取空闲表格成功
[INFO]2024-04-10 23:26:34,593 main.py:71: 当前体育馆0空闲:0
[INFO]2024-04-10 23:26:34,593 main.py:66: 当前体育馆1
[INFO]2024-04-10 23:26:34,885 function.py:46: 获取空闲表格成功
[INFO]2024-04-10 23:26:34,885 main.py:71: 当前体育馆1空闲:0
[INFO]2024-04-10 23:26:34,886 main.py:66: 当前体育馆2
[INFO]2024-04-10 23:26:35,104 function.py:46: 获取空闲表格成功
[INFO]2024-04-10 23:26:35,104 main.py:71: 当前体育馆2空闲:0
[INFO]2024-04-10 23:26:35,104 main.py:101: 无空闲场地
[CRITICAL]2024-04-11 07:59:52,567 log.py:22: get logger
[CRITICAL]2024-04-11 07:59:53,720 log.py:22: get logger
[INFO]2024-04-11 07:59:53,720 main.py:42: ######################
[INFO]2024-04-11 07:59:56,136 main.py:63: !!!!开始抢!!!!
[INFO]2024-04-11 07:59:56,136 main.py:66: 当前体育馆0
[INFO]2024-04-11 07:59:56,331 function.py:46: 获取空闲表格成功
[INFO]2024-04-11 07:59:56,331 main.py:71: 当前体育馆0空闲:18
[INFO]2024-04-11 07:59:56,459 main.py:77: 选择场地成功
[INFO]2024-04-11 07:59:56,899 function.py:21: 验证码处理成功：返回结果R
[INFO]2024-04-11 07:59:56,922 main.py:86: 切换验证码
[INFO]2024-04-11 07:59:56,998 function.py:21: 验证码处理成功：返回结果gGiQ
[INFO]2024-04-11 07:59:57,046 main.py:89: 已输入验证码
[INFO]2024-04-11 07:59:57,354 function.py:101: 预约验证码错误
[INFO]2024-04-11 07:59:57,619 function.py:46: 获取空闲表格成功
[INFO]2024-04-11 07:59:57,619 main.py:71: 当前体育馆0空闲:17
[INFO]2024-04-11 07:59:57,726 main.py:77: 选择场地成功
[INFO]2024-04-11 07:59:58,142 function.py:21: 验证码处理成功：返回结果5
[INFO]2024-04-11 07:59:58,162 main.py:86: 切换验证码
[INFO]2024-04-11 07:59:58,234 function.py:21: 验证码处理成功：返回结果QJJjJj
[INFO]2024-04-11 07:59:58,255 main.py:86: 切换验证码
[INFO]2024-04-11 07:59:58,325 function.py:21: 验证码处理成功：返回结果L4Z1
[INFO]2024-04-11 07:59:58,362 main.py:89: 已输入验证码
[INFO]2024-04-11 07:59:58,677 function.py:117: 预定成功
[INFO]2024-04-11 07:59:58,678 main.py:97: 验证码正确
[CRITICAL]2024-04-11 09:09:44,505 log.py:22: get logger
[CRITICAL]2024-04-11 09:09:48,119 log.py:22: get logger
[INFO]2024-04-11 09:09:48,119 main.py:42: ######################
[INFO]2024-04-11 09:09:50,344 main.py:63: !!!!开始抢!!!!
[INFO]2024-04-11 09:09:50,344 main.py:66: 当前体育馆0
[INFO]2024-04-11 09:09:50,496 function.py:46: 获取空闲表格成功
[INFO]2024-04-11 09:09:50,496 main.py:71: 当前体育馆0空闲:0
[INFO]2024-04-11 09:09:50,497 main.py:66: 当前体育馆1
[INFO]2024-04-11 09:09:50,633 function.py:46: 获取空闲表格成功
[INFO]2024-04-11 09:09:50,633 main.py:71: 当前体育馆1空闲:0
[INFO]2024-04-11 09:09:50,633 main.py:66: 当前体育馆2
[INFO]2024-04-11 09:09:50,767 function.py:46: 获取空闲表格成功
[INFO]2024-04-11 09:09:50,767 main.py:71: 当前体育馆2空闲:0
[INFO]2024-04-11 09:09:50,767 main.py:101: 无空闲场地
[CRITICAL]2024-04-15 07:59:47,857 log.py:22: get logger
[CRITICAL]2024-04-15 07:59:49,438 log.py:22: get logger
[INFO]2024-04-15 07:59:49,438 main.py:42: ######################
[INFO]2024-04-15 07:59:51,932 main.py:63: !!!!开始抢!!!!
[INFO]2024-04-15 07:59:51,933 main.py:66: 当前体育馆0
[INFO]2024-04-15 07:59:52,156 function.py:46: 获取空闲表格成功
[INFO]2024-04-15 07:59:52,156 main.py:71: 当前体育馆0空闲:18
[INFO]2024-04-15 07:59:52,294 main.py:77: 选择场地成功
[INFO]2024-04-15 07:59:52,775 function.py:21: 验证码处理成功：返回结果6
[INFO]2024-04-15 07:59:52,799 main.py:86: 切换验证码
[INFO]2024-04-15 07:59:52,906 function.py:21: 验证码处理成功：返回结果3PEc
[INFO]2024-04-15 07:59:52,957 main.py:89: 已输入验证码
[INFO]2024-04-15 07:59:53,274 function.py:117: 预定成功
[INFO]2024-04-15 07:59:53,275 main.py:97: 验证码正确
[CRITICAL]2024-04-16 07:59:48,497 log.py:22: get logger
[CRITICAL]2024-04-16 07:59:49,917 log.py:22: get logger
[INFO]2024-04-16 07:59:49,917 main.py:42: ######################
[INFO]2024-04-16 07:59:52,047 main.py:63: !!!!开始抢!!!!
[INFO]2024-04-16 07:59:52,058 main.py:66: 当前体育馆0
[INFO]2024-04-16 07:59:52,273 function.py:46: 获取空闲表格成功
[INFO]2024-04-16 07:59:52,273 main.py:71: 当前体育馆0空闲:28
[CRITICAL]2024-04-16 09:34:28,359 log.py:22: get logger
[CRITICAL]2024-04-16 09:34:31,987 log.py:22: get logger
[INFO]2024-04-16 09:34:31,987 main.py:42: ######################
[INFO]2024-04-16 09:34:34,231 main.py:63: !!!!开始抢!!!!
[INFO]2024-04-16 09:34:34,231 main.py:66: 当前体育馆0
[INFO]2024-04-16 09:34:34,389 function.py:46: 获取空闲表格成功
[INFO]2024-04-16 09:34:34,389 main.py:71: 当前体育馆0空闲:0
[INFO]2024-04-16 09:34:34,389 main.py:66: 当前体育馆1
[INFO]2024-04-16 09:34:34,549 function.py:46: 获取空闲表格成功
[INFO]2024-04-16 09:34:34,549 main.py:71: 当前体育馆1空闲:0
[INFO]2024-04-16 09:34:34,549 main.py:66: 当前体育馆2
[INFO]2024-04-16 09:34:34,670 function.py:46: 获取空闲表格成功
[INFO]2024-04-16 09:34:34,670 main.py:71: 当前体育馆2空闲:0
[INFO]2024-04-16 09:34:34,670 main.py:101: 无空闲场地
[CRITICAL]2024-04-17 07:59:48,484 log.py:22: get logger
[CRITICAL]2024-04-17 07:59:49,569 log.py:22: get logger
[INFO]2024-04-17 07:59:49,569 main.py:42: ######################
[INFO]2024-04-17 07:59:52,877 main.py:63: !!!!开始抢!!!!
[INFO]2024-04-17 07:59:52,877 main.py:66: 当前体育馆0
[INFO]2024-04-17 07:59:53,101 function.py:46: 获取空闲表格成功
[INFO]2024-04-17 07:59:53,101 main.py:71: 当前体育馆0空闲:32
[CRITICAL]2024-04-17 08:59:56,520 log.py:22: get logger
[CRITICAL]2024-04-17 08:59:57,604 log.py:22: get logger
[INFO]2024-04-17 08:59:57,604 main.py:42: ######################
[INFO]2024-04-17 08:59:59,793 main.py:63: !!!!开始抢!!!!
[INFO]2024-04-17 08:59:59,793 main.py:66: 当前体育馆0
[INFO]2024-04-17 08:59:59,969 function.py:46: 获取空闲表格成功
[INFO]2024-04-17 08:59:59,969 main.py:71: 当前体育馆0空闲:0
[INFO]2024-04-17 08:59:59,969 main.py:66: 当前体育馆1
[INFO]2024-04-17 09:00:00,116 function.py:46: 获取空闲表格成功
[INFO]2024-04-17 09:00:00,116 main.py:71: 当前体育馆1空闲:0
[INFO]2024-04-17 09:00:00,116 main.py:66: 当前体育馆2
[INFO]2024-04-17 09:00:00,250 function.py:46: 获取空闲表格成功
[INFO]2024-04-17 09:00:00,250 main.py:71: 当前体育馆2空闲:0
[INFO]2024-04-17 09:00:00,250 main.py:101: 无空闲场地
[CRITICAL]2024-04-17 09:00:14,481 log.py:22: get logger
[CRITICAL]2024-04-17 09:00:15,573 log.py:22: get logger
[INFO]2024-04-17 09:00:15,573 main.py:42: ######################
[INFO]2024-04-17 09:00:17,767 main.py:63: !!!!开始抢!!!!
[INFO]2024-04-17 09:00:17,767 main.py:66: 当前体育馆0
[INFO]2024-04-17 09:00:17,949 function.py:46: 获取空闲表格成功
[INFO]2024-04-17 09:00:17,949 main.py:71: 当前体育馆0空闲:0
[INFO]2024-04-17 09:00:17,949 main.py:66: 当前体育馆1
[INFO]2024-04-17 09:00:18,101 function.py:46: 获取空闲表格成功
[INFO]2024-04-17 09:00:18,101 main.py:71: 当前体育馆1空闲:0
[INFO]2024-04-17 09:00:18,101 main.py:66: 当前体育馆2
[INFO]2024-04-17 09:00:18,229 function.py:46: 获取空闲表格成功
[INFO]2024-04-17 09:00:18,229 main.py:71: 当前体育馆2空闲:0
[INFO]2024-04-17 09:00:18,229 main.py:101: 无空闲场地
[CRITICAL]2024-04-17 09:03:17,731 log.py:22: get logger
[CRITICAL]2024-04-17 09:03:18,836 log.py:22: get logger
[INFO]2024-04-17 09:03:18,836 main.py:42: ######################
[INFO]2024-04-17 09:03:21,211 main.py:63: !!!!开始抢!!!!
[INFO]2024-04-17 09:03:21,211 main.py:66: 当前体育馆0
[INFO]2024-04-17 09:03:21,383 function.py:46: 获取空闲表格成功
[INFO]2024-04-17 09:03:21,383 main.py:71: 当前体育馆0空闲:0
[INFO]2024-04-17 09:03:21,383 main.py:66: 当前体育馆1
[INFO]2024-04-17 09:03:21,524 function.py:46: 获取空闲表格成功
[INFO]2024-04-17 09:03:21,524 main.py:71: 当前体育馆1空闲:0
[INFO]2024-04-17 09:03:21,524 main.py:66: 当前体育馆2
[INFO]2024-04-17 09:03:21,660 function.py:46: 获取空闲表格成功
[INFO]2024-04-17 09:03:21,660 main.py:71: 当前体育馆2空闲:0
[INFO]2024-04-17 09:03:21,660 main.py:101: 无空闲场地
[CRITICAL]2024-04-17 14:58:17,148 log.py:22: get logger
[CRITICAL]2024-04-17 14:58:18,401 log.py:22: get logger
[INFO]2024-04-17 14:58:18,401 main.py:42: ######################
[INFO]2024-04-17 14:58:22,728 main.py:63: !!!!开始抢!!!!
[INFO]2024-04-17 14:58:22,728 main.py:66: 当前体育馆0
[INFO]2024-04-17 14:58:22,975 function.py:46: 获取空闲表格成功
[INFO]2024-04-17 14:58:22,979 main.py:71: 当前体育馆0空闲:0
[INFO]2024-04-17 14:58:22,979 main.py:66: 当前体育馆1
[INFO]2024-04-17 14:58:23,214 function.py:46: 获取空闲表格成功
[INFO]2024-04-17 14:58:23,214 main.py:71: 当前体育馆1空闲:0
[INFO]2024-04-17 14:58:23,214 main.py:66: 当前体育馆2
[INFO]2024-04-17 14:58:23,423 function.py:46: 获取空闲表格成功
[INFO]2024-04-17 14:58:23,423 main.py:71: 当前体育馆2空闲:0
[INFO]2024-04-17 14:58:23,423 main.py:101: 无空闲场地
[CRITICAL]2024-04-17 14:58:45,070 log.py:22: get logger
[CRITICAL]2024-04-17 14:58:46,145 log.py:22: get logger
[INFO]2024-04-17 14:58:46,146 main.py:42: ######################
[INFO]2024-04-17 14:58:50,471 main.py:63: !!!!开始抢!!!!
[INFO]2024-04-17 14:58:50,471 main.py:66: 当前体育馆0
[INFO]2024-04-17 14:58:50,758 function.py:46: 获取空闲表格成功
[INFO]2024-04-17 14:58:50,758 main.py:71: 当前体育馆0空闲:0
[INFO]2024-04-17 14:58:50,758 main.py:66: 当前体育馆1
[INFO]2024-04-17 14:58:51,021 function.py:46: 获取空闲表格成功
[INFO]2024-04-17 14:58:51,021 main.py:71: 当前体育馆1空闲:0
[INFO]2024-04-17 14:58:51,021 main.py:66: 当前体育馆2
[INFO]2024-04-17 14:58:51,257 function.py:46: 获取空闲表格成功
[INFO]2024-04-17 14:58:51,257 main.py:71: 当前体育馆2空闲:0
[INFO]2024-04-17 14:58:51,257 main.py:101: 无空闲场地
[CRITICAL]2024-04-17 15:02:47,602 log.py:22: get logger
[CRITICAL]2024-04-17 15:02:48,680 log.py:22: get logger
[INFO]2024-04-17 15:02:48,680 main.py:42: ######################
[INFO]2024-04-17 15:02:52,934 main.py:63: !!!!开始抢!!!!
[INFO]2024-04-17 15:02:52,934 main.py:66: 当前体育馆0
[INFO]2024-04-17 15:02:53,209 function.py:46: 获取空闲表格成功
[INFO]2024-04-17 15:02:53,209 main.py:71: 当前体育馆0空闲:0
[INFO]2024-04-17 15:02:53,209 main.py:66: 当前体育馆1
[INFO]2024-04-17 15:02:53,469 function.py:46: 获取空闲表格成功
[INFO]2024-04-17 15:02:53,469 main.py:71: 当前体育馆1空闲:0
[INFO]2024-04-17 15:02:53,469 main.py:66: 当前体育馆2
[INFO]2024-04-17 15:02:53,703 function.py:46: 获取空闲表格成功
[INFO]2024-04-17 15:02:53,703 main.py:71: 当前体育馆2空闲:0
[INFO]2024-04-17 15:02:53,703 main.py:101: 无空闲场地
[CRITICAL]2024-04-17 15:03:15,443 log.py:22: get logger
[CRITICAL]2024-04-17 15:03:16,505 log.py:22: get logger
[INFO]2024-04-17 15:03:16,505 main.py:42: ######################
[INFO]2024-04-17 15:03:20,923 main.py:63: !!!!开始抢!!!!
[INFO]2024-04-17 15:03:20,923 main.py:66: 当前体育馆0
[INFO]2024-04-17 15:03:21,202 function.py:46: 获取空闲表格成功
[INFO]2024-04-17 15:03:21,202 main.py:71: 当前体育馆0空闲:1
[INFO]2024-04-17 15:03:21,589 main.py:77: 选择场地成功
[INFO]2024-04-17 15:03:22,041 function.py:21: 验证码处理成功：返回结果6
[INFO]2024-04-17 15:03:22,069 main.py:86: 切换验证码
[INFO]2024-04-17 15:03:22,178 function.py:21: 验证码处理成功：返回结果ij
[INFO]2024-04-17 15:03:22,201 main.py:86: 切换验证码
[INFO]2024-04-17 15:03:22,286 function.py:21: 验证码处理成功：返回结果hceP
[INFO]2024-04-17 15:03:22,337 main.py:89: 已输入验证码
[INFO]2024-04-17 15:03:22,646 function.py:101: 预约验证码错误
[INFO]2024-04-17 15:03:23,199 function.py:46: 获取空闲表格成功
[INFO]2024-04-17 15:03:23,199 main.py:71: 当前体育馆0空闲:1
[INFO]2024-04-17 15:03:23,495 main.py:77: 选择场地成功
[INFO]2024-04-17 15:03:23,901 function.py:21: 验证码处理成功：返回结果j
[INFO]2024-04-17 15:03:23,925 main.py:86: 切换验证码
[INFO]2024-04-17 15:03:24,006 function.py:21: 验证码处理成功：返回结果l
[INFO]2024-04-17 15:03:24,030 main.py:86: 切换验证码
[INFO]2024-04-17 15:03:24,108 function.py:21: 验证码处理成功：返回结果Ng
[INFO]2024-04-17 15:03:24,130 main.py:86: 切换验证码
[INFO]2024-04-17 15:03:24,219 function.py:21: 验证码处理成功：返回结果SOsG
[INFO]2024-04-17 15:03:24,265 main.py:89: 已输入验证码
[INFO]2024-04-17 15:03:24,579 function.py:101: 预约验证码错误
[INFO]2024-04-17 15:03:25,127 function.py:46: 获取空闲表格成功
[INFO]2024-04-17 15:03:25,127 main.py:71: 当前体育馆0空闲:1
[INFO]2024-04-17 15:03:25,435 main.py:77: 选择场地成功
[INFO]2024-04-17 15:03:25,848 function.py:21: 验证码处理成功：返回结果j
[INFO]2024-04-17 15:03:25,876 main.py:86: 切换验证码
[INFO]2024-04-17 15:03:25,954 function.py:21: 验证码处理成功：返回结果6
[INFO]2024-04-17 15:03:25,976 main.py:86: 切换验证码
[INFO]2024-04-17 15:03:26,058 function.py:21: 验证码处理成功：返回结果jsrg
[INFO]2024-04-17 15:03:26,110 main.py:89: 已输入验证码
[INFO]2024-04-17 15:03:26,416 function.py:101: 预约验证码错误
[INFO]2024-04-17 15:03:26,983 function.py:46: 获取空闲表格成功
[INFO]2024-04-17 15:03:26,983 main.py:71: 当前体育馆0空闲:1
[INFO]2024-04-17 15:03:27,275 main.py:77: 选择场地成功
[INFO]2024-04-17 15:03:27,687 function.py:21: 验证码处理成功：返回结果j
[INFO]2024-04-17 15:03:27,716 main.py:86: 切换验证码
[INFO]2024-04-17 15:03:27,790 function.py:21: 验证码处理成功：返回结果l
[INFO]2024-04-17 15:03:27,812 main.py:86: 切换验证码
[INFO]2024-04-17 15:03:27,897 function.py:21: 验证码处理成功：返回结果kgJjJ
[INFO]2024-04-17 15:03:27,919 main.py:86: 切换验证码
[INFO]2024-04-17 15:03:27,997 function.py:21: 验证码处理成功：返回结果rFDx
[INFO]2024-04-17 15:03:28,042 main.py:89: 已输入验证码
[INFO]2024-04-17 15:03:28,355 function.py:101: 预约验证码错误
[INFO]2024-04-17 15:03:28,900 function.py:46: 获取空闲表格成功
[INFO]2024-04-17 15:03:28,900 main.py:71: 当前体育馆0空闲:1
[INFO]2024-04-17 15:03:29,254 main.py:77: 选择场地成功
[INFO]2024-04-17 15:03:29,665 function.py:21: 验证码处理成功：返回结果j
[INFO]2024-04-17 15:03:29,687 main.py:86: 切换验证码
[INFO]2024-04-17 15:03:29,765 function.py:21: 验证码处理成功：返回结果l
[INFO]2024-04-17 15:03:29,786 main.py:86: 切换验证码
[INFO]2024-04-17 15:03:29,860 function.py:21: 验证码处理成功：返回结果kLjL
[INFO]2024-04-17 15:03:29,910 main.py:89: 已输入验证码
[INFO]2024-04-17 15:03:30,225 function.py:101: 预约验证码错误
[INFO]2024-04-17 15:03:30,781 function.py:46: 获取空闲表格成功
[INFO]2024-04-17 15:03:30,781 main.py:71: 当前体育馆0空闲:1
[INFO]2024-04-17 15:03:31,090 main.py:77: 选择场地成功
[INFO]2024-04-17 15:03:31,506 function.py:21: 验证码处理成功：返回结果j
[INFO]2024-04-17 15:03:31,532 main.py:86: 切换验证码
[INFO]2024-04-17 15:03:31,615 function.py:21: 验证码处理成功：返回结果m
[INFO]2024-04-17 15:03:31,634 main.py:86: 切换验证码
[INFO]2024-04-17 15:03:31,705 function.py:21: 验证码处理成功：返回结果ktgk
[INFO]2024-04-17 15:03:31,766 main.py:89: 已输入验证码
[INFO]2024-04-17 15:03:32,079 function.py:101: 预约验证码错误
[INFO]2024-04-17 15:03:32,636 function.py:46: 获取空闲表格成功
[INFO]2024-04-17 15:03:32,636 main.py:71: 当前体育馆0空闲:1
[INFO]2024-04-17 15:03:32,930 main.py:77: 选择场地成功
[INFO]2024-04-17 15:03:33,332 function.py:21: 验证码处理成功：返回结果j
[INFO]2024-04-17 15:03:33,359 main.py:86: 切换验证码
[INFO]2024-04-17 15:03:33,440 function.py:21: 验证码处理成功：返回结果m
[INFO]2024-04-17 15:03:33,461 main.py:86: 切换验证码
[INFO]2024-04-17 15:03:33,534 function.py:21: 验证码处理成功：返回结果tyyg
[INFO]2024-04-17 15:03:33,584 main.py:89: 已输入验证码
[INFO]2024-04-17 15:03:33,894 function.py:101: 预约验证码错误
[INFO]2024-04-17 15:03:34,467 function.py:46: 获取空闲表格成功
[INFO]2024-04-17 15:03:34,467 main.py:71: 当前体育馆0空闲:1
[INFO]2024-04-17 15:03:34,763 main.py:77: 选择场地成功
[INFO]2024-04-17 15:03:35,244 function.py:21: 验证码处理成功：返回结果J
[INFO]2024-04-17 15:03:35,271 main.py:86: 切换验证码
[INFO]2024-04-17 15:03:35,349 function.py:21: 验证码处理成功：返回结果ij
[INFO]2024-04-17 15:03:35,373 main.py:86: 切换验证码
[INFO]2024-04-17 15:03:35,449 function.py:21: 验证码处理成功：返回结果ZyMC
[INFO]2024-04-17 15:03:35,494 main.py:89: 已输入验证码
[INFO]2024-04-17 15:03:35,808 function.py:101: 预约验证码错误
[INFO]2024-04-17 15:03:36,961 function.py:46: 获取空闲表格成功
[INFO]2024-04-17 15:03:36,961 main.py:71: 当前体育馆0空闲:1
[INFO]2024-04-17 15:03:37,911 main.py:77: 选择场地成功
[INFO]2024-04-17 15:03:38,329 function.py:21: 验证码处理成功：返回结果6
[INFO]2024-04-17 15:03:38,362 main.py:86: 切换验证码
[INFO]2024-04-17 15:03:38,434 function.py:21: 验证码处理成功：返回结果6
[INFO]2024-04-17 15:03:38,455 main.py:86: 切换验证码
[INFO]2024-04-17 15:03:38,525 function.py:21: 验证码处理成功：返回结果ytYx
[INFO]2024-04-17 15:03:38,579 main.py:89: 已输入验证码
[INFO]2024-04-17 15:03:38,884 function.py:101: 预约验证码错误
[INFO]2024-04-17 15:03:39,947 function.py:46: 获取空闲表格成功
[INFO]2024-04-17 15:03:39,947 main.py:71: 当前体育馆0空闲:1
[INFO]2024-04-17 15:03:40,483 main.py:77: 选择场地成功
[INFO]2024-04-17 15:03:40,897 function.py:21: 验证码处理成功：返回结果j
[INFO]2024-04-17 15:03:40,922 main.py:86: 切换验证码
[INFO]2024-04-17 15:03:41,008 function.py:21: 验证码处理成功：返回结果m
[INFO]2024-04-17 15:03:41,029 main.py:86: 切换验证码
[INFO]2024-04-17 15:03:41,119 function.py:21: 验证码处理成功：返回结果Yfg
[INFO]2024-04-17 15:03:41,143 main.py:86: 切换验证码
[INFO]2024-04-17 15:03:41,221 function.py:21: 验证码处理成功：返回结果Zf6N
[INFO]2024-04-17 15:03:41,265 main.py:89: 已输入验证码
[INFO]2024-04-17 15:03:41,575 function.py:101: 预约验证码错误
[INFO]2024-04-17 15:03:42,476 function.py:46: 获取空闲表格成功
[INFO]2024-04-17 15:03:42,476 main.py:71: 当前体育馆0空闲:1
[INFO]2024-04-17 15:03:42,935 main.py:77: 选择场地成功
[INFO]2024-04-17 15:03:43,350 function.py:21: 验证码处理成功：返回结果j
[INFO]2024-04-17 15:03:43,375 main.py:86: 切换验证码
[INFO]2024-04-17 15:03:43,450 function.py:21: 验证码处理成功：返回结果l
[INFO]2024-04-17 15:03:43,473 main.py:86: 切换验证码
[INFO]2024-04-17 15:03:43,556 function.py:21: 验证码处理成功：返回结果kgLj
[INFO]2024-04-17 15:03:43,608 main.py:89: 已输入验证码
[INFO]2024-04-17 15:03:43,926 function.py:101: 预约验证码错误
[INFO]2024-04-17 15:03:44,742 function.py:46: 获取空闲表格成功
[INFO]2024-04-17 15:03:44,742 main.py:71: 当前体育馆0空闲:1
[INFO]2024-04-17 15:03:45,201 main.py:77: 选择场地成功
[CRITICAL]2024-04-18 07:59:47,205 log.py:22: get logger
[CRITICAL]2024-04-18 07:59:50,815 log.py:22: get logger
[INFO]2024-04-18 07:59:50,815 main.py:42: ######################
[INFO]2024-04-18 07:59:53,533 main.py:63: !!!!开始抢!!!!
[INFO]2024-04-18 07:59:53,533 main.py:66: 当前体育馆0
[INFO]2024-04-18 07:59:53,793 function.py:46: 获取空闲表格成功
[INFO]2024-04-18 07:59:53,793 main.py:71: 当前体育馆0空闲:34
[INFO]2024-04-18 07:59:53,950 main.py:77: 选择场地成功
[INFO]2024-04-18 07:59:54,429 function.py:21: 验证码处理成功：返回结果l
[INFO]2024-04-18 07:59:54,454 main.py:86: 切换验证码
[INFO]2024-04-18 07:59:54,577 function.py:21: 验证码处理成功：返回结果pSr1
[INFO]2024-04-18 07:59:54,623 main.py:89: 已输入验证码
[INFO]2024-04-18 07:59:54,940 function.py:113: 其他错误
[INFO]2024-04-18 07:59:55,298 function.py:46: 获取空闲表格成功
[INFO]2024-04-18 07:59:55,298 main.py:71: 当前体育馆0空闲:27
[INFO]2024-04-18 07:59:55,411 main.py:77: 选择场地成功
[INFO]2024-04-18 07:59:55,983 function.py:21: 验证码处理成功：返回结果6
[INFO]2024-04-18 07:59:56,009 main.py:86: 切换验证码
[INFO]2024-04-18 07:59:56,144 function.py:21: 验证码处理成功：返回结果tcy
[INFO]2024-04-18 07:59:56,168 main.py:86: 切换验证码
[INFO]2024-04-18 07:59:56,270 function.py:21: 验证码处理成功：返回结果SW1
[INFO]2024-04-18 07:59:56,293 main.py:86: 切换验证码
[INFO]2024-04-18 07:59:56,416 function.py:21: 验证码处理成功：返回结果tLha
[INFO]2024-04-18 07:59:56,460 main.py:89: 已输入验证码
[INFO]2024-04-18 07:59:56,774 function.py:117: 预定成功
[INFO]2024-04-18 07:59:56,774 main.py:97: 验证码正确
[CRITICAL]2024-04-19 07:59:48,182 log.py:22: get logger
[CRITICAL]2024-04-19 07:59:51,846 log.py:22: get logger
[INFO]2024-04-19 07:59:51,846 main.py:42: ######################
[INFO]2024-04-19 07:59:54,230 main.py:63: !!!!开始抢!!!!
[INFO]2024-04-19 07:59:54,230 main.py:66: 当前体育馆0
[INFO]2024-04-19 07:59:54,455 function.py:46: 获取空闲表格成功
[INFO]2024-04-19 07:59:54,455 main.py:71: 当前体育馆0空闲:16
[INFO]2024-04-19 07:59:54,588 main.py:77: 选择场地成功
[INFO]2024-04-19 07:59:55,006 function.py:21: 验证码处理成功：返回结果R
[INFO]2024-04-19 07:59:55,029 main.py:86: 切换验证码
[INFO]2024-04-19 07:59:55,110 function.py:21: 验证码处理成功：返回结果xkJJJ
[INFO]2024-04-19 07:59:55,131 main.py:86: 切换验证码
[INFO]2024-04-19 07:59:55,201 function.py:21: 验证码处理成功：返回结果6Ahz
[INFO]2024-04-19 07:59:55,247 main.py:89: 已输入验证码
[INFO]2024-04-19 07:59:55,557 function.py:117: 预定成功
[INFO]2024-04-19 07:59:55,557 main.py:97: 验证码正确
[CRITICAL]2024-04-24 07:59:47,590 log.py:22: get logger
[CRITICAL]2024-04-24 08:07:51,442 log.py:22: get logger
[CRITICAL]2024-04-24 08:10:18,241 log.py:22: get logger
[CRITICAL]2024-04-24 14:23:10,886 log.py:22: get logger
[CRITICAL]2024-04-24 14:24:09,707 log.py:22: get logger
[CRITICAL]2024-04-24 14:28:25,839 log.py:22: get logger
[CRITICAL]2024-04-24 14:28:26,946 log.py:22: get logger
[INFO]2024-04-24 14:28:26,946 main.py:42: ######################
[INFO]2024-04-24 14:28:29,257 main.py:63: !!!!开始抢!!!!
[INFO]2024-04-24 14:28:29,257 main.py:66: 当前体育馆0
[INFO]2024-04-24 14:28:29,451 function.py:46: 获取空闲表格成功
[INFO]2024-04-24 14:28:29,451 main.py:71: 当前体育馆0空闲:0
[INFO]2024-04-24 14:28:29,451 main.py:66: 当前体育馆1
[INFO]2024-04-24 14:28:29,622 function.py:46: 获取空闲表格成功
[INFO]2024-04-24 14:28:29,622 main.py:71: 当前体育馆1空闲:0
[INFO]2024-04-24 14:28:29,622 main.py:66: 当前体育馆2
[INFO]2024-04-24 14:28:29,814 function.py:46: 获取空闲表格成功
[INFO]2024-04-24 14:28:29,814 main.py:71: 当前体育馆2空闲:0
[INFO]2024-04-24 14:28:29,814 main.py:101: 无空闲场地
[CRITICAL]2024-04-24 14:29:09,895 log.py:22: get logger
[CRITICAL]2024-04-24 14:29:10,973 log.py:22: get logger
[INFO]2024-04-24 14:29:10,973 main.py:42: ######################
[INFO]2024-04-24 14:29:13,086 main.py:63: !!!!开始抢!!!!
[INFO]2024-04-24 14:29:13,086 main.py:66: 当前体育馆0
[INFO]2024-04-24 14:29:13,277 function.py:46: 获取空闲表格成功
[INFO]2024-04-24 14:29:13,277 main.py:71: 当前体育馆0空闲:0
[INFO]2024-04-24 14:29:13,277 main.py:66: 当前体育馆1
[INFO]2024-04-24 14:29:13,487 function.py:46: 获取空闲表格成功
[INFO]2024-04-24 14:29:13,487 main.py:71: 当前体育馆1空闲:0
[INFO]2024-04-24 14:29:13,487 main.py:66: 当前体育馆2
[INFO]2024-04-24 14:29:13,635 function.py:46: 获取空闲表格成功
[INFO]2024-04-24 14:29:13,635 main.py:71: 当前体育馆2空闲:0
[INFO]2024-04-24 14:29:13,635 main.py:101: 无空闲场地
[CRITICAL]2024-04-24 23:31:11,335 log.py:22: get logger
[CRITICAL]2024-04-24 23:31:12,483 log.py:22: get logger
[INFO]2024-04-24 23:31:12,483 main.py:42: ######################
[INFO]2024-04-24 23:31:14,765 main.py:63: !!!!开始抢!!!!
[INFO]2024-04-24 23:31:14,766 main.py:66: 当前体育馆0
[INFO]2024-04-24 23:31:14,971 function.py:46: 获取空闲表格成功
[INFO]2024-04-24 23:31:14,971 main.py:71: 当前体育馆0空闲:1
[INFO]2024-04-24 23:31:15,117 main.py:77: 选择场地成功
[INFO]2024-04-24 23:31:15,621 function.py:21: 验证码处理成功：返回结果l
[INFO]2024-04-24 23:31:15,651 main.py:86: 切换验证码
[INFO]2024-04-24 23:31:15,760 function.py:21: 验证码处理成功：返回结果jBzT
[INFO]2024-04-24 23:31:15,822 main.py:89: 已输入验证码
[INFO]2024-04-24 23:31:16,136 function.py:101: 预约验证码错误
[INFO]2024-04-24 23:31:16,437 function.py:46: 获取空闲表格成功
[INFO]2024-04-24 23:31:16,437 main.py:71: 当前体育馆0空闲:1
[INFO]2024-04-24 23:31:16,557 main.py:77: 选择场地成功
[INFO]2024-04-24 23:31:17,016 function.py:21: 验证码处理成功：返回结果W4
[INFO]2024-04-24 23:31:17,044 main.py:86: 切换验证码
[INFO]2024-04-24 23:31:17,171 function.py:21: 验证码处理成功：返回结果F5Am
[INFO]2024-04-24 23:31:17,236 main.py:89: 已输入验证码
[INFO]2024-04-24 23:31:17,553 function.py:101: 预约验证码错误
[INFO]2024-04-24 23:31:17,860 function.py:46: 获取空闲表格成功
[INFO]2024-04-24 23:31:17,860 main.py:71: 当前体育馆0空闲:1
[INFO]2024-04-24 23:31:18,008 main.py:77: 选择场地成功
[INFO]2024-04-24 23:31:18,487 function.py:21: 验证码处理成功：返回结果Ij
[INFO]2024-04-24 23:31:18,510 main.py:86: 切换验证码
[INFO]2024-04-24 23:31:18,669 function.py:21: 验证码处理成功：返回结果BaMI
[INFO]2024-04-24 23:31:18,712 main.py:89: 已输入验证码
[INFO]2024-04-24 23:31:19,030 function.py:101: 预约验证码错误
[INFO]2024-04-24 23:31:19,333 function.py:46: 获取空闲表格成功
[INFO]2024-04-24 23:31:19,333 main.py:71: 当前体育馆0空闲:1
[INFO]2024-04-24 23:31:19,452 main.py:77: 选择场地成功
[INFO]2024-04-24 23:31:19,966 function.py:21: 验证码处理成功：返回结果j
[INFO]2024-04-24 23:31:19,988 main.py:86: 切换验证码
[INFO]2024-04-24 23:31:20,113 function.py:21: 验证码处理成功：返回结果9FdX
[INFO]2024-04-24 23:31:20,158 main.py:89: 已输入验证码
[INFO]2024-04-24 23:31:20,471 function.py:105: 未到预约开放时间
[INFO]2024-04-24 23:31:20,474 main.py:101: 无空闲场地
[CRITICAL]2024-04-25 07:59:47,868 log.py:22: get logger
[CRITICAL]2024-04-25 07:59:48,954 log.py:22: get logger
[INFO]2024-04-25 07:59:48,955 main.py:42: ######################
[INFO]2024-04-25 07:59:50,984 main.py:63: !!!!开始抢!!!!
[INFO]2024-04-25 07:59:50,985 main.py:66: 当前体育馆0
[INFO]2024-04-25 07:59:51,398 function.py:46: 获取空闲表格成功
[INFO]2024-04-25 07:59:51,398 main.py:71: 当前体育馆0空闲:0
[INFO]2024-04-25 07:59:51,398 main.py:66: 当前体育馆1
[INFO]2024-04-25 07:59:51,564 function.py:46: 获取空闲表格成功
[INFO]2024-04-25 07:59:51,564 main.py:71: 当前体育馆1空闲:0
[INFO]2024-04-25 07:59:51,564 main.py:66: 当前体育馆2
[INFO]2024-04-25 07:59:51,711 function.py:46: 获取空闲表格成功
[INFO]2024-04-25 07:59:51,711 main.py:71: 当前体育馆2空闲:0
[INFO]2024-04-25 07:59:51,711 main.py:101: 无空闲场地
[CRITICAL]2024-04-25 08:21:20,127 log.py:22: get logger
[CRITICAL]2024-04-25 08:21:21,212 log.py:22: get logger
[INFO]2024-04-25 08:21:21,212 main.py:42: ######################
[INFO]2024-04-25 08:21:23,700 main.py:63: !!!!开始抢!!!!
[INFO]2024-04-25 08:21:23,700 main.py:66: 当前体育馆0
[INFO]2024-04-25 08:21:23,919 function.py:46: 获取空闲表格成功
[INFO]2024-04-25 08:21:23,919 main.py:71: 当前体育馆0空闲:0
[INFO]2024-04-25 08:21:23,919 main.py:66: 当前体育馆1
[INFO]2024-04-25 08:21:24,091 function.py:46: 获取空闲表格成功
[INFO]2024-04-25 08:21:24,091 main.py:71: 当前体育馆1空闲:0
[INFO]2024-04-25 08:21:24,091 main.py:66: 当前体育馆2
[INFO]2024-04-25 08:21:24,245 function.py:46: 获取空闲表格成功
[INFO]2024-04-25 08:21:24,245 main.py:71: 当前体育馆2空闲:0
[INFO]2024-04-25 08:21:24,245 main.py:101: 无空闲场地
[CRITICAL]2024-04-26 07:59:47,994 log.py:22: get logger
[CRITICAL]2024-04-26 07:59:49,146 log.py:22: get logger
[INFO]2024-04-26 07:59:49,146 main.py:42: ######################
[INFO]2024-04-26 07:59:51,516 main.py:63: !!!!开始抢!!!!
[INFO]2024-04-26 07:59:51,516 main.py:66: 当前体育馆0
[INFO]2024-04-26 07:59:51,769 function.py:46: 获取空闲表格成功
[INFO]2024-04-26 07:59:51,769 main.py:71: 当前体育馆0空闲:26
[INFO]2024-04-26 07:59:51,902 main.py:77: 选择场地成功
[INFO]2024-04-26 07:59:52,441 function.py:21: 验证码处理成功：返回结果LL
[INFO]2024-04-26 07:59:52,467 main.py:86: 切换验证码
[INFO]2024-04-26 07:59:52,581 function.py:21: 验证码处理成功：返回结果NhS
[INFO]2024-04-26 07:59:52,603 main.py:86: 切换验证码
[INFO]2024-04-26 07:59:52,723 function.py:21: 验证码处理成功：返回结果EpKN
[INFO]2024-04-26 07:59:52,772 main.py:89: 已输入验证码
[INFO]2024-04-26 07:59:53,080 function.py:117: 预定成功
[INFO]2024-04-26 07:59:53,080 main.py:97: 验证码正确
[CRITICAL]2024-04-27 07:59:48,060 log.py:22: get logger
[CRITICAL]2024-04-27 07:59:49,573 log.py:22: get logger
[INFO]2024-04-27 07:59:49,573 main.py:42: ######################
[INFO]2024-04-27 07:59:51,725 main.py:63: !!!!开始抢!!!!
[INFO]2024-04-27 07:59:51,725 main.py:66: 当前体育馆0
[INFO]2024-04-27 07:59:51,985 function.py:46: 获取空闲表格成功
[INFO]2024-04-27 07:59:51,985 main.py:71: 当前体育馆0空闲:31
[INFO]2024-04-27 07:59:52,112 main.py:77: 选择场地成功
[INFO]2024-04-27 07:59:52,594 function.py:21: 验证码处理成功：返回结果6
[INFO]2024-04-27 07:59:52,615 main.py:86: 切换验证码
[INFO]2024-04-27 07:59:52,727 function.py:21: 验证码处理成功：返回结果w4uQ
[INFO]2024-04-27 07:59:52,784 main.py:89: 已输入验证码
[INFO]2024-04-27 07:59:53,092 function.py:117: 预定成功
[INFO]2024-04-27 07:59:53,092 main.py:97: 验证码正确
[CRITICAL]2024-05-02 21:31:04,192 log.py:22: get logger
[CRITICAL]2024-05-02 21:31:05,356 log.py:22: get logger
[INFO]2024-05-02 21:31:05,356 main.py:42: ######################
[INFO]2024-05-02 21:31:07,475 main.py:63: !!!!开始抢!!!!
[INFO]2024-05-02 21:31:07,475 main.py:66: 当前体育馆0
[INFO]2024-05-02 21:31:07,661 function.py:46: 获取空闲表格成功
[INFO]2024-05-02 21:31:07,661 main.py:71: 当前体育馆0空闲:0
[INFO]2024-05-02 21:31:07,661 main.py:66: 当前体育馆1
[INFO]2024-05-02 21:31:15,930 function.py:46: 获取空闲表格成功
[INFO]2024-05-02 21:31:15,931 main.py:71: 当前体育馆1空闲:0
[INFO]2024-05-02 21:31:15,931 main.py:66: 当前体育馆2
[CRITICAL]2024-05-02 21:31:20,487 log.py:22: get logger
[CRITICAL]2024-05-02 21:31:21,520 log.py:22: get logger
[INFO]2024-05-02 21:31:21,521 main.py:42: ######################
[INFO]2024-05-02 21:31:23,592 main.py:63: !!!!开始抢!!!!
[INFO]2024-05-02 21:31:23,592 main.py:66: 当前体育馆0
[INFO]2024-05-02 21:31:23,780 function.py:46: 获取空闲表格成功
[INFO]2024-05-02 21:31:23,780 main.py:71: 当前体育馆0空闲:0
[INFO]2024-05-02 21:31:23,780 main.py:66: 当前体育馆1
[CRITICAL]2024-05-02 21:32:11,331 log.py:22: get logger
[CRITICAL]2024-05-02 21:32:12,352 log.py:22: get logger
[INFO]2024-05-02 21:32:12,352 main.py:42: ######################
[INFO]2024-05-02 21:32:14,444 main.py:63: !!!!开始抢!!!!
[INFO]2024-05-02 21:32:14,444 main.py:66: 当前体育馆0
[INFO]2024-05-02 21:32:14,649 function.py:46: 获取空闲表格成功
[INFO]2024-05-02 21:32:14,649 main.py:71: 当前体育馆0空闲:7
[INFO]2024-05-02 21:32:14,775 main.py:77: 选择场地成功
[INFO]2024-05-02 21:32:15,217 function.py:21: 验证码处理成功：返回结果O
[INFO]2024-05-02 21:32:15,241 main.py:86: 切换验证码
[INFO]2024-05-02 21:32:15,319 function.py:21: 验证码处理成功：返回结果tmU9
[INFO]2024-05-02 21:32:15,377 main.py:89: 已输入验证码
[INFO]2024-05-02 21:32:15,693 function.py:117: 预定成功
[INFO]2024-05-02 21:32:15,693 main.py:97: 验证码正确
[CRITICAL]2024-05-02 21:33:00,339 log.py:22: get logger
[CRITICAL]2024-05-02 21:33:01,399 log.py:22: get logger
[INFO]2024-05-02 21:33:01,399 main.py:42: ######################
[INFO]2024-05-02 21:33:03,489 main.py:63: !!!!开始抢!!!!
[INFO]2024-05-02 21:33:03,489 main.py:66: 当前体育馆0
[INFO]2024-05-02 21:33:03,642 function.py:46: 获取空闲表格成功
[INFO]2024-05-02 21:33:03,642 main.py:71: 当前体育馆0空闲:0
[INFO]2024-05-02 21:33:03,642 main.py:66: 当前体育馆1
[INFO]2024-05-02 21:33:03,783 function.py:46: 获取空闲表格成功
[INFO]2024-05-02 21:33:03,783 main.py:71: 当前体育馆1空闲:0
[INFO]2024-05-02 21:33:03,783 main.py:66: 当前体育馆2
[INFO]2024-05-02 21:33:03,916 function.py:46: 获取空闲表格成功
[INFO]2024-05-02 21:33:03,916 main.py:71: 当前体育馆2空闲:6
[CRITICAL]2024-05-02 21:33:20,578 log.py:22: get logger
[CRITICAL]2024-05-02 21:33:21,664 log.py:22: get logger
[INFO]2024-05-02 21:33:21,664 main.py:42: ######################
[INFO]2024-05-02 21:33:23,828 main.py:63: !!!!开始抢!!!!
[INFO]2024-05-02 21:33:23,828 main.py:66: 当前体育馆0
[INFO]2024-05-02 21:33:24,019 function.py:46: 获取空闲表格成功
[INFO]2024-05-02 21:33:24,019 main.py:71: 当前体育馆0空闲:0
[INFO]2024-05-02 21:33:24,019 main.py:66: 当前体育馆1
[INFO]2024-05-02 21:33:24,163 function.py:46: 获取空闲表格成功
[INFO]2024-05-02 21:33:24,163 main.py:71: 当前体育馆1空闲:0
[INFO]2024-05-02 21:33:24,163 main.py:66: 当前体育馆2
[INFO]2024-05-02 21:33:24,314 function.py:46: 获取空闲表格成功
[INFO]2024-05-02 21:33:24,314 main.py:71: 当前体育馆2空闲:6
[CRITICAL]2024-05-03 07:59:48,659 log.py:22: get logger
[CRITICAL]2024-05-03 07:59:52,327 log.py:22: get logger
[INFO]2024-05-03 07:59:52,327 main.py:42: ######################
[INFO]2024-05-03 07:59:54,770 main.py:63: !!!!开始抢!!!!
[INFO]2024-05-03 07:59:54,770 main.py:66: 当前体育馆0
[INFO]2024-05-03 07:59:54,928 function.py:46: 获取空闲表格成功
[INFO]2024-05-03 07:59:54,928 main.py:71: 当前体育馆0空闲:2
[INFO]2024-05-03 07:59:55,048 main.py:77: 选择场地成功
[CRITICAL]2024-05-15 07:59:47,597 log.py:22: get logger
[CRITICAL]2024-05-15 07:59:49,012 log.py:22: get logger
[INFO]2024-05-15 07:59:49,013 main.py:42: ######################
[INFO]2024-05-15 07:59:52,141 main.py:63: !!!!开始抢!!!!
[INFO]2024-05-15 07:59:52,141 main.py:66: 当前体育馆0
[INFO]2024-05-15 07:59:52,328 function.py:46: 获取空闲表格成功
[INFO]2024-05-15 07:59:52,328 main.py:71: 当前体育馆0空闲:0
[INFO]2024-05-15 07:59:52,328 main.py:66: 当前体育馆1
[INFO]2024-05-15 07:59:52,483 function.py:46: 获取空闲表格成功
[INFO]2024-05-15 07:59:52,483 main.py:71: 当前体育馆1空闲:0
[INFO]2024-05-15 07:59:52,483 main.py:66: 当前体育馆2
[INFO]2024-05-15 07:59:52,631 function.py:46: 获取空闲表格成功
[INFO]2024-05-15 07:59:52,631 main.py:71: 当前体育馆2空闲:0
[INFO]2024-05-15 07:59:52,632 main.py:101: 无空闲场地
[CRITICAL]2024-05-15 07:59:58,176 log.py:22: get logger
[CRITICAL]2024-05-15 07:59:59,267 log.py:22: get logger
[INFO]2024-05-15 07:59:59,267 main.py:42: ######################
[INFO]2024-05-15 08:00:01,326 main.py:63: !!!!开始抢!!!!
[INFO]2024-05-15 08:00:01,326 main.py:66: 当前体育馆0
[INFO]2024-05-15 08:00:01,516 function.py:46: 获取空闲表格成功
[INFO]2024-05-15 08:00:01,516 main.py:71: 当前体育馆0空闲:0
[INFO]2024-05-15 08:00:01,516 main.py:66: 当前体育馆1
[INFO]2024-05-15 08:00:01,668 function.py:46: 获取空闲表格成功
[INFO]2024-05-15 08:00:01,668 main.py:71: 当前体育馆1空闲:0
[INFO]2024-05-15 08:00:01,668 main.py:66: 当前体育馆2
[INFO]2024-05-15 08:00:01,801 function.py:46: 获取空闲表格成功
[INFO]2024-05-15 08:00:01,801 main.py:71: 当前体育馆2空闲:0
[INFO]2024-05-15 08:00:01,801 main.py:101: 无空闲场地
[CRITICAL]2024-05-15 08:00:07,019 log.py:22: get logger
[CRITICAL]2024-05-15 08:00:08,111 log.py:22: get logger
[INFO]2024-05-15 08:00:08,111 main.py:42: ######################
[INFO]2024-05-15 08:00:10,230 main.py:63: !!!!开始抢!!!!
[INFO]2024-05-15 08:00:10,230 main.py:66: 当前体育馆0
[INFO]2024-05-15 08:00:10,416 function.py:46: 获取空闲表格成功
[INFO]2024-05-15 08:00:10,417 main.py:71: 当前体育馆0空闲:0
[INFO]2024-05-15 08:00:10,417 main.py:66: 当前体育馆1
[INFO]2024-05-15 08:00:10,571 function.py:46: 获取空闲表格成功
[INFO]2024-05-15 08:00:10,571 main.py:71: 当前体育馆1空闲:0
[INFO]2024-05-15 08:00:10,571 main.py:66: 当前体育馆2
[INFO]2024-05-15 08:00:10,707 function.py:46: 获取空闲表格成功
[INFO]2024-05-15 08:00:10,707 main.py:71: 当前体育馆2空闲:0
[INFO]2024-05-15 08:00:10,707 main.py:101: 无空闲场地
[CRITICAL]2024-05-16 07:59:48,384 log.py:22: get logger
[CRITICAL]2024-05-16 07:59:49,824 log.py:22: get logger
[INFO]2024-05-16 07:59:49,824 main.py:42: ######################
[CRITICAL]2024-05-16 08:32:39,634 log.py:22: get logger
[CRITICAL]2024-05-16 08:32:40,730 log.py:22: get logger
[INFO]2024-05-16 08:32:40,730 main.py:42: ######################
[INFO]2024-05-16 08:32:43,871 main.py:63: !!!!开始抢!!!!
[INFO]2024-05-16 08:32:43,871 main.py:66: 当前体育馆0
[INFO]2024-05-16 08:32:44,052 function.py:46: 获取空闲表格成功
[INFO]2024-05-16 08:32:44,052 main.py:71: 当前体育馆0空闲:0
[INFO]2024-05-16 08:32:44,052 main.py:66: 当前体育馆1
[INFO]2024-05-16 08:32:44,193 function.py:46: 获取空闲表格成功
[INFO]2024-05-16 08:32:44,194 main.py:71: 当前体育馆1空闲:0
[INFO]2024-05-16 08:32:44,194 main.py:66: 当前体育馆2
[INFO]2024-05-16 08:32:44,321 function.py:46: 获取空闲表格成功
[INFO]2024-05-16 08:32:44,321 main.py:71: 当前体育馆2空闲:0
[INFO]2024-05-16 08:32:44,322 main.py:101: 无空闲场地
[CRITICAL]2024-05-17 07:59:47,724 log.py:22: get logger
[CRITICAL]2024-05-17 07:59:49,326 log.py:22: get logger
[INFO]2024-05-17 07:59:49,326 main.py:42: ######################
[INFO]2024-05-17 07:59:51,625 main.py:63: !!!!开始抢!!!!
[INFO]2024-05-17 07:59:51,635 main.py:66: 当前体育馆0
[INFO]2024-05-17 07:59:51,865 function.py:46: 获取空闲表格成功
[INFO]2024-05-17 07:59:51,865 main.py:71: 当前体育馆0空闲:32
[CRITICAL]2024-05-17 08:02:40,446 log.py:22: get logger
[CRITICAL]2024-05-17 08:02:41,547 log.py:22: get logger
[INFO]2024-05-17 08:02:41,547 main.py:42: ######################
[INFO]2024-05-17 08:02:43,636 main.py:63: !!!!开始抢!!!!
[INFO]2024-05-17 08:02:43,636 main.py:66: 当前体育馆0
[INFO]2024-05-17 08:02:43,813 function.py:46: 获取空闲表格成功
[INFO]2024-05-17 08:02:43,813 main.py:71: 当前体育馆0空闲:2
[CRITICAL]2024-05-17 08:02:56,844 log.py:22: get logger
[CRITICAL]2024-05-17 08:02:57,937 log.py:22: get logger
[INFO]2024-05-17 08:02:57,937 main.py:42: ######################
[INFO]2024-05-17 08:03:00,051 main.py:63: !!!!开始抢!!!!
[INFO]2024-05-17 08:03:00,051 main.py:66: 当前体育馆0
[INFO]2024-05-17 08:03:00,234 function.py:46: 获取空闲表格成功
[INFO]2024-05-17 08:03:00,234 main.py:71: 当前体育馆0空闲:1
[CRITICAL]2024-05-22 07:59:43,581 log.py:22: get logger
[CRITICAL]2024-05-22 07:59:45,137 log.py:22: get logger
[INFO]2024-05-22 07:59:45,137 main.py:42: ######################
[CRITICAL]2024-05-22 09:41:10,939 log.py:22: get logger
[CRITICAL]2024-05-22 09:41:11,969 log.py:22: get logger
[INFO]2024-05-22 09:41:11,969 main.py:42: ######################
[CRITICAL]2024-05-23 07:59:43,489 log.py:22: get logger
[CRITICAL]2024-05-23 07:59:45,276 log.py:22: get logger
[INFO]2024-05-23 07:59:45,276 main.py:42: ######################
[INFO]2024-05-23 07:59:48,017 main.py:63: !!!!开始抢!!!!
[INFO]2024-05-23 07:59:48,017 main.py:66: 当前体育馆0
[INFO]2024-05-23 07:59:48,161 function.py:46: 获取空闲表格成功
[INFO]2024-05-23 07:59:48,161 main.py:71: 当前体育馆0空闲:0
[INFO]2024-05-23 07:59:48,161 main.py:66: 当前体育馆1
[INFO]2024-05-23 07:59:48,329 function.py:46: 获取空闲表格成功
[INFO]2024-05-23 07:59:48,329 main.py:71: 当前体育馆1空闲:9
[INFO]2024-05-23 07:59:48,470 main.py:77: 选择场地成功
[INFO]2024-05-23 07:59:48,922 function.py:21: 验证码处理成功：返回结果g
[INFO]2024-05-23 07:59:48,943 main.py:86: 切换验证码
[INFO]2024-05-23 07:59:49,014 function.py:21: 验证码处理成功：返回结果fjc
[INFO]2024-05-23 07:59:49,033 main.py:86: 切换验证码
[INFO]2024-05-23 07:59:49,104 function.py:21: 验证码处理成功：返回结果GHS
[INFO]2024-05-23 07:59:49,126 main.py:86: 切换验证码
[INFO]2024-05-23 07:59:49,212 function.py:21: 验证码处理成功：返回结果1skn
[INFO]2024-05-23 07:59:49,257 main.py:89: 已输入验证码
[INFO]2024-05-23 07:59:49,575 function.py:101: 预约验证码错误
[INFO]2024-05-23 07:59:49,818 function.py:46: 获取空闲表格成功
[INFO]2024-05-23 07:59:49,818 main.py:71: 当前体育馆1空闲:9
[INFO]2024-05-23 07:59:49,936 main.py:77: 选择场地成功
[INFO]2024-05-23 07:59:50,373 function.py:21: 验证码处理成功：返回结果g
[INFO]2024-05-23 07:59:50,396 main.py:86: 切换验证码
[INFO]2024-05-23 07:59:50,470 function.py:21: 验证码处理成功：返回结果xEgk
[INFO]2024-05-23 07:59:50,514 main.py:89: 已输入验证码
[INFO]2024-05-23 07:59:50,824 function.py:101: 预约验证码错误
[INFO]2024-05-23 07:59:51,088 function.py:46: 获取空闲表格成功
[INFO]2024-05-23 07:59:51,088 main.py:71: 当前体育馆1空闲:8
[INFO]2024-05-23 07:59:51,215 main.py:77: 选择场地成功
[INFO]2024-05-23 07:59:51,628 function.py:21: 验证码处理成功：返回结果
[INFO]2024-05-23 07:59:51,651 main.py:86: 切换验证码
[INFO]2024-05-23 07:59:51,737 function.py:21: 验证码处理成功：返回结果kJ
[INFO]2024-05-23 07:59:51,758 main.py:86: 切换验证码
[INFO]2024-05-23 07:59:51,838 function.py:21: 验证码处理成功：返回结果GUHT
[INFO]2024-05-23 07:59:51,878 main.py:89: 已输入验证码
[INFO]2024-05-23 07:59:52,186 function.py:117: 预定成功
[INFO]2024-05-23 07:59:52,186 main.py:97: 验证码正确
[CRITICAL]2024-05-24 07:59:43,443 log.py:22: get logger
[CRITICAL]2024-05-24 07:59:44,910 log.py:22: get logger
[INFO]2024-05-24 07:59:44,910 main.py:42: ######################
[INFO]2024-05-24 07:59:46,939 main.py:63: !!!!开始抢!!!!
[INFO]2024-05-24 07:59:46,939 main.py:66: 当前体育馆0
[INFO]2024-05-24 07:59:47,105 function.py:46: 获取空闲表格成功
[INFO]2024-05-24 07:59:47,105 main.py:71: 当前体育馆0空闲:0
[INFO]2024-05-24 07:59:47,105 main.py:66: 当前体育馆1
[INFO]2024-05-24 07:59:47,241 function.py:46: 获取空闲表格成功
[INFO]2024-05-24 07:59:47,241 main.py:71: 当前体育馆1空闲:0
[INFO]2024-05-24 07:59:47,241 main.py:66: 当前体育馆2
[INFO]2024-05-24 07:59:47,358 function.py:46: 获取空闲表格成功
[INFO]2024-05-24 07:59:47,358 main.py:71: 当前体育馆2空闲:0
[INFO]2024-05-24 07:59:47,358 main.py:101: 无空闲场地
[CRITICAL]2024-08-15 23:26:11,483 log.py:22: get logger
[CRITICAL]2024-09-13 07:59:43,063 log.py:22: get logger
[CRITICAL]2024-09-13 21:43:37,554 log.py:22: get logger
[CRITICAL]2024-09-18 23:54:52,398 log.py:22: get logger
[CRITICAL]2024-09-19 00:04:09,640 log.py:22: get logger
[CRITICAL]2024-09-19 00:04:55,360 log.py:22: get logger
[CRITICAL]2024-09-19 00:07:25,318 log.py:22: get logger
[CRITICAL]2024-09-19 00:08:07,001 log.py:22: get logger
[CRITICAL]2024-09-19 00:09:02,872 log.py:22: get logger
[CRITICAL]2024-09-19 00:10:09,536 log.py:22: get logger
[CRITICAL]2024-09-19 00:11:10,283 log.py:22: get logger
[CRITICAL]2024-09-19 00:11:45,443 log.py:22: get logger
[CRITICAL]2024-09-19 00:12:07,935 log.py:22: get logger
[CRITICAL]2024-09-19 00:14:06,979 log.py:22: get logger
[CRITICAL]2024-09-19 00:14:12,616 log.py:22: get logger
[CRITICAL]2024-09-19 00:15:53,252 log.py:22: get logger
[CRITICAL]2024-09-19 00:16:41,613 log.py:22: get logger
[CRITICAL]2024-09-19 00:16:53,375 log.py:22: get logger
[CRITICAL]2024-09-19 00:16:59,945 log.py:22: get logger
[CRITICAL]2024-09-19 00:17:29,478 log.py:22: get logger
[CRITICAL]2024-09-19 00:17:40,128 log.py:22: get logger
[CRITICAL]2024-09-19 00:17:48,333 log.py:22: get logger
[CRITICAL]2024-09-19 00:17:59,496 log.py:22: get logger
[CRITICAL]2024-09-19 00:18:08,319 log.py:22: get logger
[CRITICAL]2024-09-19 00:18:23,705 log.py:22: get logger
[CRITICAL]2024-09-19 00:21:57,605 log.py:22: get logger
[CRITICAL]2024-09-19 00:22:10,253 log.py:22: get logger
[CRITICAL]2024-09-19 00:22:23,271 log.py:22: get logger
[INFO]2024-09-19 00:22:23,272 main.py:42: ######################
[CRITICAL]2024-09-19 00:22:30,545 log.py:22: get logger
[CRITICAL]2024-09-19 00:22:31,748 log.py:22: get logger
[INFO]2024-09-19 00:22:31,749 main.py:42: ######################
[CRITICAL]2024-09-19 00:23:14,155 log.py:22: get logger
[CRITICAL]2024-09-19 00:23:15,416 log.py:22: get logger
[INFO]2024-09-19 00:23:15,416 main.py:42: ######################
[CRITICAL]2024-09-19 00:27:24,017 log.py:22: get logger
[CRITICAL]2024-09-19 00:27:25,200 log.py:22: get logger
[INFO]2024-09-19 00:27:25,200 main.py:43: ######################
[CRITICAL]2024-09-19 00:27:51,923 log.py:22: get logger
[CRITICAL]2024-09-19 00:27:53,077 log.py:22: get logger
[INFO]2024-09-19 00:27:53,077 main.py:43: ######################
[CRITICAL]2024-09-19 00:29:22,481 log.py:22: get logger
[CRITICAL]2024-09-19 00:29:23,652 log.py:22: get logger
[INFO]2024-09-19 00:29:23,653 main.py:43: ######################
[CRITICAL]2024-09-19 00:30:48,791 log.py:22: get logger
[CRITICAL]2024-09-19 00:30:49,968 log.py:22: get logger
[INFO]2024-09-19 00:30:49,968 main.py:43: ######################
[CRITICAL]2024-09-19 00:31:38,186 log.py:22: get logger
[CRITICAL]2024-09-19 00:31:39,350 log.py:22: get logger
[INFO]2024-09-19 00:31:39,350 main.py:43: ######################
[CRITICAL]2024-09-19 00:33:00,370 log.py:22: get logger
[CRITICAL]2024-09-19 00:33:01,545 log.py:22: get logger
[INFO]2024-09-19 00:33:01,545 main.py:43: ######################
[CRITICAL]2024-09-19 00:34:06,397 log.py:22: get logger
[CRITICAL]2024-09-19 00:34:07,557 log.py:22: get logger
[INFO]2024-09-19 00:34:07,557 main.py:43: ######################
[CRITICAL]2024-09-19 00:34:17,971 log.py:22: get logger
[CRITICAL]2024-09-19 00:34:19,148 log.py:22: get logger
[INFO]2024-09-19 00:34:19,148 main.py:43: ######################
[CRITICAL]2024-09-19 00:38:40,486 log.py:22: get logger
[CRITICAL]2024-09-19 00:38:41,674 log.py:22: get logger
[INFO]2024-09-19 00:38:41,674 main.py:43: ######################
[CRITICAL]2024-09-19 00:39:24,303 log.py:22: get logger
[CRITICAL]2024-09-19 00:39:25,471 log.py:22: get logger
[INFO]2024-09-19 00:39:25,471 main.py:43: ######################
[INFO]2024-09-19 00:39:27,657 main.py:64: !!!!开始抢!!!!
[INFO]2024-09-19 00:39:27,658 main.py:67: 当前体育馆0
[CRITICAL]2024-09-19 00:39:47,977 log.py:22: get logger
[CRITICAL]2024-09-19 00:39:49,148 log.py:22: get logger
[INFO]2024-09-19 00:39:49,148 main.py:43: ######################
[INFO]2024-09-19 00:39:51,378 main.py:64: !!!!开始抢!!!!
[INFO]2024-09-19 00:39:51,378 main.py:67: 当前体育馆0
[CRITICAL]2024-09-19 00:40:19,379 log.py:22: get logger
[CRITICAL]2024-09-19 00:40:20,541 log.py:22: get logger
[INFO]2024-09-19 00:40:20,541 main.py:43: ######################
[INFO]2024-09-19 00:40:22,699 main.py:64: !!!!开始抢!!!!
[INFO]2024-09-19 00:40:22,699 main.py:67: 当前体育馆0
[CRITICAL]2024-09-19 00:40:53,266 log.py:22: get logger
[CRITICAL]2024-09-19 00:40:54,432 log.py:22: get logger
[INFO]2024-09-19 00:40:54,433 main.py:43: ######################
[CRITICAL]2024-09-19 00:41:19,507 log.py:22: get logger
[CRITICAL]2024-09-19 00:41:20,685 log.py:22: get logger
[INFO]2024-09-19 00:41:20,685 main.py:43: ######################
[INFO]2024-09-19 00:41:22,856 main.py:64: !!!!开始抢!!!!
[INFO]2024-09-19 00:41:22,856 main.py:67: 当前体育馆0
[CRITICAL]2024-09-19 00:41:45,729 log.py:22: get logger
[CRITICAL]2024-09-19 00:41:46,908 log.py:22: get logger
[INFO]2024-09-19 00:41:46,908 main.py:43: ######################
[INFO]2024-09-19 00:41:49,093 main.py:64: !!!!开始抢!!!!
[INFO]2024-09-19 00:41:49,093 main.py:67: 当前体育馆0
[INFO]2024-09-19 00:41:49,264 function.py:47: 获取空闲表格成功
[INFO]2024-09-19 00:41:49,264 main.py:72: 当前体育馆0空闲:0
[INFO]2024-09-19 00:41:49,264 main.py:67: 当前体育馆1
[INFO]2024-09-19 00:41:49,402 function.py:47: 获取空闲表格成功
[INFO]2024-09-19 00:41:49,402 main.py:72: 当前体育馆1空闲:0
[INFO]2024-09-19 00:41:49,402 main.py:67: 当前体育馆2
[INFO]2024-09-19 00:41:49,525 function.py:47: 获取空闲表格成功
[INFO]2024-09-19 00:41:49,525 main.py:72: 当前体育馆2空闲:0
[INFO]2024-09-19 00:41:49,525 main.py:102: 无空闲场地
[CRITICAL]2024-09-19 00:44:12,868 log.py:22: get logger
[CRITICAL]2024-09-19 00:44:14,035 log.py:22: get logger
[INFO]2024-09-19 00:44:14,035 main.py:43: ######################
[CRITICAL]2024-09-19 07:59:42,874 log.py:22: get logger
[CRITICAL]2024-09-19 07:59:45,189 log.py:22: get logger
[INFO]2024-09-19 07:59:45,189 main.py:43: ######################
[INFO]2024-09-19 07:59:47,598 main.py:64: !!!!开始抢!!!!
[INFO]2024-09-19 07:59:47,598 main.py:67: 当前体育馆0
[INFO]2024-09-19 07:59:47,789 function.py:47: 获取空闲表格成功
[INFO]2024-09-19 07:59:47,789 main.py:72: 当前体育馆0空闲:26
[CRITICAL]2024-09-19 10:48:00,985 log.py:22: get logger
[CRITICAL]2024-09-19 10:48:02,557 log.py:22: get logger
[INFO]2024-09-19 10:48:02,557 main.py:45: ######################
[INFO]2024-09-19 10:48:04,755 main.py:66: !!!!开始抢!!!!
[INFO]2024-09-19 10:48:04,755 main.py:69: 当前体育馆0
[INFO]2024-09-19 10:48:04,890 function.py:47: 获取空闲表格成功
[INFO]2024-09-19 10:48:04,890 main.py:74: 当前体育馆0空闲:19
[CRITICAL]2024-09-19 10:49:29,452 log.py:22: get logger
[CRITICAL]2024-09-19 10:49:30,642 log.py:22: get logger
[INFO]2024-09-19 10:49:30,642 main.py:45: ######################
[INFO]2024-09-19 10:49:32,824 main.py:66: !!!!开始抢!!!!
[INFO]2024-09-19 10:49:32,824 main.py:69: 当前体育馆0
[INFO]2024-09-19 10:49:33,012 function.py:47: 获取空闲表格成功
[INFO]2024-09-19 10:49:33,012 main.py:74: 当前体育馆0空闲:19
[CRITICAL]2024-09-19 10:49:54,036 log.py:22: get logger
[CRITICAL]2024-09-19 10:49:55,193 log.py:22: get logger
[INFO]2024-09-19 10:49:55,194 main.py:45: ######################
[INFO]2024-09-19 10:49:57,250 main.py:66: !!!!开始抢!!!!
[INFO]2024-09-19 10:49:57,250 main.py:69: 当前体育馆0
[INFO]2024-09-19 10:49:57,404 function.py:47: 获取空闲表格成功
[INFO]2024-09-19 10:49:57,404 main.py:74: 当前体育馆0空闲:19
[CRITICAL]2024-09-19 10:53:14,923 log.py:22: get logger
[CRITICAL]2024-09-19 10:53:16,079 log.py:22: get logger
[INFO]2024-09-19 10:53:16,079 main.py:45: ######################
[INFO]2024-09-19 10:53:18,299 main.py:66: !!!!开始抢!!!!
[INFO]2024-09-19 10:53:18,299 main.py:69: 当前体育馆0
[INFO]2024-09-19 10:53:18,438 function.py:47: 获取空闲表格成功
[INFO]2024-09-19 10:53:18,438 main.py:74: 当前体育馆0空闲:19
[INFO]2024-09-19 10:53:18,570 main.py:80: 选择场地成功
[CRITICAL]2024-09-19 10:54:11,946 log.py:22: get logger
[CRITICAL]2024-09-19 10:54:13,099 log.py:22: get logger
[INFO]2024-09-19 10:54:13,099 main.py:45: ######################
[INFO]2024-09-19 10:54:15,255 main.py:66: !!!!开始抢!!!!
[INFO]2024-09-19 10:54:15,255 main.py:69: 当前体育馆0
[INFO]2024-09-19 10:54:15,389 function.py:47: 获取空闲表格成功
[INFO]2024-09-19 10:54:15,389 main.py:74: 当前体育馆0空闲:19
[INFO]2024-09-19 10:54:15,524 main.py:80: 选择场地成功
[INFO]2024-09-19 10:54:15,976 function.py:22: 验证码处理成功：返回结果i
[INFO]2024-09-19 10:54:16,007 main.py:89: 切换验证码
[INFO]2024-09-19 10:54:16,088 function.py:22: 验证码处理成功：返回结果PPxX
[INFO]2024-09-19 10:54:16,163 main.py:92: 已输入验证码
[INFO]2024-09-19 10:54:16,476 function.py:118: 预定成功
[INFO]2024-09-19 10:54:16,476 main.py:100: 验证码正确
[CRITICAL]2024-09-19 10:55:04,599 log.py:22: get logger
[CRITICAL]2024-09-19 10:55:05,766 log.py:22: get logger
[INFO]2024-09-19 10:55:05,766 main.py:45: ######################
[INFO]2024-09-19 10:55:07,932 main.py:66: !!!!开始抢!!!!
[INFO]2024-09-19 10:55:07,932 main.py:69: 当前体育馆0
[INFO]2024-09-19 10:55:08,091 function.py:47: 获取空闲表格成功
[INFO]2024-09-19 10:55:08,091 main.py:74: 当前体育馆0空闲:19
[INFO]2024-09-19 10:55:08,227 main.py:80: 选择场地成功
[INFO]2024-09-19 10:55:08,654 function.py:22: 验证码处理成功：返回结果U
[INFO]2024-09-19 10:55:08,684 main.py:89: 切换验证码
[INFO]2024-09-19 10:55:08,764 function.py:22: 验证码处理成功：返回结果gygq
[INFO]2024-09-19 10:55:08,829 main.py:92: 已输入验证码
[INFO]2024-09-19 10:55:09,141 function.py:102: 预约验证码错误
[INFO]2024-09-19 10:55:09,346 function.py:47: 获取空闲表格成功
[INFO]2024-09-19 10:55:09,346 main.py:74: 当前体育馆0空闲:19
[INFO]2024-09-19 10:55:09,459 main.py:80: 选择场地成功
[INFO]2024-09-19 10:55:09,863 function.py:22: 验证码处理成功：返回结果R
[INFO]2024-09-19 10:55:09,891 main.py:89: 切换验证码
[INFO]2024-09-19 10:55:09,993 function.py:22: 验证码处理成功：返回结果kgjgj
[INFO]2024-09-19 10:55:10,016 main.py:89: 切换验证码
[INFO]2024-09-19 10:55:10,086 function.py:22: 验证码处理成功：返回结果7AtK
[INFO]2024-09-19 10:55:10,139 main.py:92: 已输入验证码
[INFO]2024-09-19 10:55:10,447 function.py:118: 预定成功
[INFO]2024-09-19 10:55:10,447 main.py:100: 验证码正确
[CRITICAL]2024-09-19 10:57:00,982 log.py:22: get logger
[CRITICAL]2024-09-19 10:57:02,154 log.py:22: get logger
[INFO]2024-09-19 10:57:02,154 main.py:45: ######################
[INFO]2024-09-19 10:57:06,398 main.py:66: !!!!开始抢!!!!
[INFO]2024-09-19 10:57:06,398 main.py:69: 当前体育馆0
[INFO]2024-09-19 10:57:06,534 function.py:47: 获取空闲表格成功
[INFO]2024-09-19 10:57:06,534 main.py:74: 当前体育馆0空闲:19
[INFO]2024-09-19 10:57:06,682 main.py:80: 选择场地成功
[INFO]2024-09-19 10:57:07,808 function.py:22: 验证码处理成功：返回结果G1OU
[INFO]2024-09-19 10:57:07,892 main.py:92: 已输入验证码
[INFO]2024-09-19 10:57:08,905 function.py:118: 预定成功
[INFO]2024-09-19 10:57:08,905 main.py:100: 验证码正确
[CRITICAL]2024-09-19 10:59:52,042 log.py:22: get logger
[CRITICAL]2024-09-19 10:59:53,212 log.py:22: get logger
[INFO]2024-09-19 10:59:53,212 main.py:45: ######################
[INFO]2024-09-19 10:59:57,482 main.py:66: !!!!开始抢!!!!
[INFO]2024-09-19 10:59:57,483 main.py:69: 当前体育馆0
[INFO]2024-09-19 10:59:57,623 function.py:47: 获取空闲表格成功
[INFO]2024-09-19 10:59:57,623 main.py:74: 当前体育馆0空闲:0
[INFO]2024-09-19 10:59:57,623 main.py:69: 当前体育馆1
[INFO]2024-09-19 10:59:57,748 function.py:47: 获取空闲表格成功
[INFO]2024-09-19 10:59:57,748 main.py:74: 当前体育馆1空闲:0
[INFO]2024-09-19 10:59:57,748 main.py:69: 当前体育馆2
[INFO]2024-09-19 10:59:57,854 function.py:47: 获取空闲表格成功
[INFO]2024-09-19 10:59:57,854 main.py:74: 当前体育馆2空闲:0
[INFO]2024-09-19 10:59:57,854 main.py:104: 无空闲场地
[CRITICAL]2024-09-20 07:59:44,023 log.py:22: get logger
[CRITICAL]2024-09-20 07:59:47,468 log.py:22: get logger
[INFO]2024-09-20 07:59:47,468 main.py:45: ######################
[CRITICAL]2024-09-20 08:37:16,993 log.py:22: get logger
[CRITICAL]2024-09-20 08:37:20,213 log.py:22: get logger
[INFO]2024-09-20 08:37:20,213 main.py:45: ######################
[CRITICAL]2024-09-20 08:37:48,681 log.py:22: get logger
[CRITICAL]2024-09-20 08:37:50,147 log.py:22: get logger
[INFO]2024-09-20 08:37:50,147 main.py:45: ######################
[INFO]2024-09-20 08:37:52,999 main.py:66: !!!!开始抢!!!!
[INFO]2024-09-20 08:37:53,000 main.py:69: 当前体育馆0
[INFO]2024-09-20 08:37:53,165 function.py:47: 获取空闲表格成功
[INFO]2024-09-20 08:37:53,165 main.py:74: 当前体育馆0空闲:0
[INFO]2024-09-20 08:37:53,165 main.py:69: 当前体育馆1
[INFO]2024-09-20 08:37:53,307 function.py:47: 获取空闲表格成功
[INFO]2024-09-20 08:37:53,307 main.py:74: 当前体育馆1空闲:0
[INFO]2024-09-20 08:37:53,307 main.py:69: 当前体育馆2
[INFO]2024-09-20 08:37:53,422 function.py:47: 获取空闲表格成功
[INFO]2024-09-20 08:37:53,422 main.py:74: 当前体育馆2空闲:0
[INFO]2024-09-20 08:37:53,422 main.py:104: 无空闲场地
[CRITICAL]2024-09-21 00:02:37,296 log.py:22: get logger
[CRITICAL]2024-09-21 00:02:38,944 log.py:22: get logger
[INFO]2024-09-21 00:02:38,944 main.py:45: ######################
[INFO]2024-09-21 00:02:43,954 main.py:66: !!!!开始抢!!!!
[INFO]2024-09-21 00:02:43,954 main.py:69: 当前体育馆0
[INFO]2024-09-21 00:02:44,171 function.py:47: 获取空闲表格成功
[INFO]2024-09-21 00:02:44,171 main.py:74: 当前体育馆0空闲:31
[CRITICAL]2024-09-21 00:03:06,579 log.py:22: get logger
[CRITICAL]2024-09-21 00:03:07,816 log.py:22: get logger
[INFO]2024-09-21 00:03:07,816 main.py:45: ######################
[INFO]2024-09-21 00:03:10,599 main.py:66: !!!!开始抢!!!!
[INFO]2024-09-21 00:03:10,599 main.py:69: 当前体育馆0
[INFO]2024-09-21 00:03:10,828 function.py:47: 获取空闲表格成功
[INFO]2024-09-21 00:03:10,828 main.py:74: 当前体育馆0空闲:31
[CRITICAL]2024-09-21 07:59:43,120 log.py:22: get logger
[CRITICAL]2024-09-21 07:59:45,447 log.py:22: get logger
[INFO]2024-09-21 07:59:45,447 main.py:45: ######################
[INFO]2024-09-21 07:59:48,616 main.py:66: !!!!开始抢!!!!
[INFO]2024-09-21 07:59:48,616 main.py:69: 当前体育馆0
[INFO]2024-09-21 07:59:48,821 function.py:47: 获取空闲表格成功
[INFO]2024-09-21 07:59:48,821 main.py:74: 当前体育馆0空闲:31
[CRITICAL]2024-09-21 10:18:18,266 log.py:22: get logger
[CRITICAL]2024-09-21 10:18:19,754 log.py:22: get logger
[INFO]2024-09-21 10:18:19,754 main.py:45: ######################
[INFO]2024-09-21 10:18:22,538 main.py:66: !!!!开始抢!!!!
[INFO]2024-09-21 10:18:22,538 main.py:69: 当前体育馆0
[INFO]2024-09-21 10:18:22,712 function.py:47: 获取空闲表格成功
[INFO]2024-09-21 10:18:22,712 main.py:74: 当前体育馆0空闲:0
[INFO]2024-09-21 10:18:22,712 main.py:69: 当前体育馆1
[INFO]2024-09-21 10:18:32,893 function.py:47: 获取空闲表格成功
[INFO]2024-09-21 10:18:32,893 main.py:74: 当前体育馆1空闲:0
[INFO]2024-09-21 10:18:32,893 main.py:69: 当前体育馆2
[INFO]2024-09-21 10:18:33,063 function.py:47: 获取空闲表格成功
[INFO]2024-09-21 10:18:33,064 main.py:74: 当前体育馆2空闲:3
[INFO]2024-09-21 10:18:33,200 main.py:80: 选择场地成功
[INFO]2024-09-21 10:18:33,823 function.py:22: 验证码处理成功：返回结果Jsu
[INFO]2024-09-21 10:18:33,861 main.py:89: 切换验证码
[INFO]2024-09-21 10:18:33,955 function.py:22: 验证码处理成功：返回结果d9mx
[INFO]2024-09-21 10:18:34,032 main.py:92: 已输入验证码
[INFO]2024-09-21 10:18:34,539 function.py:118: 预定成功
[INFO]2024-09-21 10:18:34,539 main.py:100: 验证码正确
[CRITICAL]2024-09-21 10:19:08,024 log.py:22: get logger
[CRITICAL]2024-09-21 10:19:09,179 log.py:22: get logger
[INFO]2024-09-21 10:19:09,179 main.py:45: ######################
[INFO]2024-09-21 10:19:11,898 main.py:66: !!!!开始抢!!!!
[INFO]2024-09-21 10:19:11,898 main.py:69: 当前体育馆0
[INFO]2024-09-21 10:19:12,083 function.py:47: 获取空闲表格成功
[INFO]2024-09-21 10:19:12,083 main.py:74: 当前体育馆0空闲:0
[INFO]2024-09-21 10:19:12,083 main.py:69: 当前体育馆1
[INFO]2024-09-21 10:19:22,257 function.py:47: 获取空闲表格成功
[INFO]2024-09-21 10:19:22,257 main.py:74: 当前体育馆1空闲:0
[INFO]2024-09-21 10:19:22,257 main.py:69: 当前体育馆2
[INFO]2024-09-21 10:19:22,417 function.py:47: 获取空闲表格成功
[INFO]2024-09-21 10:19:22,417 main.py:74: 当前体育馆2空闲:2
[CRITICAL]2024-09-21 10:19:39,541 log.py:22: get logger
[CRITICAL]2024-09-21 10:19:40,765 log.py:22: get logger
[INFO]2024-09-21 10:19:40,765 main.py:45: ######################
[INFO]2024-09-21 10:19:43,546 main.py:66: !!!!开始抢!!!!
[INFO]2024-09-21 10:19:43,546 main.py:69: 当前体育馆0
[INFO]2024-09-21 10:19:43,718 function.py:47: 获取空闲表格成功
[INFO]2024-09-21 10:19:43,718 main.py:74: 当前体育馆0空闲:0
[INFO]2024-09-21 10:19:43,718 main.py:69: 当前体育馆1
[INFO]2024-09-21 10:19:53,857 function.py:47: 获取空闲表格成功
[INFO]2024-09-21 10:19:53,857 main.py:74: 当前体育馆1空闲:0
[INFO]2024-09-21 10:19:53,857 main.py:69: 当前体育馆2
[INFO]2024-09-21 10:19:53,993 function.py:47: 获取空闲表格成功
[INFO]2024-09-21 10:19:53,993 main.py:74: 当前体育馆2空闲:3
[INFO]2024-09-21 10:19:54,128 main.py:80: 选择场地成功
[INFO]2024-09-21 10:19:54,740 function.py:22: 验证码处理成功：返回结果BAsn
[INFO]2024-09-21 10:19:54,814 main.py:92: 已输入验证码
[INFO]2024-09-21 10:19:55,329 function.py:118: 预定成功
[INFO]2024-09-21 10:19:55,329 main.py:100: 验证码正确
[CRITICAL]2024-09-21 10:21:11,517 log.py:22: get logger
[CRITICAL]2024-09-21 10:21:12,740 log.py:22: get logger
[INFO]2024-09-21 10:21:12,740 main.py:45: ######################
[INFO]2024-09-21 10:21:15,496 main.py:66: !!!!开始抢!!!!
[INFO]2024-09-21 10:21:15,496 main.py:69: 当前体育馆0
[INFO]2024-09-21 10:21:15,665 function.py:47: 获取空闲表格成功
[INFO]2024-09-21 10:21:15,665 main.py:74: 当前体育馆0空闲:0
[INFO]2024-09-21 10:21:15,665 main.py:69: 当前体育馆1
[INFO]2024-09-21 10:21:25,820 function.py:47: 获取空闲表格成功
[INFO]2024-09-21 10:21:25,820 main.py:74: 当前体育馆1空闲:0
[INFO]2024-09-21 10:21:25,820 main.py:69: 当前体育馆2
[INFO]2024-09-21 10:21:25,963 function.py:47: 获取空闲表格成功
[INFO]2024-09-21 10:21:25,963 main.py:74: 当前体育馆2空闲:3
[INFO]2024-09-21 10:21:26,112 main.py:80: 选择场地成功
[INFO]2024-09-21 10:21:26,728 function.py:22: 验证码处理成功：返回结果LCa
[INFO]2024-09-21 10:21:26,758 main.py:89: 切换验证码
[INFO]2024-09-21 10:21:26,828 function.py:22: 验证码处理成功：返回结果fffH
[INFO]2024-09-21 10:21:26,893 main.py:92: 已输入验证码
[INFO]2024-09-21 10:21:27,409 function.py:102: 预约验证码错误
[INFO]2024-09-21 10:21:27,609 function.py:47: 获取空闲表格成功
[INFO]2024-09-21 10:21:27,609 main.py:74: 当前体育馆2空闲:2
[INFO]2024-09-21 10:21:27,724 main.py:80: 选择场地成功
[INFO]2024-09-21 10:21:28,319 function.py:22: 验证码处理成功：返回结果RXim
[INFO]2024-09-21 10:21:28,391 main.py:92: 已输入验证码
[INFO]2024-09-21 10:21:28,905 function.py:102: 预约验证码错误
[INFO]2024-09-21 10:21:29,103 function.py:47: 获取空闲表格成功
[INFO]2024-09-21 10:21:29,103 main.py:74: 当前体育馆2空闲:2
[INFO]2024-09-21 10:21:29,214 main.py:80: 选择场地成功
[INFO]2024-09-21 10:21:29,812 function.py:22: 验证码处理成功：返回结果S7mw
[INFO]2024-09-21 10:21:29,888 main.py:92: 已输入验证码
[INFO]2024-09-21 10:21:30,403 function.py:102: 预约验证码错误
[INFO]2024-09-21 10:21:30,605 function.py:47: 获取空闲表格成功
[INFO]2024-09-21 10:21:30,606 main.py:74: 当前体育馆2空闲:2
[INFO]2024-09-21 10:21:30,714 main.py:80: 选择场地成功
[INFO]2024-09-21 10:21:31,309 function.py:22: 验证码处理成功：返回结果imKm
[INFO]2024-09-21 10:21:31,382 main.py:92: 已输入验证码
[INFO]2024-09-21 10:21:31,896 function.py:118: 预定成功
[INFO]2024-09-21 10:21:31,896 main.py:100: 验证码正确
[CRITICAL]2024-09-23 07:59:43,522 log.py:22: get logger
[CRITICAL]2024-09-23 07:59:50,860 log.py:22: get logger
[INFO]2024-09-23 07:59:50,860 main.py:45: ######################
[INFO]2024-09-23 07:59:54,256 main.py:66: !!!!开始抢!!!!
[INFO]2024-09-23 07:59:54,256 main.py:69: 当前体育馆0
[INFO]2024-09-23 07:59:54,539 function.py:47: 获取空闲表格成功
[INFO]2024-09-23 07:59:54,539 main.py:74: 当前体育馆0空闲:54
[CRITICAL]2024-09-23 09:27:31,171 log.py:22: get logger
[CRITICAL]2024-09-23 09:27:32,695 log.py:22: get logger
[INFO]2024-09-23 09:27:32,695 main.py:45: ######################
[INFO]2024-09-23 09:27:35,491 main.py:66: !!!!开始抢!!!!
[INFO]2024-09-23 09:27:35,491 main.py:69: 当前体育馆0
[INFO]2024-09-23 09:27:35,693 function.py:47: 获取空闲表格成功
[INFO]2024-09-23 09:27:35,693 main.py:74: 当前体育馆0空闲:0
[INFO]2024-09-23 09:27:35,693 main.py:69: 当前体育馆1
[INFO]2024-09-23 09:27:35,851 function.py:47: 获取空闲表格成功
[INFO]2024-09-23 09:27:35,851 main.py:74: 当前体育馆1空闲:0
[INFO]2024-09-23 09:27:35,851 main.py:69: 当前体育馆2
[INFO]2024-09-23 09:27:36,053 function.py:47: 获取空闲表格成功
[INFO]2024-09-23 09:27:36,053 main.py:74: 当前体育馆2空闲:0
[INFO]2024-09-23 09:27:36,053 main.py:104: 无空闲场地
[CRITICAL]2024-09-23 11:45:53,630 log.py:22: get logger
[CRITICAL]2024-09-23 11:45:55,242 log.py:22: get logger
[INFO]2024-09-23 11:45:55,242 main.py:45: ######################
[INFO]2024-09-23 11:45:58,045 main.py:66: !!!!开始抢!!!!
[INFO]2024-09-23 11:45:58,045 main.py:69: 当前体育馆0
[INFO]2024-09-23 11:45:58,208 function.py:47: 获取空闲表格成功
[INFO]2024-09-23 11:45:58,209 main.py:74: 当前体育馆0空闲:0
[INFO]2024-09-23 11:45:58,209 main.py:69: 当前体育馆1
[INFO]2024-09-23 11:45:58,357 function.py:47: 获取空闲表格成功
[INFO]2024-09-23 11:45:58,357 main.py:74: 当前体育馆1空闲:0
[INFO]2024-09-23 11:45:58,357 main.py:69: 当前体育馆2
[INFO]2024-09-23 11:45:58,494 function.py:47: 获取空闲表格成功
[INFO]2024-09-23 11:45:58,494 main.py:74: 当前体育馆2空闲:0
[INFO]2024-09-23 11:45:58,494 main.py:104: 无空闲场地
[CRITICAL]2024-09-23 11:46:05,960 log.py:22: get logger
[CRITICAL]2024-09-23 11:46:11,509 log.py:22: get logger
[CRITICAL]2024-09-23 11:46:12,663 log.py:22: get logger
[INFO]2024-09-23 11:46:12,663 main.py:45: ######################
[INFO]2024-09-23 11:46:15,414 main.py:66: !!!!开始抢!!!!
[INFO]2024-09-23 11:46:15,414 main.py:69: 当前体育馆0
[INFO]2024-09-23 11:46:15,565 function.py:47: 获取空闲表格成功
[INFO]2024-09-23 11:46:15,565 main.py:74: 当前体育馆0空闲:26
[INFO]2024-09-23 11:46:15,702 main.py:80: 选择场地成功
[INFO]2024-09-23 11:46:16,364 function.py:22: 验证码处理成功：返回结果x7lC
[INFO]2024-09-23 11:46:16,440 main.py:92: 已输入验证码
[INFO]2024-09-23 11:46:16,956 function.py:118: 预定成功
[INFO]2024-09-23 11:46:16,956 main.py:100: 验证码正确
[CRITICAL]2024-09-23 11:48:01,718 log.py:22: get logger
[CRITICAL]2024-09-23 11:48:02,972 log.py:22: get logger
[INFO]2024-09-23 11:48:02,972 main.py:45: ######################
[INFO]2024-09-23 11:48:05,991 main.py:66: !!!!开始抢!!!!
[INFO]2024-09-23 11:48:05,991 main.py:69: 当前体育馆0
[INFO]2024-09-23 11:48:06,141 function.py:47: 获取空闲表格成功
[INFO]2024-09-23 11:48:06,142 main.py:74: 当前体育馆0空闲:26
[INFO]2024-09-23 11:48:06,273 main.py:80: 选择场地成功
[INFO]2024-09-23 11:48:06,906 function.py:22: 验证码处理成功：返回结果ZE6N
[INFO]2024-09-23 11:48:06,990 main.py:92: 已输入验证码
[INFO]2024-09-23 11:48:07,504 function.py:102: 预约验证码错误
[INFO]2024-09-23 11:48:07,726 function.py:47: 获取空闲表格成功
[INFO]2024-09-23 11:48:07,726 main.py:74: 当前体育馆0空闲:26
[INFO]2024-09-23 11:48:07,842 main.py:80: 选择场地成功
[INFO]2024-09-23 11:48:08,474 function.py:22: 验证码处理成功：返回结果UKnC
[INFO]2024-09-23 11:48:08,549 main.py:92: 已输入验证码
[INFO]2024-09-23 11:48:09,060 function.py:118: 预定成功
[INFO]2024-09-23 11:48:09,060 main.py:100: 验证码正确
[CRITICAL]2024-09-25 07:59:43,779 log.py:22: get logger
[CRITICAL]2024-09-25 07:59:46,909 log.py:22: get logger
[INFO]2024-09-25 07:59:46,909 main.py:45: ######################
[INFO]2024-09-25 07:59:49,905 main.py:66: !!!!开始抢!!!!
[INFO]2024-09-25 07:59:49,906 main.py:69: 当前体育馆0
[INFO]2024-09-25 07:59:50,084 function.py:47: 获取空闲表格成功
[INFO]2024-09-25 07:59:50,084 main.py:74: 当前体育馆0空闲:17
[CRITICAL]2024-09-25 16:38:46,813 log.py:22: get logger
[CRITICAL]2024-09-25 16:38:49,296 log.py:22: get logger
[INFO]2024-09-25 16:38:49,296 main.py:53: ######################
[INFO]2024-09-25 16:38:51,944 main.py:74: !!!!开始抢!!!!
[INFO]2024-09-25 16:38:51,944 main.py:77: 当前体育馆0
[INFO]2024-09-25 16:38:52,103 function.py:47: 获取空闲表格成功
[INFO]2024-09-25 16:38:52,103 main.py:82: 当前体育馆0空闲:0
[INFO]2024-09-25 16:38:52,103 main.py:77: 当前体育馆1
[INFO]2024-09-25 16:38:52,235 function.py:47: 获取空闲表格成功
[INFO]2024-09-25 16:38:52,236 main.py:82: 当前体育馆1空闲:0
[INFO]2024-09-25 16:38:52,236 main.py:77: 当前体育馆2
[INFO]2024-09-25 16:38:52,357 function.py:47: 获取空闲表格成功
[INFO]2024-09-25 16:38:52,357 main.py:82: 当前体育馆2空闲:0
[INFO]2024-09-25 16:38:52,357 main.py:112: 无空闲场地
[CRITICAL]2024-09-26 07:59:42,940 log.py:22: get logger
[CRITICAL]2024-09-26 07:59:44,574 log.py:22: get logger
[INFO]2024-09-26 07:59:44,574 main.py:53: ######################
[INFO]2024-09-26 07:59:47,462 main.py:74: !!!!开始抢!!!!
[INFO]2024-09-26 07:59:47,462 main.py:77: 当前体育馆0
[INFO]2024-09-26 07:59:47,630 function.py:47: 获取空闲表格成功
[INFO]2024-09-26 07:59:47,630 main.py:82: 当前体育馆0空闲:16
[ERROR]2024-09-26 08:00:07,750 main.py:50: 未处理的异常: Message: overlayView
Traceback (most recent call last):
  File "D:\anaconda3\envs\tsinghua-gym-reserve-master\lib\site-packages\selenium\webdriver\remote\switch_to.py", line 88, in frame
    frame_reference = self._driver.find_element(By.ID, frame_reference)
  File "D:\anaconda3\envs\tsinghua-gym-reserve-master\lib\site-packages\selenium\webdriver\remote\webdriver.py", line 748, in find_element
    return self.execute(Command.FIND_ELEMENT, {"using": by, "value": value})["value"]
  File "D:\anaconda3\envs\tsinghua-gym-reserve-master\lib\site-packages\selenium\webdriver\remote\webdriver.py", line 354, in execute
    self.error_handler.check_response(response)
  File "D:\anaconda3\envs\tsinghua-gym-reserve-master\lib\site-packages\selenium\webdriver\remote\errorhandler.py", line 229, in check_response
    raise exception_class(message, screen, stacktrace)
selenium.common.exceptions.NoSuchElementException: Message: no such element: Unable to locate element: {"method":"css selector","selector":"[id="overlayView"]"}
  (Session info: MicrosoftEdge=129.0.2792.52); For documentation on this error, please visit: https://www.selenium.dev/documentation/webdriver/troubleshooting/errors#no-such-element-exception
Stacktrace:
	GetHandleVerifier [0x00007FF659077615+12997]
	Microsoft::Applications::Events::EventProperty::empty [0x00007FF6592F1B84+1881780]
	(No symbol) [0x00007FF658E2F1BC]
	(No symbol) [0x00007FF658E7671B]
	(No symbol) [0x00007FF658E767A2]
	(No symbol) [0x00007FF658EB4E97]
	(No symbol) [0x00007FF658E97F7F]
	(No symbol) [0x00007FF658E6C08D]
	(No symbol) [0x00007FF658EB287A]
	(No symbol) [0x00007FF658E97BA3]
	(No symbol) [0x00007FF658E6B59C]
	(No symbol) [0x00007FF658E6AA7D]
	(No symbol) [0x00007FF658E6B161]
	Microsoft::Applications::Events::EventProperty::empty [0x00007FF65921F994+1021124]
	(No symbol) [0x00007FF658F9EEFF]
	(No symbol) [0x00007FF658F91697]
	Microsoft::Applications::Events::EventProperty::empty [0x00007FF65921E71D+1016397]
	Microsoft::Applications::Events::ILogConfiguration::operator* [0x00007FF659017261+329425]
	Microsoft::Applications::Events::ILogConfiguration::operator* [0x00007FF659013464+313556]
	Microsoft::Applications::Events::ILogConfiguration::operator* [0x00007FF659013599+313865]
	Microsoft::Applications::Events::ILogConfiguration::operator* [0x00007FF65900979C+273420]
	BaseThreadInitThunk [0x00007FFC8FB0257D+29]
	RtlUserThreadStart [0x00007FFC9126AF28+40]


During handling of the above exception, another exception occurred:

Traceback (most recent call last):
  File "D:\anaconda3\envs\tsinghua-gym-reserve-master\lib\site-packages\selenium\webdriver\remote\switch_to.py", line 91, in frame
    frame_reference = self._driver.find_element(By.NAME, frame_reference)
  File "D:\anaconda3\envs\tsinghua-gym-reserve-master\lib\site-packages\selenium\webdriver\remote\webdriver.py", line 748, in find_element
    return self.execute(Command.FIND_ELEMENT, {"using": by, "value": value})["value"]
  File "D:\anaconda3\envs\tsinghua-gym-reserve-master\lib\site-packages\selenium\webdriver\remote\webdriver.py", line 354, in execute
    self.error_handler.check_response(response)
  File "D:\anaconda3\envs\tsinghua-gym-reserve-master\lib\site-packages\selenium\webdriver\remote\errorhandler.py", line 229, in check_response
    raise exception_class(message, screen, stacktrace)
selenium.common.exceptions.NoSuchElementException: Message: no such element: Unable to locate element: {"method":"css selector","selector":"[name="overlayView"]"}
  (Session info: MicrosoftEdge=129.0.2792.52); For documentation on this error, please visit: https://www.selenium.dev/documentation/webdriver/troubleshooting/errors#no-such-element-exception
Stacktrace:
	GetHandleVerifier [0x00007FF659077615+12997]
	Microsoft::Applications::Events::EventProperty::empty [0x00007FF6592F1B84+1881780]
	(No symbol) [0x00007FF658E2F1BC]
	(No symbol) [0x00007FF658E7671B]
	(No symbol) [0x00007FF658E767A2]
	(No symbol) [0x00007FF658EB4E97]
	(No symbol) [0x00007FF658E97F7F]
	(No symbol) [0x00007FF658E6C08D]
	(No symbol) [0x00007FF658EB287A]
	(No symbol) [0x00007FF658E97BA3]
	(No symbol) [0x00007FF658E6B59C]
	(No symbol) [0x00007FF658E6AA7D]
	(No symbol) [0x00007FF658E6B161]
	Microsoft::Applications::Events::EventProperty::empty [0x00007FF65921F994+1021124]
	(No symbol) [0x00007FF658F9EEFF]
	(No symbol) [0x00007FF658F91697]
	Microsoft::Applications::Events::EventProperty::empty [0x00007FF65921E71D+1016397]
	Microsoft::Applications::Events::ILogConfiguration::operator* [0x00007FF659017261+329425]
	Microsoft::Applications::Events::ILogConfiguration::operator* [0x00007FF659013464+313556]
	Microsoft::Applications::Events::ILogConfiguration::operator* [0x00007FF659013599+313865]
	Microsoft::Applications::Events::ILogConfiguration::operator* [0x00007FF65900979C+273420]
	BaseThreadInitThunk [0x00007FFC8FB0257D+29]
	RtlUserThreadStart [0x00007FFC9126AF28+40]


The above exception was the direct cause of the following exception:

Traceback (most recent call last):
  File "main.py", line 87, in <module>
    chose_filed_book(driver, gym, sport, data, lst)
  File "E:\pycharm\tsinghua-gym-reserve-master\function\function.py", line 53, in chose_filed_book
    driver.switch_to.frame("overlayView")
  File "D:\anaconda3\envs\tsinghua-gym-reserve-master\lib\site-packages\selenium\webdriver\remote\switch_to.py", line 93, in frame
    raise NoSuchFrameException(frame_reference) from exc
selenium.common.exceptions.NoSuchFrameException: Message: overlayView

[CRITICAL]2024-09-26 14:08:51,008 log.py:22: get logger
[CRITICAL]2024-09-26 14:08:52,499 log.py:22: get logger
[INFO]2024-09-26 14:08:52,499 main.py:53: ######################
[INFO]2024-09-26 14:08:55,454 main.py:74: !!!!开始抢!!!!
[INFO]2024-09-26 14:08:55,454 main.py:77: 当前体育馆0
[INFO]2024-09-26 14:08:55,596 function.py:47: 获取空闲表格成功
[INFO]2024-09-26 14:08:55,596 main.py:82: 当前体育馆0空闲:0
[INFO]2024-09-26 14:08:55,596 main.py:77: 当前体育馆1
[INFO]2024-09-26 14:08:55,722 function.py:47: 获取空闲表格成功
[INFO]2024-09-26 14:08:55,722 main.py:82: 当前体育馆1空闲:0
[INFO]2024-09-26 14:08:55,722 main.py:77: 当前体育馆2
[INFO]2024-09-26 14:08:55,832 function.py:47: 获取空闲表格成功
[INFO]2024-09-26 14:08:55,832 main.py:82: 当前体育馆2空闲:0
[INFO]2024-09-26 14:08:55,832 main.py:112: 无空闲场地
[CRITICAL]2024-09-26 14:10:26,407 log.py:22: get logger
[CRITICAL]2024-09-26 14:10:27,585 log.py:22: get logger
[INFO]2024-09-26 14:10:27,585 main.py:53: ######################
[INFO]2024-09-26 14:10:30,268 main.py:74: !!!!开始抢!!!!
[INFO]2024-09-26 14:10:30,268 main.py:77: 当前体育馆0
[INFO]2024-09-26 14:10:30,417 function.py:47: 获取空闲表格成功
[INFO]2024-09-26 14:10:30,417 main.py:82: 当前体育馆0空闲:17
[CRITICAL]2024-09-28 10:40:19,312 log.py:22: get logger
[CRITICAL]2024-09-28 10:40:24,674 log.py:22: get logger
[INFO]2024-09-28 10:40:24,675 main.py:53: ######################
[INFO]2024-09-28 10:40:27,436 main.py:74: !!!!开始抢!!!!
[INFO]2024-09-28 10:40:27,436 main.py:77: 当前体育馆0
[INFO]2024-09-28 10:40:27,605 function.py:47: 获取空闲表格成功
[INFO]2024-09-28 10:40:27,605 main.py:82: 当前体育馆0空闲:28
[INFO]2024-09-28 10:40:27,756 main.py:88: 选择场地成功
[INFO]2024-09-28 10:40:28,426 function.py:22: 验证码处理成功：返回结果QmwA
[INFO]2024-09-28 10:40:28,504 main.py:100: 已输入验证码
[INFO]2024-09-28 10:40:29,019 function.py:102: 预约验证码错误
[INFO]2024-09-28 10:40:29,247 function.py:47: 获取空闲表格成功
[INFO]2024-09-28 10:40:29,247 main.py:82: 当前体育馆0空闲:28
[INFO]2024-09-28 10:40:29,374 main.py:88: 选择场地成功
[INFO]2024-09-28 10:40:29,998 function.py:22: 验证码处理成功：返回结果Osu
[INFO]2024-09-28 10:40:30,029 main.py:97: 切换验证码
[INFO]2024-09-28 10:40:30,107 function.py:22: 验证码处理成功：返回结果uyOP
[INFO]2024-09-28 10:40:30,164 main.py:100: 已输入验证码
[INFO]2024-09-28 10:40:30,670 function.py:118: 预定成功
[INFO]2024-09-28 10:40:30,670 main.py:108: 验证码正确
[CRITICAL]2024-09-28 10:40:46,149 log.py:22: get logger
[CRITICAL]2024-09-28 10:40:48,856 log.py:22: get logger
[INFO]2024-09-28 10:40:48,856 main.py:53: ######################
[INFO]2024-09-28 10:40:51,570 main.py:74: !!!!开始抢!!!!
[INFO]2024-09-28 10:40:51,570 main.py:77: 当前体育馆0
[INFO]2024-09-28 10:40:51,758 function.py:47: 获取空闲表格成功
[INFO]2024-09-28 10:40:51,758 main.py:82: 当前体育馆0空闲:8
[INFO]2024-09-28 10:40:51,948 main.py:88: 选择场地成功
[INFO]2024-09-28 10:40:52,564 function.py:22: 验证码处理成功：返回结果6ws1
[INFO]2024-09-28 10:40:52,645 main.py:100: 已输入验证码
[INFO]2024-09-28 10:40:53,161 function.py:118: 预定成功
[INFO]2024-09-28 10:40:53,161 main.py:108: 验证码正确
[CRITICAL]2024-11-17 16:05:58,389 log.py:22: get logger
[CRITICAL]2024-11-17 16:06:04,476 log.py:22: get logger
[INFO]2024-11-17 16:06:04,476 main.py:53: ######################
[INFO]2024-11-17 16:06:07,287 main.py:74: !!!!开始抢!!!!
[INFO]2024-11-17 16:06:07,287 main.py:77: 当前体育馆0
[INFO]2024-11-17 16:06:07,438 function.py:47: 获取空闲表格成功
[INFO]2024-11-17 16:06:07,438 main.py:82: 当前体育馆0空闲:0
[INFO]2024-11-17 16:06:07,438 main.py:77: 当前体育馆1
[INFO]2024-11-17 16:06:07,582 function.py:47: 获取空闲表格成功
[INFO]2024-11-17 16:06:07,583 main.py:82: 当前体育馆1空闲:0
[INFO]2024-11-17 16:06:07,583 main.py:77: 当前体育馆2
[INFO]2024-11-17 16:06:07,698 function.py:47: 获取空闲表格成功
[INFO]2024-11-17 16:06:07,698 main.py:82: 当前体育馆2空闲:0
[INFO]2024-11-17 16:06:07,698 main.py:112: 无空闲场地
[CRITICAL]2024-11-17 16:10:42,055 log.py:22: get logger
[CRITICAL]2024-11-17 16:10:43,415 log.py:22: get logger
[INFO]2024-11-17 16:10:43,415 main.py:53: ######################
[ERROR]2024-11-17 16:10:48,741 main.py:50: 未处理的异常: Message: no such window: target window already closed
from unknown error: web view not found
  (Session info: MicrosoftEdge=130.0.2849.80)
Stacktrace:
	GetHandleVerifier [0x00007FF765DFDC85+12853]
	Microsoft::Applications::Events::EventProperty::empty [0x00007FF7660A83E4+2250292]
	Microsoft::Applications::Events::EventProperty::empty [0x00007FF765FE76B6+1460486]
	(No symbol) [0x00007FF765B984C7]
	(No symbol) [0x00007FF765C1CBED]
	(No symbol) [0x00007FF765C30D7A]
	(No symbol) [0x00007FF765C18163]
	(No symbol) [0x00007FF765BEFB54]
	(No symbol) [0x00007FF765BEF000]
	(No symbol) [0x00007FF765BEF741]
	Microsoft::Applications::Events::EventProperty::empty [0x00007FF765F7CDC4+1024020]
	Microsoft::Applications::Events::EventProperty::~EventProperty [0x00007FF765D19A04+57108]
	Microsoft::Applications::Events::EventProperty::empty [0x00007FF765F7BDC3+1019923]
	Microsoft::Applications::Events::EventProperty::empty [0x00007FF765F7BA29+1019001]
	Microsoft::Applications::Events::ILogConfiguration::operator* [0x00007FF765D9E041+394913]
	Microsoft::Applications::Events::ILogConfiguration::operator* [0x00007FF765D9A964+380868]
	Microsoft::Applications::Events::ILogConfiguration::operator* [0x00007FF765D9AAA9+381193]
	Microsoft::Applications::Events::ILogConfiguration::operator* [0x00007FF765D922A6+346374]
	BaseThreadInitThunk [0x00007FFFCF1D259D+29]
	RtlUserThreadStart [0x00007FFFD086AF38+40]
Traceback (most recent call last):
  File "E:\pycharm\tsinghua-gym-reserve-master\main.py", line 69, in <module>
    is_refresh = test_refresh_field(driver,gym,sport,data,reserve_time)
  File "E:\pycharm\tsinghua-gym-reserve-master\function\function.py", line 28, in test_refresh_field
    t_body = driver.find_element(By.TAG_NAME,'tbody')  # 定位表格主体
  File "D:\anaconda3\envs\tsinghua-gym-reserve-master\lib\site-packages\selenium\webdriver\remote\webdriver.py", line 748, in find_element
    return self.execute(Command.FIND_ELEMENT, {"using": by, "value": value})["value"]
  File "D:\anaconda3\envs\tsinghua-gym-reserve-master\lib\site-packages\selenium\webdriver\remote\webdriver.py", line 354, in execute
    self.error_handler.check_response(response)
  File "D:\anaconda3\envs\tsinghua-gym-reserve-master\lib\site-packages\selenium\webdriver\remote\errorhandler.py", line 229, in check_response
    raise exception_class(message, screen, stacktrace)
selenium.common.exceptions.NoSuchWindowException: Message: no such window: target window already closed
from unknown error: web view not found
  (Session info: MicrosoftEdge=130.0.2849.80)
Stacktrace:
	GetHandleVerifier [0x00007FF765DFDC85+12853]
	Microsoft::Applications::Events::EventProperty::empty [0x00007FF7660A83E4+2250292]
	Microsoft::Applications::Events::EventProperty::empty [0x00007FF765FE76B6+1460486]
	(No symbol) [0x00007FF765B984C7]
	(No symbol) [0x00007FF765C1CBED]
	(No symbol) [0x00007FF765C30D7A]
	(No symbol) [0x00007FF765C18163]
	(No symbol) [0x00007FF765BEFB54]
	(No symbol) [0x00007FF765BEF000]
	(No symbol) [0x00007FF765BEF741]
	Microsoft::Applications::Events::EventProperty::empty [0x00007FF765F7CDC4+1024020]
	Microsoft::Applications::Events::EventProperty::~EventProperty [0x00007FF765D19A04+57108]
	Microsoft::Applications::Events::EventProperty::empty [0x00007FF765F7BDC3+1019923]
	Microsoft::Applications::Events::EventProperty::empty [0x00007FF765F7BA29+1019001]
	Microsoft::Applications::Events::ILogConfiguration::operator* [0x00007FF765D9E041+394913]
	Microsoft::Applications::Events::ILogConfiguration::operator* [0x00007FF765D9A964+380868]
	Microsoft::Applications::Events::ILogConfiguration::operator* [0x00007FF765D9AAA9+381193]
	Microsoft::Applications::Events::ILogConfiguration::operator* [0x00007FF765D922A6+346374]
	BaseThreadInitThunk [0x00007FFFCF1D259D+29]
	RtlUserThreadStart [0x00007FFFD086AF38+40]

[CRITICAL]2024-11-18 07:59:53,464 log.py:22: get logger
[CRITICAL]2024-11-18 07:59:57,389 log.py:22: get logger
[INFO]2024-11-18 07:59:57,389 main.py:53: ######################
[ERROR]2024-11-18 08:00:01,536 main.py:50: 未处理的异常: Message: unknown error: net::ERR_PROXY_CONNECTION_FAILED
  (Session info: MicrosoftEdge=131.0.2903.51)
Stacktrace:
	GetHandleVerifier [0x00007FF6323ADC85+12853]
	Microsoft::Applications::Events::EventProperty::empty [0x00007FF6326583E4+2250292]
	Microsoft::Applications::Events::EventProperty::empty [0x00007FF6325976B6+1460486]
	(No symbol) [0x00007FF632163227]
	(No symbol) [0x00007FF632157A7B]
	(No symbol) [0x00007FF6321590AE]
	(No symbol) [0x00007FF632157C83]
	(No symbol) [0x00007FF6321576D3]
	(No symbol) [0x00007FF632157678]
	(No symbol) [0x00007FF6321558FF]
	(No symbol) [0x00007FF632155D5C]
	(No symbol) [0x00007FF632167DBA]
	(No symbol) [0x00007FF6321E19BE]
	(No symbol) [0x00007FF6321C84FA]
	(No symbol) [0x00007FF6321A0617]
	(No symbol) [0x00007FF6321E1431]
	(No symbol) [0x00007FF6321C8163]
	(No symbol) [0x00007FF63219FB54]
	(No symbol) [0x00007FF63219F000]
	(No symbol) [0x00007FF63219F741]
	Microsoft::Applications::Events::EventProperty::empty [0x00007FF63252CDC4+1024020]
	Microsoft::Applications::Events::EventProperty::~EventProperty [0x00007FF6322C9A04+57108]
	Microsoft::Applications::Events::EventProperty::empty [0x00007FF63252BDC3+1019923]
	Microsoft::Applications::Events::EventProperty::empty [0x00007FF63252BA29+1019001]
	Microsoft::Applications::Events::ILogConfiguration::operator* [0x00007FF63234E041+394913]
	Microsoft::Applications::Events::ILogConfiguration::operator* [0x00007FF63234A964+380868]
	Microsoft::Applications::Events::ILogConfiguration::operator* [0x00007FF63234AAA9+381193]
	Microsoft::Applications::Events::ILogConfiguration::operator* [0x00007FF6323422A6+346374]
	BaseThreadInitThunk [0x00007FFD3FDF259D+29]
	RtlUserThreadStart [0x00007FFD40FCAF38+40]
Traceback (most recent call last):
  File "main.py", line 57, in <module>
    driver.get(url)                                                 # 访问登录界面
  File "D:\anaconda3\envs\tsinghua-gym-reserve-master\lib\site-packages\selenium\webdriver\remote\webdriver.py", line 363, in get
    self.execute(Command.GET, {"url": url})
  File "D:\anaconda3\envs\tsinghua-gym-reserve-master\lib\site-packages\selenium\webdriver\remote\webdriver.py", line 354, in execute
    self.error_handler.check_response(response)
  File "D:\anaconda3\envs\tsinghua-gym-reserve-master\lib\site-packages\selenium\webdriver\remote\errorhandler.py", line 229, in check_response
    raise exception_class(message, screen, stacktrace)
selenium.common.exceptions.WebDriverException: Message: unknown error: net::ERR_PROXY_CONNECTION_FAILED
  (Session info: MicrosoftEdge=131.0.2903.51)
Stacktrace:
	GetHandleVerifier [0x00007FF6323ADC85+12853]
	Microsoft::Applications::Events::EventProperty::empty [0x00007FF6326583E4+2250292]
	Microsoft::Applications::Events::EventProperty::empty [0x00007FF6325976B6+1460486]
	(No symbol) [0x00007FF632163227]
	(No symbol) [0x00007FF632157A7B]
	(No symbol) [0x00007FF6321590AE]
	(No symbol) [0x00007FF632157C83]
	(No symbol) [0x00007FF6321576D3]
	(No symbol) [0x00007FF632157678]
	(No symbol) [0x00007FF6321558FF]
	(No symbol) [0x00007FF632155D5C]
	(No symbol) [0x00007FF632167DBA]
	(No symbol) [0x00007FF6321E19BE]
	(No symbol) [0x00007FF6321C84FA]
	(No symbol) [0x00007FF6321A0617]
	(No symbol) [0x00007FF6321E1431]
	(No symbol) [0x00007FF6321C8163]
	(No symbol) [0x00007FF63219FB54]
	(No symbol) [0x00007FF63219F000]
	(No symbol) [0x00007FF63219F741]
	Microsoft::Applications::Events::EventProperty::empty [0x00007FF63252CDC4+1024020]
	Microsoft::Applications::Events::EventProperty::~EventProperty [0x00007FF6322C9A04+57108]
	Microsoft::Applications::Events::EventProperty::empty [0x00007FF63252BDC3+1019923]
	Microsoft::Applications::Events::EventProperty::empty [0x00007FF63252BA29+1019001]
	Microsoft::Applications::Events::ILogConfiguration::operator* [0x00007FF63234E041+394913]
	Microsoft::Applications::Events::ILogConfiguration::operator* [0x00007FF63234A964+380868]
	Microsoft::Applications::Events::ILogConfiguration::operator* [0x00007FF63234AAA9+381193]
	Microsoft::Applications::Events::ILogConfiguration::operator* [0x00007FF6323422A6+346374]
	BaseThreadInitThunk [0x00007FFD3FDF259D+29]
	RtlUserThreadStart [0x00007FFD40FCAF38+40]

[CRITICAL]2024-11-19 10:59:55,151 log.py:22: get logger
[CRITICAL]2024-11-19 10:59:59,617 log.py:22: get logger
[INFO]2024-11-19 10:59:59,617 main.py:53: ######################
[INFO]2024-11-19 11:00:02,533 main.py:74: !!!!开始抢!!!!
[INFO]2024-11-19 11:00:02,533 main.py:77: 当前体育馆0
[INFO]2024-11-19 11:00:02,685 function.py:47: 获取空闲表格成功
[INFO]2024-11-19 11:00:02,685 main.py:82: 当前体育馆0空闲:0
[INFO]2024-11-19 11:00:02,685 main.py:77: 当前体育馆1
[INFO]2024-11-19 11:00:02,833 function.py:47: 获取空闲表格成功
[INFO]2024-11-19 11:00:02,833 main.py:82: 当前体育馆1空闲:0
[INFO]2024-11-19 11:00:02,833 main.py:77: 当前体育馆2
[INFO]2024-11-19 11:00:02,946 function.py:47: 获取空闲表格成功
[INFO]2024-11-19 11:00:02,946 main.py:82: 当前体育馆2空闲:0
[INFO]2024-11-19 11:00:02,946 main.py:112: 无空闲场地
[CRITICAL]2024-11-19 11:59:53,152 log.py:22: get logger
[CRITICAL]2024-11-19 11:59:54,887 log.py:22: get logger
[INFO]2024-11-19 11:59:54,887 main.py:53: ######################
[INFO]2024-11-19 11:59:57,608 main.py:74: !!!!开始抢!!!!
[INFO]2024-11-19 11:59:57,609 main.py:77: 当前体育馆0
[INFO]2024-11-19 11:59:57,755 function.py:47: 获取空闲表格成功
[INFO]2024-11-19 11:59:57,756 main.py:82: 当前体育馆0空闲:0
[INFO]2024-11-19 11:59:57,756 main.py:77: 当前体育馆1
[INFO]2024-11-19 11:59:57,886 function.py:47: 获取空闲表格成功
[INFO]2024-11-19 11:59:57,886 main.py:82: 当前体育馆1空闲:0
[INFO]2024-11-19 11:59:57,886 main.py:77: 当前体育馆2
[INFO]2024-11-19 11:59:57,996 function.py:47: 获取空闲表格成功
[INFO]2024-11-19 11:59:57,996 main.py:82: 当前体育馆2空闲:0
[INFO]2024-11-19 11:59:57,996 main.py:112: 无空闲场地
[CRITICAL]2024-11-19 12:59:53,100 log.py:22: get logger
[CRITICAL]2024-11-19 12:59:55,043 log.py:22: get logger
[INFO]2024-11-19 12:59:55,043 main.py:53: ######################
[INFO]2024-11-19 12:59:57,676 main.py:74: !!!!开始抢!!!!
[INFO]2024-11-19 12:59:57,676 main.py:77: 当前体育馆0
[INFO]2024-11-19 12:59:57,818 function.py:47: 获取空闲表格成功
[INFO]2024-11-19 12:59:57,818 main.py:82: 当前体育馆0空闲:0
[INFO]2024-11-19 12:59:57,818 main.py:77: 当前体育馆1
[INFO]2024-11-19 12:59:57,943 function.py:47: 获取空闲表格成功
[INFO]2024-11-19 12:59:57,943 main.py:82: 当前体育馆1空闲:0
[INFO]2024-11-19 12:59:57,943 main.py:77: 当前体育馆2
[INFO]2024-11-19 12:59:58,054 function.py:47: 获取空闲表格成功
[INFO]2024-11-19 12:59:58,054 main.py:82: 当前体育馆2空闲:0
[INFO]2024-11-19 12:59:58,054 main.py:112: 无空闲场地
[CRITICAL]2024-11-19 13:59:53,012 log.py:22: get logger
[CRITICAL]2024-11-19 13:59:54,910 log.py:22: get logger
[INFO]2024-11-19 13:59:54,910 main.py:53: ######################
[INFO]2024-11-19 13:59:57,587 main.py:74: !!!!开始抢!!!!
[INFO]2024-11-19 13:59:57,587 main.py:77: 当前体育馆0
[INFO]2024-11-19 13:59:57,729 function.py:47: 获取空闲表格成功
[INFO]2024-11-19 13:59:57,729 main.py:82: 当前体育馆0空闲:0
[INFO]2024-11-19 13:59:57,729 main.py:77: 当前体育馆1
[INFO]2024-11-19 13:59:57,857 function.py:47: 获取空闲表格成功
[INFO]2024-11-19 13:59:57,857 main.py:82: 当前体育馆1空闲:0
[INFO]2024-11-19 13:59:57,857 main.py:77: 当前体育馆2
[INFO]2024-11-19 13:59:57,965 function.py:47: 获取空闲表格成功
[INFO]2024-11-19 13:59:57,965 main.py:82: 当前体育馆2空闲:0
[INFO]2024-11-19 13:59:57,965 main.py:112: 无空闲场地
[CRITICAL]2024-11-19 14:59:53,009 log.py:22: get logger
[CRITICAL]2024-11-19 14:59:55,067 log.py:22: get logger
[INFO]2024-11-19 14:59:55,067 main.py:53: ######################
[INFO]2024-11-19 14:59:57,805 main.py:74: !!!!开始抢!!!!
[INFO]2024-11-19 14:59:57,806 main.py:77: 当前体育馆0
[INFO]2024-11-19 14:59:57,949 function.py:47: 获取空闲表格成功
[INFO]2024-11-19 14:59:57,949 main.py:82: 当前体育馆0空闲:0
[INFO]2024-11-19 14:59:57,949 main.py:77: 当前体育馆1
[INFO]2024-11-19 14:59:58,075 function.py:47: 获取空闲表格成功
[INFO]2024-11-19 14:59:58,075 main.py:82: 当前体育馆1空闲:0
[INFO]2024-11-19 14:59:58,075 main.py:77: 当前体育馆2
[INFO]2024-11-19 14:59:58,186 function.py:47: 获取空闲表格成功
[INFO]2024-11-19 14:59:58,186 main.py:82: 当前体育馆2空闲:0
[INFO]2024-11-19 14:59:58,186 main.py:112: 无空闲场地
[CRITICAL]2024-11-19 15:59:52,704 log.py:22: get logger
[CRITICAL]2024-11-19 15:59:54,089 log.py:22: get logger
[INFO]2024-11-19 15:59:54,089 main.py:53: ######################
[INFO]2024-11-19 15:59:56,847 main.py:74: !!!!开始抢!!!!
[INFO]2024-11-19 15:59:56,847 main.py:77: 当前体育馆0
[INFO]2024-11-19 15:59:56,993 function.py:47: 获取空闲表格成功
[INFO]2024-11-19 15:59:56,993 main.py:82: 当前体育馆0空闲:0
[INFO]2024-11-19 15:59:56,993 main.py:77: 当前体育馆1
[INFO]2024-11-19 15:59:57,119 function.py:47: 获取空闲表格成功
[INFO]2024-11-19 15:59:57,119 main.py:82: 当前体育馆1空闲:0
[INFO]2024-11-19 15:59:57,119 main.py:77: 当前体育馆2
[INFO]2024-11-19 15:59:57,228 function.py:47: 获取空闲表格成功
[INFO]2024-11-19 15:59:57,229 main.py:82: 当前体育馆2空闲:0
[INFO]2024-11-19 15:59:57,229 main.py:112: 无空闲场地
[CRITICAL]2024-11-19 16:59:54,924 log.py:22: get logger
[CRITICAL]2024-11-19 16:59:56,703 log.py:22: get logger
[INFO]2024-11-19 16:59:56,703 main.py:53: ######################
[INFO]2024-11-19 16:59:59,676 main.py:74: !!!!开始抢!!!!
[INFO]2024-11-19 16:59:59,676 main.py:77: 当前体育馆0
[INFO]2024-11-19 16:59:59,825 function.py:47: 获取空闲表格成功
[INFO]2024-11-19 16:59:59,825 main.py:82: 当前体育馆0空闲:0
[INFO]2024-11-19 16:59:59,825 main.py:77: 当前体育馆1
[INFO]2024-11-19 16:59:59,966 function.py:47: 获取空闲表格成功
[INFO]2024-11-19 16:59:59,966 main.py:82: 当前体育馆1空闲:0
[INFO]2024-11-19 16:59:59,966 main.py:77: 当前体育馆2
[INFO]2024-11-19 17:00:00,078 function.py:47: 获取空闲表格成功
[INFO]2024-11-19 17:00:00,078 main.py:82: 当前体育馆2空闲:0
[INFO]2024-11-19 17:00:00,078 main.py:112: 无空闲场地
[CRITICAL]2024-11-19 17:59:52,822 log.py:22: get logger
[CRITICAL]2024-11-19 17:59:54,102 log.py:22: get logger
[INFO]2024-11-19 17:59:54,102 main.py:53: ######################
[INFO]2024-11-19 17:59:57,184 main.py:74: !!!!开始抢!!!!
[INFO]2024-11-19 17:59:57,184 main.py:77: 当前体育馆0
[INFO]2024-11-19 17:59:57,328 function.py:47: 获取空闲表格成功
[INFO]2024-11-19 17:59:57,328 main.py:82: 当前体育馆0空闲:0
[INFO]2024-11-19 17:59:57,328 main.py:77: 当前体育馆1
[INFO]2024-11-19 17:59:57,451 function.py:47: 获取空闲表格成功
[INFO]2024-11-19 17:59:57,451 main.py:82: 当前体育馆1空闲:0
[INFO]2024-11-19 17:59:57,451 main.py:77: 当前体育馆2
[INFO]2024-11-19 17:59:58,581 function.py:47: 获取空闲表格成功
[INFO]2024-11-19 17:59:58,581 main.py:82: 当前体育馆2空闲:0
[INFO]2024-11-19 17:59:58,581 main.py:112: 无空闲场地
[CRITICAL]2024-11-19 18:59:54,363 log.py:22: get logger
[CRITICAL]2024-11-19 18:59:56,265 log.py:22: get logger
[INFO]2024-11-19 18:59:56,265 main.py:53: ######################
[INFO]2024-11-19 18:59:59,154 main.py:74: !!!!开始抢!!!!
[INFO]2024-11-19 18:59:59,154 main.py:77: 当前体育馆0
[INFO]2024-11-19 18:59:59,302 function.py:47: 获取空闲表格成功
[INFO]2024-11-19 18:59:59,302 main.py:82: 当前体育馆0空闲:0
[INFO]2024-11-19 18:59:59,302 main.py:77: 当前体育馆1
[INFO]2024-11-19 18:59:59,431 function.py:47: 获取空闲表格成功
[INFO]2024-11-19 18:59:59,431 main.py:82: 当前体育馆1空闲:0
[INFO]2024-11-19 18:59:59,431 main.py:77: 当前体育馆2
[INFO]2024-11-19 18:59:59,540 function.py:47: 获取空闲表格成功
[INFO]2024-11-19 18:59:59,540 main.py:82: 当前体育馆2空闲:0
[INFO]2024-11-19 18:59:59,540 main.py:112: 无空闲场地
[CRITICAL]2024-11-19 19:59:52,724 log.py:22: get logger
[CRITICAL]2024-11-19 19:59:54,059 log.py:22: get logger
[INFO]2024-11-19 19:59:54,059 main.py:53: ######################
[INFO]2024-11-19 19:59:57,049 main.py:74: !!!!开始抢!!!!
[INFO]2024-11-19 19:59:57,049 main.py:77: 当前体育馆0
[INFO]2024-11-19 19:59:57,194 function.py:47: 获取空闲表格成功
[INFO]2024-11-19 19:59:57,194 main.py:82: 当前体育馆0空闲:0
[INFO]2024-11-19 19:59:57,194 main.py:77: 当前体育馆1
[INFO]2024-11-19 19:59:57,322 function.py:47: 获取空闲表格成功
[INFO]2024-11-19 19:59:57,322 main.py:82: 当前体育馆1空闲:0
[INFO]2024-11-19 19:59:57,322 main.py:77: 当前体育馆2
[INFO]2024-11-19 19:59:57,430 function.py:47: 获取空闲表格成功
[INFO]2024-11-19 19:59:57,430 main.py:82: 当前体育馆2空闲:0
[INFO]2024-11-19 19:59:57,430 main.py:112: 无空闲场地
[CRITICAL]2024-11-19 20:59:52,729 log.py:22: get logger
[CRITICAL]2024-11-19 20:59:54,869 log.py:22: get logger
[INFO]2024-11-19 20:59:54,869 main.py:53: ######################
[INFO]2024-11-19 20:59:57,952 main.py:74: !!!!开始抢!!!!
[INFO]2024-11-19 20:59:57,952 main.py:77: 当前体育馆0
[INFO]2024-11-19 20:59:58,110 function.py:47: 获取空闲表格成功
[INFO]2024-11-19 20:59:58,110 main.py:82: 当前体育馆0空闲:0
[INFO]2024-11-19 20:59:58,110 main.py:77: 当前体育馆1
[INFO]2024-11-19 20:59:58,238 function.py:47: 获取空闲表格成功
[INFO]2024-11-19 20:59:58,238 main.py:82: 当前体育馆1空闲:0
[INFO]2024-11-19 20:59:58,238 main.py:77: 当前体育馆2
[INFO]2024-11-19 20:59:58,351 function.py:47: 获取空闲表格成功
[INFO]2024-11-19 20:59:58,351 main.py:82: 当前体育馆2空闲:0
[INFO]2024-11-19 20:59:58,351 main.py:112: 无空闲场地
[CRITICAL]2024-11-19 21:59:52,671 log.py:22: get logger
[CRITICAL]2024-11-19 21:59:53,995 log.py:22: get logger
[INFO]2024-11-19 21:59:53,995 main.py:53: ######################
[INFO]2024-11-19 21:59:56,970 main.py:74: !!!!开始抢!!!!
[INFO]2024-11-19 21:59:56,970 main.py:77: 当前体育馆0
[INFO]2024-11-19 21:59:57,117 function.py:47: 获取空闲表格成功
[INFO]2024-11-19 21:59:57,117 main.py:82: 当前体育馆0空闲:0
[INFO]2024-11-19 21:59:57,117 main.py:77: 当前体育馆1
[INFO]2024-11-19 21:59:57,257 function.py:47: 获取空闲表格成功
[INFO]2024-11-19 21:59:57,257 main.py:82: 当前体育馆1空闲:0
[INFO]2024-11-19 21:59:57,257 main.py:77: 当前体育馆2
[INFO]2024-11-19 21:59:57,372 function.py:47: 获取空闲表格成功
[INFO]2024-11-19 21:59:57,372 main.py:82: 当前体育馆2空闲:0
[INFO]2024-11-19 21:59:57,372 main.py:112: 无空闲场地
[CRITICAL]2024-11-19 22:59:52,970 log.py:22: get logger
[CRITICAL]2024-11-19 22:59:55,060 log.py:22: get logger
[INFO]2024-11-19 22:59:55,060 main.py:53: ######################
[INFO]2024-11-19 22:59:57,741 main.py:74: !!!!开始抢!!!!
[INFO]2024-11-19 22:59:57,741 main.py:77: 当前体育馆0
[INFO]2024-11-19 22:59:57,884 function.py:47: 获取空闲表格成功
[INFO]2024-11-19 22:59:57,884 main.py:82: 当前体育馆0空闲:0
[INFO]2024-11-19 22:59:57,884 main.py:77: 当前体育馆1
[INFO]2024-11-19 22:59:58,009 function.py:47: 获取空闲表格成功
[INFO]2024-11-19 22:59:58,009 main.py:82: 当前体育馆1空闲:0
[INFO]2024-11-19 22:59:58,009 main.py:77: 当前体育馆2
[INFO]2024-11-19 22:59:58,116 function.py:47: 获取空闲表格成功
[INFO]2024-11-19 22:59:58,116 main.py:82: 当前体育馆2空闲:0
[INFO]2024-11-19 22:59:58,116 main.py:112: 无空闲场地
[CRITICAL]2024-11-19 23:59:52,816 log.py:22: get logger
[CRITICAL]2024-11-20 00:59:52,655 log.py:22: get logger
[CRITICAL]2024-11-20 00:59:54,056 log.py:22: get logger
[INFO]2024-11-20 00:59:54,056 main.py:53: ######################
[INFO]2024-11-20 00:59:57,054 main.py:74: !!!!开始抢!!!!
[INFO]2024-11-20 00:59:57,054 main.py:77: 当前体育馆0
[INFO]2024-11-20 00:59:57,193 function.py:47: 获取空闲表格成功
[INFO]2024-11-20 00:59:57,193 main.py:82: 当前体育馆0空闲:0
[INFO]2024-11-20 00:59:57,193 main.py:77: 当前体育馆1
[INFO]2024-11-20 00:59:57,319 function.py:47: 获取空闲表格成功
[INFO]2024-11-20 00:59:57,319 main.py:82: 当前体育馆1空闲:0
[INFO]2024-11-20 00:59:57,319 main.py:77: 当前体育馆2
[INFO]2024-11-20 00:59:57,429 function.py:47: 获取空闲表格成功
[INFO]2024-11-20 00:59:57,429 main.py:82: 当前体育馆2空闲:0
[INFO]2024-11-20 00:59:57,429 main.py:112: 无空闲场地
[CRITICAL]2024-11-20 01:59:52,669 log.py:22: get logger
[CRITICAL]2024-11-20 01:59:54,358 log.py:22: get logger
[INFO]2024-11-20 01:59:54,358 main.py:53: ######################
[INFO]2024-11-20 01:59:57,328 main.py:74: !!!!开始抢!!!!
[INFO]2024-11-20 01:59:57,328 main.py:77: 当前体育馆0
[INFO]2024-11-20 01:59:57,465 function.py:47: 获取空闲表格成功
[INFO]2024-11-20 01:59:57,465 main.py:82: 当前体育馆0空闲:0
[INFO]2024-11-20 01:59:57,465 main.py:77: 当前体育馆1
[INFO]2024-11-20 01:59:57,592 function.py:47: 获取空闲表格成功
[INFO]2024-11-20 01:59:57,592 main.py:82: 当前体育馆1空闲:0
[INFO]2024-11-20 01:59:57,592 main.py:77: 当前体育馆2
[INFO]2024-11-20 01:59:57,699 function.py:47: 获取空闲表格成功
[INFO]2024-11-20 01:59:57,699 main.py:82: 当前体育馆2空闲:0
[INFO]2024-11-20 01:59:57,699 main.py:112: 无空闲场地
[CRITICAL]2024-11-20 02:59:52,639 log.py:22: get logger
[CRITICAL]2024-11-20 02:59:53,940 log.py:22: get logger
[INFO]2024-11-20 02:59:53,940 main.py:53: ######################
[INFO]2024-11-20 02:59:56,939 main.py:74: !!!!开始抢!!!!
[INFO]2024-11-20 02:59:56,939 main.py:77: 当前体育馆0
[INFO]2024-11-20 02:59:59,289 function.py:47: 获取空闲表格成功
[INFO]2024-11-20 02:59:59,289 main.py:82: 当前体育馆0空闲:0
[INFO]2024-11-20 02:59:59,289 main.py:77: 当前体育馆1
[INFO]2024-11-20 03:00:01,559 function.py:47: 获取空闲表格成功
[INFO]2024-11-20 03:00:01,559 main.py:82: 当前体育馆1空闲:0
[INFO]2024-11-20 03:00:01,559 main.py:77: 当前体育馆2
[INFO]2024-11-20 03:00:03,769 function.py:47: 获取空闲表格成功
[INFO]2024-11-20 03:00:03,769 main.py:82: 当前体育馆2空闲:0
[INFO]2024-11-20 03:00:03,769 main.py:112: 无空闲场地
[CRITICAL]2024-11-20 03:59:52,621 log.py:22: get logger
[CRITICAL]2024-11-20 03:59:54,252 log.py:22: get logger
[INFO]2024-11-20 03:59:54,252 main.py:53: ######################
[INFO]2024-11-20 03:59:57,281 main.py:74: !!!!开始抢!!!!
[INFO]2024-11-20 03:59:57,281 main.py:77: 当前体育馆0
[INFO]2024-11-20 03:59:57,423 function.py:47: 获取空闲表格成功
[INFO]2024-11-20 03:59:57,423 main.py:82: 当前体育馆0空闲:0
[INFO]2024-11-20 03:59:57,423 main.py:77: 当前体育馆1
[INFO]2024-11-20 03:59:57,549 function.py:47: 获取空闲表格成功
[INFO]2024-11-20 03:59:57,551 main.py:82: 当前体育馆1空闲:0
[INFO]2024-11-20 03:59:57,551 main.py:77: 当前体育馆2
[INFO]2024-11-20 03:59:57,669 function.py:47: 获取空闲表格成功
[INFO]2024-11-20 03:59:57,669 main.py:82: 当前体育馆2空闲:0
[INFO]2024-11-20 03:59:57,669 main.py:112: 无空闲场地
[CRITICAL]2024-11-20 04:59:52,614 log.py:22: get logger
[CRITICAL]2024-11-20 04:59:54,014 log.py:22: get logger
[INFO]2024-11-20 04:59:54,014 main.py:53: ######################
[INFO]2024-11-20 04:59:57,004 main.py:74: !!!!开始抢!!!!
[INFO]2024-11-20 04:59:57,005 main.py:77: 当前体育馆0
[INFO]2024-11-20 04:59:57,146 function.py:47: 获取空闲表格成功
[INFO]2024-11-20 04:59:57,146 main.py:82: 当前体育馆0空闲:0
[INFO]2024-11-20 04:59:57,146 main.py:77: 当前体育馆1
[INFO]2024-11-20 04:59:57,274 function.py:47: 获取空闲表格成功
[INFO]2024-11-20 04:59:57,274 main.py:82: 当前体育馆1空闲:0
[INFO]2024-11-20 04:59:57,274 main.py:77: 当前体育馆2
[INFO]2024-11-20 04:59:57,386 function.py:47: 获取空闲表格成功
[INFO]2024-11-20 04:59:57,386 main.py:82: 当前体育馆2空闲:0
[INFO]2024-11-20 04:59:57,386 main.py:112: 无空闲场地
[CRITICAL]2024-11-20 05:59:52,736 log.py:22: get logger
[CRITICAL]2024-11-20 05:59:54,439 log.py:22: get logger
[INFO]2024-11-20 05:59:54,439 main.py:53: ######################
[INFO]2024-11-20 05:59:57,952 main.py:74: !!!!开始抢!!!!
[INFO]2024-11-20 05:59:57,952 main.py:77: 当前体育馆0
[INFO]2024-11-20 05:59:58,093 function.py:47: 获取空闲表格成功
[INFO]2024-11-20 05:59:58,093 main.py:82: 当前体育馆0空闲:0
[INFO]2024-11-20 05:59:58,093 main.py:77: 当前体育馆1
[INFO]2024-11-20 05:59:58,220 function.py:47: 获取空闲表格成功
[INFO]2024-11-20 05:59:58,220 main.py:82: 当前体育馆1空闲:0
[INFO]2024-11-20 05:59:58,220 main.py:77: 当前体育馆2
[INFO]2024-11-20 05:59:58,327 function.py:47: 获取空闲表格成功
[INFO]2024-11-20 05:59:58,327 main.py:82: 当前体育馆2空闲:0
[INFO]2024-11-20 05:59:58,327 main.py:112: 无空闲场地
[CRITICAL]2024-11-20 06:59:52,620 log.py:22: get logger
[CRITICAL]2024-11-20 06:59:54,032 log.py:22: get logger
[INFO]2024-11-20 06:59:54,033 main.py:53: ######################
[INFO]2024-11-20 06:59:57,001 main.py:74: !!!!开始抢!!!!
[INFO]2024-11-20 06:59:57,001 main.py:77: 当前体育馆0
[INFO]2024-11-20 06:59:57,141 function.py:47: 获取空闲表格成功
[INFO]2024-11-20 06:59:57,141 main.py:82: 当前体育馆0空闲:0
[INFO]2024-11-20 06:59:57,141 main.py:77: 当前体育馆1
[INFO]2024-11-20 06:59:57,266 function.py:47: 获取空闲表格成功
[INFO]2024-11-20 06:59:57,266 main.py:82: 当前体育馆1空闲:0
[INFO]2024-11-20 06:59:57,266 main.py:77: 当前体育馆2
[INFO]2024-11-20 06:59:57,377 function.py:47: 获取空闲表格成功
[INFO]2024-11-20 06:59:57,377 main.py:82: 当前体育馆2空闲:0
[INFO]2024-11-20 06:59:57,377 main.py:112: 无空闲场地
[CRITICAL]2024-11-20 07:59:52,430 log.py:22: get logger
[CRITICAL]2024-11-20 07:59:54,048 log.py:22: get logger
[INFO]2024-11-20 07:59:54,048 main.py:53: ######################
[INFO]2024-11-20 07:59:57,162 main.py:74: !!!!开始抢!!!!
[INFO]2024-11-20 07:59:57,162 main.py:77: 当前体育馆0
[INFO]2024-11-20 07:59:57,306 function.py:47: 获取空闲表格成功
[INFO]2024-11-20 07:59:57,306 main.py:82: 当前体育馆0空闲:0
[INFO]2024-11-20 07:59:57,306 main.py:77: 当前体育馆1
[INFO]2024-11-20 07:59:57,430 function.py:47: 获取空闲表格成功
[INFO]2024-11-20 07:59:57,430 main.py:82: 当前体育馆1空闲:0
[INFO]2024-11-20 07:59:57,430 main.py:77: 当前体育馆2
[INFO]2024-11-20 07:59:57,536 function.py:47: 获取空闲表格成功
[INFO]2024-11-20 07:59:57,540 main.py:82: 当前体育馆2空闲:0
[INFO]2024-11-20 07:59:57,540 main.py:112: 无空闲场地
[CRITICAL]2024-11-20 08:59:53,110 log.py:22: get logger
[CRITICAL]2024-11-20 08:59:54,765 log.py:22: get logger
[INFO]2024-11-20 08:59:54,765 main.py:53: ######################
[INFO]2024-11-20 08:59:57,741 main.py:74: !!!!开始抢!!!!
[INFO]2024-11-20 08:59:57,741 main.py:77: 当前体育馆0
[INFO]2024-11-20 08:59:57,884 function.py:47: 获取空闲表格成功
[INFO]2024-11-20 08:59:57,884 main.py:82: 当前体育馆0空闲:0
[INFO]2024-11-20 08:59:57,884 main.py:77: 当前体育馆1
[INFO]2024-11-20 08:59:58,014 function.py:47: 获取空闲表格成功
[INFO]2024-11-20 08:59:58,014 main.py:82: 当前体育馆1空闲:0
[INFO]2024-11-20 08:59:58,014 main.py:77: 当前体育馆2
[INFO]2024-11-20 08:59:58,123 function.py:47: 获取空闲表格成功
[INFO]2024-11-20 08:59:58,125 main.py:82: 当前体育馆2空闲:0
[INFO]2024-11-20 08:59:58,125 main.py:112: 无空闲场地
[CRITICAL]2024-11-20 09:59:53,085 log.py:22: get logger
[CRITICAL]2024-11-20 09:59:54,713 log.py:22: get logger
[INFO]2024-11-20 09:59:54,713 main.py:53: ######################
[INFO]2024-11-20 09:59:57,752 main.py:74: !!!!开始抢!!!!
[INFO]2024-11-20 09:59:57,752 main.py:77: 当前体育馆0
[INFO]2024-11-20 09:59:57,895 function.py:47: 获取空闲表格成功
[INFO]2024-11-20 09:59:57,895 main.py:82: 当前体育馆0空闲:0
[INFO]2024-11-20 09:59:57,895 main.py:77: 当前体育馆1
[INFO]2024-11-20 09:59:58,020 function.py:47: 获取空闲表格成功
[INFO]2024-11-20 09:59:58,020 main.py:82: 当前体育馆1空闲:0
[INFO]2024-11-20 09:59:58,020 main.py:77: 当前体育馆2
[INFO]2024-11-20 09:59:58,126 function.py:47: 获取空闲表格成功
[INFO]2024-11-20 09:59:58,126 main.py:82: 当前体育馆2空闲:0
[INFO]2024-11-20 09:59:58,126 main.py:112: 无空闲场地
[CRITICAL]2024-11-20 10:11:33,337 log.py:22: get logger
[CRITICAL]2024-11-20 10:11:34,701 log.py:22: get logger
[INFO]2024-11-20 10:11:34,701 main.py:53: ######################
[INFO]2024-11-20 10:11:37,466 main.py:74: !!!!开始抢!!!!
[INFO]2024-11-20 10:11:37,466 main.py:77: 当前体育馆0
[INFO]2024-11-20 10:11:37,614 function.py:47: 获取空闲表格成功
[INFO]2024-11-20 10:11:37,615 main.py:82: 当前体育馆0空闲:24
[INFO]2024-11-20 10:11:37,776 main.py:88: 选择场地成功
[INFO]2024-11-20 10:11:38,464 function.py:22: 验证码处理成功：返回结果F34N
[INFO]2024-11-20 10:11:38,544 main.py:100: 已输入验证码
[INFO]2024-11-20 10:11:39,063 function.py:102: 预约验证码错误
[INFO]2024-11-20 10:11:39,301 function.py:47: 获取空闲表格成功
[INFO]2024-11-20 10:11:39,301 main.py:82: 当前体育馆0空闲:24
[INFO]2024-11-20 10:11:39,443 main.py:88: 选择场地成功
[INFO]2024-11-20 10:11:40,071 function.py:22: 验证码处理成功：返回结果jrV
[INFO]2024-11-20 10:11:40,113 main.py:97: 切换验证码
[INFO]2024-11-20 10:11:40,189 function.py:22: 验证码处理成功：返回结果Tru7
[INFO]2024-11-20 10:11:40,252 main.py:100: 已输入验证码
[INFO]2024-11-20 10:11:40,767 function.py:118: 预定成功
[INFO]2024-11-20 10:11:40,767 main.py:108: 验证码正确
[CRITICAL]2024-11-20 10:59:53,083 log.py:22: get logger
[CRITICAL]2024-11-20 10:59:56,317 log.py:22: get logger
[INFO]2024-11-20 10:59:56,317 main.py:53: ######################
[INFO]2024-11-20 10:59:59,284 main.py:74: !!!!开始抢!!!!
[INFO]2024-11-20 10:59:59,284 main.py:77: 当前体育馆0
[INFO]2024-11-20 10:59:59,427 function.py:47: 获取空闲表格成功
[INFO]2024-11-20 10:59:59,427 main.py:82: 当前体育馆0空闲:0
[INFO]2024-11-20 10:59:59,427 main.py:77: 当前体育馆1
[INFO]2024-11-20 10:59:59,555 function.py:47: 获取空闲表格成功
[INFO]2024-11-20 10:59:59,555 main.py:82: 当前体育馆1空闲:0
[INFO]2024-11-20 10:59:59,555 main.py:77: 当前体育馆2
[INFO]2024-11-20 10:59:59,665 function.py:47: 获取空闲表格成功
[INFO]2024-11-20 10:59:59,665 main.py:82: 当前体育馆2空闲:0
[INFO]2024-11-20 10:59:59,665 main.py:112: 无空闲场地
[CRITICAL]2024-11-20 11:59:55,099 log.py:22: get logger
[CRITICAL]2024-11-20 11:59:58,505 log.py:22: get logger
[INFO]2024-11-20 11:59:58,505 main.py:53: ######################
[INFO]2024-11-20 12:00:01,512 main.py:74: !!!!开始抢!!!!
[INFO]2024-11-20 12:00:01,512 main.py:77: 当前体育馆0
[INFO]2024-11-20 12:00:01,658 function.py:47: 获取空闲表格成功
[INFO]2024-11-20 12:00:01,658 main.py:82: 当前体育馆0空闲:0
[INFO]2024-11-20 12:00:01,658 main.py:77: 当前体育馆1
[INFO]2024-11-20 12:00:01,787 function.py:47: 获取空闲表格成功
[INFO]2024-11-20 12:00:01,787 main.py:82: 当前体育馆1空闲:0
[INFO]2024-11-20 12:00:01,787 main.py:77: 当前体育馆2
[INFO]2024-11-20 12:00:01,901 function.py:47: 获取空闲表格成功
[INFO]2024-11-20 12:00:01,901 main.py:82: 当前体育馆2空闲:0
[INFO]2024-11-20 12:00:01,901 main.py:112: 无空闲场地
[CRITICAL]2024-11-20 12:59:53,045 log.py:22: get logger
[CRITICAL]2024-11-20 12:59:55,928 log.py:22: get logger
[INFO]2024-11-20 12:59:55,928 main.py:53: ######################
[INFO]2024-11-20 12:59:59,070 main.py:74: !!!!开始抢!!!!
[INFO]2024-11-20 12:59:59,070 main.py:77: 当前体育馆0
[INFO]2024-11-20 12:59:59,211 function.py:47: 获取空闲表格成功
[INFO]2024-11-20 12:59:59,211 main.py:82: 当前体育馆0空闲:0
[INFO]2024-11-20 12:59:59,211 main.py:77: 当前体育馆1
[INFO]2024-11-20 12:59:59,338 function.py:47: 获取空闲表格成功
[INFO]2024-11-20 12:59:59,338 main.py:82: 当前体育馆1空闲:0
[INFO]2024-11-20 12:59:59,338 main.py:77: 当前体育馆2
[INFO]2024-11-20 12:59:59,452 function.py:47: 获取空闲表格成功
[INFO]2024-11-20 12:59:59,452 main.py:82: 当前体育馆2空闲:0
[INFO]2024-11-20 12:59:59,452 main.py:112: 无空闲场地
[CRITICAL]2024-11-20 13:59:53,310 log.py:22: get logger
[CRITICAL]2024-11-20 13:59:56,510 log.py:22: get logger
[INFO]2024-11-20 13:59:56,510 main.py:53: ######################
[INFO]2024-11-20 13:59:59,537 main.py:74: !!!!开始抢!!!!
[INFO]2024-11-20 13:59:59,537 main.py:77: 当前体育馆0
[INFO]2024-11-20 13:59:59,681 function.py:47: 获取空闲表格成功
[INFO]2024-11-20 13:59:59,681 main.py:82: 当前体育馆0空闲:0
[INFO]2024-11-20 13:59:59,681 main.py:77: 当前体育馆1
[INFO]2024-11-20 13:59:59,807 function.py:47: 获取空闲表格成功
[INFO]2024-11-20 13:59:59,807 main.py:82: 当前体育馆1空闲:0
[INFO]2024-11-20 13:59:59,807 main.py:77: 当前体育馆2
[INFO]2024-11-20 13:59:59,920 function.py:47: 获取空闲表格成功
[INFO]2024-11-20 13:59:59,920 main.py:82: 当前体育馆2空闲:0
[INFO]2024-11-20 13:59:59,920 main.py:112: 无空闲场地
[CRITICAL]2024-11-20 14:59:53,055 log.py:22: get logger
[CRITICAL]2024-11-20 14:59:56,285 log.py:22: get logger
[INFO]2024-11-20 14:59:56,285 main.py:53: ######################
[INFO]2024-11-20 14:59:59,210 main.py:74: !!!!开始抢!!!!
[INFO]2024-11-20 14:59:59,210 main.py:77: 当前体育馆0
[INFO]2024-11-20 14:59:59,358 function.py:47: 获取空闲表格成功
[INFO]2024-11-20 14:59:59,358 main.py:82: 当前体育馆0空闲:0
[INFO]2024-11-20 14:59:59,358 main.py:77: 当前体育馆1
[INFO]2024-11-20 14:59:59,498 function.py:47: 获取空闲表格成功
[INFO]2024-11-20 14:59:59,498 main.py:82: 当前体育馆1空闲:0
[INFO]2024-11-20 14:59:59,498 main.py:77: 当前体育馆2
[INFO]2024-11-20 14:59:59,612 function.py:47: 获取空闲表格成功
[INFO]2024-11-20 14:59:59,612 main.py:82: 当前体育馆2空闲:0
[INFO]2024-11-20 14:59:59,612 main.py:112: 无空闲场地
[CRITICAL]2024-11-20 15:59:53,018 log.py:22: get logger
[CRITICAL]2024-11-20 15:59:57,993 log.py:22: get logger
[INFO]2024-11-20 15:59:57,993 main.py:53: ######################
[ERROR]2024-11-20 16:00:02,143 main.py:50: 未处理的异常: Message: unknown error: net::ERR_PROXY_CONNECTION_FAILED
  (Session info: MicrosoftEdge=131.0.2903.51)
Stacktrace:
	(No symbol) [0x00007FF7210A6B05]
	Microsoft::Applications::Events::EventProperty::empty [0x00007FF7213CF444+1437348]
	sqlite3_dbdata_init [0x00007FF721472D86+643190]
	(No symbol) [0x00007FF720F82ED7]
	(No symbol) [0x00007FF720F776B7]
	(No symbol) [0x00007FF720F78CCD]
	(No symbol) [0x00007FF720F778BF]
	(No symbol) [0x00007FF720F772D3]
	(No symbol) [0x00007FF720F77278]
	(No symbol) [0x00007FF720F754BC]
	(No symbol) [0x00007FF720F7591C]
	(No symbol) [0x00007FF720F87A4A]
	(No symbol) [0x00007FF72100739E]
	(No symbol) [0x00007FF720FEC19A]
	(No symbol) [0x00007FF720FC3437]
	(No symbol) [0x00007FF721006BFF]
	(No symbol) [0x00007FF720FEBE03]
	(No symbol) [0x00007FF720FC2984]
	(No symbol) [0x00007FF720FC1E30]
	(No symbol) [0x00007FF720FC2571]
	Microsoft::Applications::Events::EventProperty::empty [0x00007FF72137BAD4+1094964]
	(No symbol) [0x00007FF7210E32B8]
	Microsoft::Applications::Events::EventProperty::empty [0x00007FF72137AF13+1091955]
	Microsoft::Applications::Events::EventProperty::empty [0x00007FF72137AA79+1090777]
	Microsoft::Applications::Events::ILogConfiguration::operator* [0x00007FF721180C81+461569]
	Microsoft::Applications::Events::ILogConfiguration::operator* [0x00007FF72117C9A4+444452]
	Microsoft::Applications::Events::ILogConfiguration::operator* [0x00007FF72117CAE9+444777]
	Microsoft::Applications::Events::ILogConfiguration::operator* [0x00007FF721172166+401382]
	BaseThreadInitThunk [0x00007FFAECDE259D+29]
	RtlUserThreadStart [0x00007FFAEEECAF38+40]
Traceback (most recent call last):
  File "main.py", line 57, in <module>
    driver.get(url)                                                 # 访问登录界面
  File "D:\anaconda3\envs\tsinghua-gym-reserve-master\lib\site-packages\selenium\webdriver\remote\webdriver.py", line 363, in get
    self.execute(Command.GET, {"url": url})
  File "D:\anaconda3\envs\tsinghua-gym-reserve-master\lib\site-packages\selenium\webdriver\remote\webdriver.py", line 354, in execute
    self.error_handler.check_response(response)
  File "D:\anaconda3\envs\tsinghua-gym-reserve-master\lib\site-packages\selenium\webdriver\remote\errorhandler.py", line 229, in check_response
    raise exception_class(message, screen, stacktrace)
selenium.common.exceptions.WebDriverException: Message: unknown error: net::ERR_PROXY_CONNECTION_FAILED
  (Session info: MicrosoftEdge=131.0.2903.51)
Stacktrace:
	(No symbol) [0x00007FF7210A6B05]
	Microsoft::Applications::Events::EventProperty::empty [0x00007FF7213CF444+1437348]
	sqlite3_dbdata_init [0x00007FF721472D86+643190]
	(No symbol) [0x00007FF720F82ED7]
	(No symbol) [0x00007FF720F776B7]
	(No symbol) [0x00007FF720F78CCD]
	(No symbol) [0x00007FF720F778BF]
	(No symbol) [0x00007FF720F772D3]
	(No symbol) [0x00007FF720F77278]
	(No symbol) [0x00007FF720F754BC]
	(No symbol) [0x00007FF720F7591C]
	(No symbol) [0x00007FF720F87A4A]
	(No symbol) [0x00007FF72100739E]
	(No symbol) [0x00007FF720FEC19A]
	(No symbol) [0x00007FF720FC3437]
	(No symbol) [0x00007FF721006BFF]
	(No symbol) [0x00007FF720FEBE03]
	(No symbol) [0x00007FF720FC2984]
	(No symbol) [0x00007FF720FC1E30]
	(No symbol) [0x00007FF720FC2571]
	Microsoft::Applications::Events::EventProperty::empty [0x00007FF72137BAD4+1094964]
	(No symbol) [0x00007FF7210E32B8]
	Microsoft::Applications::Events::EventProperty::empty [0x00007FF72137AF13+1091955]
	Microsoft::Applications::Events::EventProperty::empty [0x00007FF72137AA79+1090777]
	Microsoft::Applications::Events::ILogConfiguration::operator* [0x00007FF721180C81+461569]
	Microsoft::Applications::Events::ILogConfiguration::operator* [0x00007FF72117C9A4+444452]
	Microsoft::Applications::Events::ILogConfiguration::operator* [0x00007FF72117CAE9+444777]
	Microsoft::Applications::Events::ILogConfiguration::operator* [0x00007FF721172166+401382]
	BaseThreadInitThunk [0x00007FFAECDE259D+29]
	RtlUserThreadStart [0x00007FFAEEECAF38+40]

[CRITICAL]2024-11-20 16:59:53,057 log.py:22: get logger
[CRITICAL]2024-11-20 16:59:58,007 log.py:22: get logger
[INFO]2024-11-20 16:59:58,007 main.py:53: ######################
[ERROR]2024-11-20 17:00:15,530 main.py:50: 未处理的异常: Message: no such element: Unable to locate element: {"method":"css selector","selector":"#nav-main > ul > li:nth-child(3) > a"}
  (Session info: MicrosoftEdge=131.0.2903.51); For documentation on this error, please visit: https://www.selenium.dev/documentation/webdriver/troubleshooting/errors#no-such-element-exception
Stacktrace:
	(No symbol) [0x00007FF7210A6B05]
	Microsoft::Applications::Events::EventProperty::empty [0x00007FF7213CF444+1437348]
	sqlite3_dbdata_init [0x00007FF721472D86+643190]
	(No symbol) [0x00007FF720FCC9DB]
	(No symbol) [0x00007FF720FCCAE3]
	(No symbol) [0x00007FF7210092F7]
	(No symbol) [0x00007FF720FEC1DF]
	(No symbol) [0x00007FF720FC3437]
	(No symbol) [0x00007FF721006BFF]
	(No symbol) [0x00007FF720FEBE03]
	(No symbol) [0x00007FF720FC2984]
	(No symbol) [0x00007FF720FC1E30]
	(No symbol) [0x00007FF720FC2571]
	Microsoft::Applications::Events::EventProperty::empty [0x00007FF72137BAD4+1094964]
	(No symbol) [0x00007FF7210E32B8]
	Microsoft::Applications::Events::EventProperty::empty [0x00007FF72137AF13+1091955]
	Microsoft::Applications::Events::EventProperty::empty [0x00007FF72137AA79+1090777]
	Microsoft::Applications::Events::ILogConfiguration::operator* [0x00007FF721180C81+461569]
	Microsoft::Applications::Events::ILogConfiguration::operator* [0x00007FF72117C9A4+444452]
	Microsoft::Applications::Events::ILogConfiguration::operator* [0x00007FF72117CAE9+444777]
	Microsoft::Applications::Events::ILogConfiguration::operator* [0x00007FF721172166+401382]
	BaseThreadInitThunk [0x00007FFAECDE259D+29]
	RtlUserThreadStart [0x00007FFAEEECAF38+40]
Traceback (most recent call last):
  File "main.py", line 64, in <module>
    confirm(driver)
  File "E:\pycharm\tsinghua-gym-reserve-master\function\function.py", line 89, in confirm
    button = driver.find_element(By.CSS_SELECTOR,"#nav-main > ul > li:nth-child(3) > a")        #“场地预约”
  File "D:\anaconda3\envs\tsinghua-gym-reserve-master\lib\site-packages\selenium\webdriver\remote\webdriver.py", line 748, in find_element
    return self.execute(Command.FIND_ELEMENT, {"using": by, "value": value})["value"]
  File "D:\anaconda3\envs\tsinghua-gym-reserve-master\lib\site-packages\selenium\webdriver\remote\webdriver.py", line 354, in execute
    self.error_handler.check_response(response)
  File "D:\anaconda3\envs\tsinghua-gym-reserve-master\lib\site-packages\selenium\webdriver\remote\errorhandler.py", line 229, in check_response
    raise exception_class(message, screen, stacktrace)
selenium.common.exceptions.NoSuchElementException: Message: no such element: Unable to locate element: {"method":"css selector","selector":"#nav-main > ul > li:nth-child(3) > a"}
  (Session info: MicrosoftEdge=131.0.2903.51); For documentation on this error, please visit: https://www.selenium.dev/documentation/webdriver/troubleshooting/errors#no-such-element-exception
Stacktrace:
	(No symbol) [0x00007FF7210A6B05]
	Microsoft::Applications::Events::EventProperty::empty [0x00007FF7213CF444+1437348]
	sqlite3_dbdata_init [0x00007FF721472D86+643190]
	(No symbol) [0x00007FF720FCC9DB]
	(No symbol) [0x00007FF720FCCAE3]
	(No symbol) [0x00007FF7210092F7]
	(No symbol) [0x00007FF720FEC1DF]
	(No symbol) [0x00007FF720FC3437]
	(No symbol) [0x00007FF721006BFF]
	(No symbol) [0x00007FF720FEBE03]
	(No symbol) [0x00007FF720FC2984]
	(No symbol) [0x00007FF720FC1E30]
	(No symbol) [0x00007FF720FC2571]
	Microsoft::Applications::Events::EventProperty::empty [0x00007FF72137BAD4+1094964]
	(No symbol) [0x00007FF7210E32B8]
	Microsoft::Applications::Events::EventProperty::empty [0x00007FF72137AF13+1091955]
	Microsoft::Applications::Events::EventProperty::empty [0x00007FF72137AA79+1090777]
	Microsoft::Applications::Events::ILogConfiguration::operator* [0x00007FF721180C81+461569]
	Microsoft::Applications::Events::ILogConfiguration::operator* [0x00007FF72117C9A4+444452]
	Microsoft::Applications::Events::ILogConfiguration::operator* [0x00007FF72117CAE9+444777]
	Microsoft::Applications::Events::ILogConfiguration::operator* [0x00007FF721172166+401382]
	BaseThreadInitThunk [0x00007FFAECDE259D+29]
	RtlUserThreadStart [0x00007FFAEEECAF38+40]

[CRITICAL]2024-11-20 17:59:53,167 log.py:22: get logger
[CRITICAL]2024-11-20 17:59:58,214 log.py:22: get logger
[INFO]2024-11-20 17:59:58,214 main.py:53: ######################
[ERROR]2024-11-20 18:00:02,337 main.py:50: 未处理的异常: Message: unknown error: net::ERR_PROXY_CONNECTION_FAILED
  (Session info: MicrosoftEdge=131.0.2903.51)
Stacktrace:
	(No symbol) [0x00007FF7210A6B05]
	Microsoft::Applications::Events::EventProperty::empty [0x00007FF7213CF444+1437348]
	sqlite3_dbdata_init [0x00007FF721472D86+643190]
	(No symbol) [0x00007FF720F82ED7]
	(No symbol) [0x00007FF720F776B7]
	(No symbol) [0x00007FF720F78CCD]
	(No symbol) [0x00007FF720F778BF]
	(No symbol) [0x00007FF720F772D3]
	(No symbol) [0x00007FF720F77278]
	(No symbol) [0x00007FF720F754BC]
	(No symbol) [0x00007FF720F7591C]
	(No symbol) [0x00007FF720F87A4A]
	(No symbol) [0x00007FF72100739E]
	(No symbol) [0x00007FF720FEC19A]
	(No symbol) [0x00007FF720FC3437]
	(No symbol) [0x00007FF721006BFF]
	(No symbol) [0x00007FF720FEBE03]
	(No symbol) [0x00007FF720FC2984]
	(No symbol) [0x00007FF720FC1E30]
	(No symbol) [0x00007FF720FC2571]
	Microsoft::Applications::Events::EventProperty::empty [0x00007FF72137BAD4+1094964]
	(No symbol) [0x00007FF7210E32B8]
	Microsoft::Applications::Events::EventProperty::empty [0x00007FF72137AF13+1091955]
	Microsoft::Applications::Events::EventProperty::empty [0x00007FF72137AA79+1090777]
	Microsoft::Applications::Events::ILogConfiguration::operator* [0x00007FF721180C81+461569]
	Microsoft::Applications::Events::ILogConfiguration::operator* [0x00007FF72117C9A4+444452]
	Microsoft::Applications::Events::ILogConfiguration::operator* [0x00007FF72117CAE9+444777]
	Microsoft::Applications::Events::ILogConfiguration::operator* [0x00007FF721172166+401382]
	BaseThreadInitThunk [0x00007FFAECDE259D+29]
	RtlUserThreadStart [0x00007FFAEEECAF38+40]
Traceback (most recent call last):
  File "main.py", line 57, in <module>
    driver.get(url)                                                 # 访问登录界面
  File "D:\anaconda3\envs\tsinghua-gym-reserve-master\lib\site-packages\selenium\webdriver\remote\webdriver.py", line 363, in get
    self.execute(Command.GET, {"url": url})
  File "D:\anaconda3\envs\tsinghua-gym-reserve-master\lib\site-packages\selenium\webdriver\remote\webdriver.py", line 354, in execute
    self.error_handler.check_response(response)
  File "D:\anaconda3\envs\tsinghua-gym-reserve-master\lib\site-packages\selenium\webdriver\remote\errorhandler.py", line 229, in check_response
    raise exception_class(message, screen, stacktrace)
selenium.common.exceptions.WebDriverException: Message: unknown error: net::ERR_PROXY_CONNECTION_FAILED
  (Session info: MicrosoftEdge=131.0.2903.51)
Stacktrace:
	(No symbol) [0x00007FF7210A6B05]
	Microsoft::Applications::Events::EventProperty::empty [0x00007FF7213CF444+1437348]
	sqlite3_dbdata_init [0x00007FF721472D86+643190]
	(No symbol) [0x00007FF720F82ED7]
	(No symbol) [0x00007FF720F776B7]
	(No symbol) [0x00007FF720F78CCD]
	(No symbol) [0x00007FF720F778BF]
	(No symbol) [0x00007FF720F772D3]
	(No symbol) [0x00007FF720F77278]
	(No symbol) [0x00007FF720F754BC]
	(No symbol) [0x00007FF720F7591C]
	(No symbol) [0x00007FF720F87A4A]
	(No symbol) [0x00007FF72100739E]
	(No symbol) [0x00007FF720FEC19A]
	(No symbol) [0x00007FF720FC3437]
	(No symbol) [0x00007FF721006BFF]
	(No symbol) [0x00007FF720FEBE03]
	(No symbol) [0x00007FF720FC2984]
	(No symbol) [0x00007FF720FC1E30]
	(No symbol) [0x00007FF720FC2571]
	Microsoft::Applications::Events::EventProperty::empty [0x00007FF72137BAD4+1094964]
	(No symbol) [0x00007FF7210E32B8]
	Microsoft::Applications::Events::EventProperty::empty [0x00007FF72137AF13+1091955]
	Microsoft::Applications::Events::EventProperty::empty [0x00007FF72137AA79+1090777]
	Microsoft::Applications::Events::ILogConfiguration::operator* [0x00007FF721180C81+461569]
	Microsoft::Applications::Events::ILogConfiguration::operator* [0x00007FF72117C9A4+444452]
	Microsoft::Applications::Events::ILogConfiguration::operator* [0x00007FF72117CAE9+444777]
	Microsoft::Applications::Events::ILogConfiguration::operator* [0x00007FF721172166+401382]
	BaseThreadInitThunk [0x00007FFAECDE259D+29]
	RtlUserThreadStart [0x00007FFAEEECAF38+40]

[CRITICAL]2024-11-20 18:59:54,953 log.py:22: get logger
[CRITICAL]2024-11-20 19:00:00,124 log.py:22: get logger
[INFO]2024-11-20 19:00:00,124 main.py:53: ######################
[ERROR]2024-11-20 19:00:15,663 main.py:50: 未处理的异常: Message: no such element: Unable to locate element: {"method":"css selector","selector":"#bookInfo > div > div.yuyueButton > a"}
  (Session info: MicrosoftEdge=131.0.2903.51); For documentation on this error, please visit: https://www.selenium.dev/documentation/webdriver/troubleshooting/errors#no-such-element-exception
Stacktrace:
	(No symbol) [0x00007FF7210A6B05]
	Microsoft::Applications::Events::EventProperty::empty [0x00007FF7213CF444+1437348]
	sqlite3_dbdata_init [0x00007FF721472D86+643190]
	(No symbol) [0x00007FF720FCC9DB]
	(No symbol) [0x00007FF720FCCAE3]
	(No symbol) [0x00007FF7210092F7]
	(No symbol) [0x00007FF720FEC1DF]
	(No symbol) [0x00007FF720FC3437]
	(No symbol) [0x00007FF721006BFF]
	(No symbol) [0x00007FF720FEBE03]
	(No symbol) [0x00007FF720FC2984]
	(No symbol) [0x00007FF720FC1E30]
	(No symbol) [0x00007FF720FC2571]
	Microsoft::Applications::Events::EventProperty::empty [0x00007FF72137BAD4+1094964]
	(No symbol) [0x00007FF7210E32B8]
	Microsoft::Applications::Events::EventProperty::empty [0x00007FF72137AF13+1091955]
	Microsoft::Applications::Events::EventProperty::empty [0x00007FF72137AA79+1090777]
	Microsoft::Applications::Events::ILogConfiguration::operator* [0x00007FF721180C81+461569]
	Microsoft::Applications::Events::ILogConfiguration::operator* [0x00007FF72117C9A4+444452]
	Microsoft::Applications::Events::ILogConfiguration::operator* [0x00007FF72117CAE9+444777]
	Microsoft::Applications::Events::ILogConfiguration::operator* [0x00007FF721172166+401382]
	BaseThreadInitThunk [0x00007FFAECDE259D+29]
	RtlUserThreadStart [0x00007FFAEEECAF38+40]
Traceback (most recent call last):
  File "main.py", line 64, in <module>
    confirm(driver)
  File "E:\pycharm\tsinghua-gym-reserve-master\function\function.py", line 91, in confirm
    button = driver.find_element(By.CSS_SELECTOR,"#bookInfo > div > div.yuyueButton > a")       #“预约场地”
  File "D:\anaconda3\envs\tsinghua-gym-reserve-master\lib\site-packages\selenium\webdriver\remote\webdriver.py", line 748, in find_element
    return self.execute(Command.FIND_ELEMENT, {"using": by, "value": value})["value"]
  File "D:\anaconda3\envs\tsinghua-gym-reserve-master\lib\site-packages\selenium\webdriver\remote\webdriver.py", line 354, in execute
    self.error_handler.check_response(response)
  File "D:\anaconda3\envs\tsinghua-gym-reserve-master\lib\site-packages\selenium\webdriver\remote\errorhandler.py", line 229, in check_response
    raise exception_class(message, screen, stacktrace)
selenium.common.exceptions.NoSuchElementException: Message: no such element: Unable to locate element: {"method":"css selector","selector":"#bookInfo > div > div.yuyueButton > a"}
  (Session info: MicrosoftEdge=131.0.2903.51); For documentation on this error, please visit: https://www.selenium.dev/documentation/webdriver/troubleshooting/errors#no-such-element-exception
Stacktrace:
	(No symbol) [0x00007FF7210A6B05]
	Microsoft::Applications::Events::EventProperty::empty [0x00007FF7213CF444+1437348]
	sqlite3_dbdata_init [0x00007FF721472D86+643190]
	(No symbol) [0x00007FF720FCC9DB]
	(No symbol) [0x00007FF720FCCAE3]
	(No symbol) [0x00007FF7210092F7]
	(No symbol) [0x00007FF720FEC1DF]
	(No symbol) [0x00007FF720FC3437]
	(No symbol) [0x00007FF721006BFF]
	(No symbol) [0x00007FF720FEBE03]
	(No symbol) [0x00007FF720FC2984]
	(No symbol) [0x00007FF720FC1E30]
	(No symbol) [0x00007FF720FC2571]
	Microsoft::Applications::Events::EventProperty::empty [0x00007FF72137BAD4+1094964]
	(No symbol) [0x00007FF7210E32B8]
	Microsoft::Applications::Events::EventProperty::empty [0x00007FF72137AF13+1091955]
	Microsoft::Applications::Events::EventProperty::empty [0x00007FF72137AA79+1090777]
	Microsoft::Applications::Events::ILogConfiguration::operator* [0x00007FF721180C81+461569]
	Microsoft::Applications::Events::ILogConfiguration::operator* [0x00007FF72117C9A4+444452]
	Microsoft::Applications::Events::ILogConfiguration::operator* [0x00007FF72117CAE9+444777]
	Microsoft::Applications::Events::ILogConfiguration::operator* [0x00007FF721172166+401382]
	BaseThreadInitThunk [0x00007FFAECDE259D+29]
	RtlUserThreadStart [0x00007FFAEEECAF38+40]

[CRITICAL]2024-11-20 19:59:53,228 log.py:22: get logger
[CRITICAL]2024-11-20 19:59:56,486 log.py:22: get logger
[INFO]2024-11-20 19:59:56,486 main.py:53: ######################
[INFO]2024-11-20 19:59:59,429 main.py:74: !!!!开始抢!!!!
[INFO]2024-11-20 19:59:59,429 main.py:77: 当前体育馆0
[INFO]2024-11-20 19:59:59,574 function.py:47: 获取空闲表格成功
[INFO]2024-11-20 19:59:59,574 main.py:82: 当前体育馆0空闲:0
[INFO]2024-11-20 19:59:59,574 main.py:77: 当前体育馆1
[INFO]2024-11-20 19:59:59,702 function.py:47: 获取空闲表格成功
[INFO]2024-11-20 19:59:59,702 main.py:82: 当前体育馆1空闲:0
[INFO]2024-11-20 19:59:59,702 main.py:77: 当前体育馆2
[INFO]2024-11-20 19:59:59,814 function.py:47: 获取空闲表格成功
[INFO]2024-11-20 19:59:59,814 main.py:82: 当前体育馆2空闲:0
[INFO]2024-11-20 19:59:59,814 main.py:112: 无空闲场地
[CRITICAL]2024-11-20 20:59:53,188 log.py:22: get logger
[CRITICAL]2024-11-20 20:59:56,396 log.py:22: get logger
[INFO]2024-11-20 20:59:56,396 main.py:53: ######################
[INFO]2024-11-20 20:59:59,405 main.py:74: !!!!开始抢!!!!
[INFO]2024-11-20 20:59:59,405 main.py:77: 当前体育馆0
[INFO]2024-11-20 20:59:59,551 function.py:47: 获取空闲表格成功
[INFO]2024-11-20 20:59:59,551 main.py:82: 当前体育馆0空闲:0
[INFO]2024-11-20 20:59:59,551 main.py:77: 当前体育馆1
[INFO]2024-11-20 20:59:59,678 function.py:47: 获取空闲表格成功
[INFO]2024-11-20 20:59:59,678 main.py:82: 当前体育馆1空闲:0
[INFO]2024-11-20 20:59:59,678 main.py:77: 当前体育馆2
[INFO]2024-11-20 20:59:59,789 function.py:47: 获取空闲表格成功
[INFO]2024-11-20 20:59:59,789 main.py:82: 当前体育馆2空闲:0
[INFO]2024-11-20 20:59:59,789 main.py:112: 无空闲场地
[CRITICAL]2024-11-20 21:59:53,055 log.py:22: get logger
[CRITICAL]2024-11-20 22:00:00,996 log.py:22: get logger
[INFO]2024-11-20 22:00:00,996 main.py:53: ######################
[INFO]2024-11-20 22:00:04,015 main.py:74: !!!!开始抢!!!!
[INFO]2024-11-20 22:00:04,015 main.py:77: 当前体育馆0
[INFO]2024-11-20 22:00:04,157 function.py:47: 获取空闲表格成功
[INFO]2024-11-20 22:00:04,157 main.py:82: 当前体育馆0空闲:0
[INFO]2024-11-20 22:00:04,157 main.py:77: 当前体育馆1
[INFO]2024-11-20 22:00:04,289 function.py:47: 获取空闲表格成功
[INFO]2024-11-20 22:00:04,289 main.py:82: 当前体育馆1空闲:0
[INFO]2024-11-20 22:00:04,289 main.py:77: 当前体育馆2
[INFO]2024-11-20 22:00:04,397 function.py:47: 获取空闲表格成功
[INFO]2024-11-20 22:00:04,397 main.py:82: 当前体育馆2空闲:0
[INFO]2024-11-20 22:00:04,397 main.py:112: 无空闲场地
[CRITICAL]2024-11-20 22:59:53,111 log.py:22: get logger
[CRITICAL]2024-11-20 23:59:53,140 log.py:22: get logger
[CRITICAL]2024-11-21 00:00:01,128 log.py:22: get logger
[INFO]2024-11-21 00:00:01,128 main.py:53: ######################
[INFO]2024-11-21 00:00:03,952 main.py:74: !!!!开始抢!!!!
[INFO]2024-11-21 00:00:03,952 main.py:77: 当前体育馆0
[INFO]2024-11-21 00:00:04,091 function.py:47: 获取空闲表格成功
[INFO]2024-11-21 00:00:04,091 main.py:82: 当前体育馆0空闲:0
[INFO]2024-11-21 00:00:04,091 main.py:77: 当前体育馆1
[INFO]2024-11-21 00:00:04,218 function.py:47: 获取空闲表格成功
[INFO]2024-11-21 00:00:04,218 main.py:82: 当前体育馆1空闲:0
[INFO]2024-11-21 00:00:04,218 main.py:77: 当前体育馆2
[INFO]2024-11-21 00:00:04,328 function.py:47: 获取空闲表格成功
[INFO]2024-11-21 00:00:04,328 main.py:82: 当前体育馆2空闲:0
[INFO]2024-11-21 00:00:04,328 main.py:112: 无空闲场地
[CRITICAL]2024-11-21 00:59:53,033 log.py:22: get logger
[CRITICAL]2024-11-21 01:00:00,932 log.py:22: get logger
[INFO]2024-11-21 01:00:00,932 main.py:53: ######################
[INFO]2024-11-21 01:00:04,538 main.py:74: !!!!开始抢!!!!
[INFO]2024-11-21 01:00:04,538 main.py:77: 当前体育馆0
[INFO]2024-11-21 01:00:04,679 function.py:47: 获取空闲表格成功
[INFO]2024-11-21 01:00:04,679 main.py:82: 当前体育馆0空闲:0
[INFO]2024-11-21 01:00:04,679 main.py:77: 当前体育馆1
[INFO]2024-11-21 01:00:04,805 function.py:47: 获取空闲表格成功
[INFO]2024-11-21 01:00:04,805 main.py:82: 当前体育馆1空闲:0
[INFO]2024-11-21 01:00:04,805 main.py:77: 当前体育馆2
[INFO]2024-11-21 01:00:04,916 function.py:47: 获取空闲表格成功
[INFO]2024-11-21 01:00:04,916 main.py:82: 当前体育馆2空闲:0
[INFO]2024-11-21 01:00:04,916 main.py:112: 无空闲场地
[CRITICAL]2024-11-21 01:59:53,096 log.py:22: get logger
[CRITICAL]2024-11-21 02:00:00,995 log.py:22: get logger
[INFO]2024-11-21 02:00:00,995 main.py:53: ######################
[INFO]2024-11-21 02:00:04,096 main.py:74: !!!!开始抢!!!!
[INFO]2024-11-21 02:00:04,097 main.py:77: 当前体育馆0
[INFO]2024-11-21 02:00:04,240 function.py:47: 获取空闲表格成功
[INFO]2024-11-21 02:00:04,240 main.py:82: 当前体育馆0空闲:0
[INFO]2024-11-21 02:00:04,240 main.py:77: 当前体育馆1
[INFO]2024-11-21 02:00:04,365 function.py:47: 获取空闲表格成功
[INFO]2024-11-21 02:00:04,365 main.py:82: 当前体育馆1空闲:0
[INFO]2024-11-21 02:00:04,365 main.py:77: 当前体育馆2
[INFO]2024-11-21 02:00:04,476 function.py:47: 获取空闲表格成功
[INFO]2024-11-21 02:00:04,476 main.py:82: 当前体育馆2空闲:0
[INFO]2024-11-21 02:00:04,476 main.py:112: 无空闲场地
[CRITICAL]2024-11-21 02:22:08,069 log.py:22: get logger
[CRITICAL]2024-11-21 02:22:16,007 log.py:22: get logger
[INFO]2024-11-21 02:22:16,008 main.py:53: ######################
[ERROR]2024-11-21 02:22:23,561 main.py:50: 未处理的异常: Message: no such window: target window already closed
from unknown error: web view not found
  (Session info: MicrosoftEdge=131.0.2903.51)
Stacktrace:
	(No symbol) [0x00007FF7210A6B05]
	Microsoft::Applications::Events::EventProperty::empty [0x00007FF7213CF444+1437348]
	sqlite3_dbdata_init [0x00007FF721472D86+643190]
	(No symbol) [0x00007FF720F67657]
	(No symbol) [0x00007FF720FF1CE5]
	(No symbol) [0x00007FF72100670A]
	(No symbol) [0x00007FF720FEBE03]
	(No symbol) [0x00007FF720FC2984]
	(No symbol) [0x00007FF720FC1E30]
	(No symbol) [0x00007FF720FC2571]
	Microsoft::Applications::Events::EventProperty::empty [0x00007FF72137BAD4+1094964]
	(No symbol) [0x00007FF7210E32B8]
	Microsoft::Applications::Events::EventProperty::empty [0x00007FF72137AF13+1091955]
	Microsoft::Applications::Events::EventProperty::empty [0x00007FF72137AA79+1090777]
	Microsoft::Applications::Events::ILogConfiguration::operator* [0x00007FF721180C81+461569]
	Microsoft::Applications::Events::ILogConfiguration::operator* [0x00007FF72117C9A4+444452]
	Microsoft::Applications::Events::ILogConfiguration::operator* [0x00007FF72117CAE9+444777]
	Microsoft::Applications::Events::ILogConfiguration::operator* [0x00007FF721172166+401382]
	BaseThreadInitThunk [0x00007FFAECDE259D+29]
	RtlUserThreadStart [0x00007FFAEEECAF38+40]
Traceback (most recent call last):
  File "E:\pycharm\tsinghua-gym-reserve-master\main.py", line 69, in <module>
    is_refresh = test_refresh_field(driver,gym,sport,data,reserve_time)
  File "E:\pycharm\tsinghua-gym-reserve-master\function\function.py", line 27, in test_refresh_field
    driver.get("https://50.tsinghua.edu.cn/gymsite/cacheAction.do?ms=viewBook&gymnasium_id=%s&item_id=%s&time_date=%s&userType=1" % (gym, sport, data))  # 访问指定时间、场地和运动
  File "D:\anaconda3\envs\tsinghua-gym-reserve-master\lib\site-packages\selenium\webdriver\remote\webdriver.py", line 363, in get
    self.execute(Command.GET, {"url": url})
  File "D:\anaconda3\envs\tsinghua-gym-reserve-master\lib\site-packages\selenium\webdriver\remote\webdriver.py", line 354, in execute
    self.error_handler.check_response(response)
  File "D:\anaconda3\envs\tsinghua-gym-reserve-master\lib\site-packages\selenium\webdriver\remote\errorhandler.py", line 229, in check_response
    raise exception_class(message, screen, stacktrace)
selenium.common.exceptions.NoSuchWindowException: Message: no such window: target window already closed
from unknown error: web view not found
  (Session info: MicrosoftEdge=131.0.2903.51)
Stacktrace:
	(No symbol) [0x00007FF7210A6B05]
	Microsoft::Applications::Events::EventProperty::empty [0x00007FF7213CF444+1437348]
	sqlite3_dbdata_init [0x00007FF721472D86+643190]
	(No symbol) [0x00007FF720F67657]
	(No symbol) [0x00007FF720FF1CE5]
	(No symbol) [0x00007FF72100670A]
	(No symbol) [0x00007FF720FEBE03]
	(No symbol) [0x00007FF720FC2984]
	(No symbol) [0x00007FF720FC1E30]
	(No symbol) [0x00007FF720FC2571]
	Microsoft::Applications::Events::EventProperty::empty [0x00007FF72137BAD4+1094964]
	(No symbol) [0x00007FF7210E32B8]
	Microsoft::Applications::Events::EventProperty::empty [0x00007FF72137AF13+1091955]
	Microsoft::Applications::Events::EventProperty::empty [0x00007FF72137AA79+1090777]
	Microsoft::Applications::Events::ILogConfiguration::operator* [0x00007FF721180C81+461569]
	Microsoft::Applications::Events::ILogConfiguration::operator* [0x00007FF72117C9A4+444452]
	Microsoft::Applications::Events::ILogConfiguration::operator* [0x00007FF72117CAE9+444777]
	Microsoft::Applications::Events::ILogConfiguration::operator* [0x00007FF721172166+401382]
	BaseThreadInitThunk [0x00007FFAECDE259D+29]
	RtlUserThreadStart [0x00007FFAEEECAF38+40]

[CRITICAL]2024-11-21 07:59:51,107 log.py:22: get logger
[CRITICAL]2024-11-21 07:59:56,088 log.py:22: get logger
[INFO]2024-11-21 07:59:56,088 main.py:53: ######################
[ERROR]2024-11-21 08:00:00,269 main.py:50: 未处理的异常: Message: unknown error: net::ERR_PROXY_CONNECTION_FAILED
  (Session info: MicrosoftEdge=131.0.2903.51)
Stacktrace:
	(No symbol) [0x00007FF7210A6B05]
	Microsoft::Applications::Events::EventProperty::empty [0x00007FF7213CF444+1437348]
	sqlite3_dbdata_init [0x00007FF721472D86+643190]
	(No symbol) [0x00007FF720F82ED7]
	(No symbol) [0x00007FF720F776B7]
	(No symbol) [0x00007FF720F78CCD]
	(No symbol) [0x00007FF720F778BF]
	(No symbol) [0x00007FF720F772D3]
	(No symbol) [0x00007FF720F77278]
	(No symbol) [0x00007FF720F754BC]
	(No symbol) [0x00007FF720F7591C]
	(No symbol) [0x00007FF720F87A4A]
	(No symbol) [0x00007FF72100739E]
	(No symbol) [0x00007FF720FEC19A]
	(No symbol) [0x00007FF720FC3437]
	(No symbol) [0x00007FF721006BFF]
	(No symbol) [0x00007FF720FEBE03]
	(No symbol) [0x00007FF720FC2984]
	(No symbol) [0x00007FF720FC1E30]
	(No symbol) [0x00007FF720FC2571]
	Microsoft::Applications::Events::EventProperty::empty [0x00007FF72137BAD4+1094964]
	(No symbol) [0x00007FF7210E32B8]
	Microsoft::Applications::Events::EventProperty::empty [0x00007FF72137AF13+1091955]
	Microsoft::Applications::Events::EventProperty::empty [0x00007FF72137AA79+1090777]
	Microsoft::Applications::Events::ILogConfiguration::operator* [0x00007FF721180C81+461569]
	Microsoft::Applications::Events::ILogConfiguration::operator* [0x00007FF72117C9A4+444452]
	Microsoft::Applications::Events::ILogConfiguration::operator* [0x00007FF72117CAE9+444777]
	Microsoft::Applications::Events::ILogConfiguration::operator* [0x00007FF721172166+401382]
	BaseThreadInitThunk [0x00007FFAECDE259D+29]
	RtlUserThreadStart [0x00007FFAEEECAF38+40]
Traceback (most recent call last):
  File "main.py", line 57, in <module>
    driver.get(url)                                                 # 访问登录界面
  File "D:\anaconda3\envs\tsinghua-gym-reserve-master\lib\site-packages\selenium\webdriver\remote\webdriver.py", line 363, in get
    self.execute(Command.GET, {"url": url})
  File "D:\anaconda3\envs\tsinghua-gym-reserve-master\lib\site-packages\selenium\webdriver\remote\webdriver.py", line 354, in execute
    self.error_handler.check_response(response)
  File "D:\anaconda3\envs\tsinghua-gym-reserve-master\lib\site-packages\selenium\webdriver\remote\errorhandler.py", line 229, in check_response
    raise exception_class(message, screen, stacktrace)
selenium.common.exceptions.WebDriverException: Message: unknown error: net::ERR_PROXY_CONNECTION_FAILED
  (Session info: MicrosoftEdge=131.0.2903.51)
Stacktrace:
	(No symbol) [0x00007FF7210A6B05]
	Microsoft::Applications::Events::EventProperty::empty [0x00007FF7213CF444+1437348]
	sqlite3_dbdata_init [0x00007FF721472D86+643190]
	(No symbol) [0x00007FF720F82ED7]
	(No symbol) [0x00007FF720F776B7]
	(No symbol) [0x00007FF720F78CCD]
	(No symbol) [0x00007FF720F778BF]
	(No symbol) [0x00007FF720F772D3]
	(No symbol) [0x00007FF720F77278]
	(No symbol) [0x00007FF720F754BC]
	(No symbol) [0x00007FF720F7591C]
	(No symbol) [0x00007FF720F87A4A]
	(No symbol) [0x00007FF72100739E]
	(No symbol) [0x00007FF720FEC19A]
	(No symbol) [0x00007FF720FC3437]
	(No symbol) [0x00007FF721006BFF]
	(No symbol) [0x00007FF720FEBE03]
	(No symbol) [0x00007FF720FC2984]
	(No symbol) [0x00007FF720FC1E30]
	(No symbol) [0x00007FF720FC2571]
	Microsoft::Applications::Events::EventProperty::empty [0x00007FF72137BAD4+1094964]
	(No symbol) [0x00007FF7210E32B8]
	Microsoft::Applications::Events::EventProperty::empty [0x00007FF72137AF13+1091955]
	Microsoft::Applications::Events::EventProperty::empty [0x00007FF72137AA79+1090777]
	Microsoft::Applications::Events::ILogConfiguration::operator* [0x00007FF721180C81+461569]
	Microsoft::Applications::Events::ILogConfiguration::operator* [0x00007FF72117C9A4+444452]
	Microsoft::Applications::Events::ILogConfiguration::operator* [0x00007FF72117CAE9+444777]
	Microsoft::Applications::Events::ILogConfiguration::operator* [0x00007FF721172166+401382]
	BaseThreadInitThunk [0x00007FFAECDE259D+29]
	RtlUserThreadStart [0x00007FFAEEECAF38+40]

[CRITICAL]2024-11-21 08:59:52,157 log.py:22: get logger
[CRITICAL]2024-11-21 08:59:57,087 log.py:22: get logger
[INFO]2024-11-21 08:59:57,087 main.py:53: ######################
[ERROR]2024-11-21 09:00:01,525 main.py:50: 未处理的异常: Message: unknown error: net::ERR_PROXY_CONNECTION_FAILED
  (Session info: MicrosoftEdge=131.0.2903.51)
Stacktrace:
	(No symbol) [0x00007FF7210A6B05]
	Microsoft::Applications::Events::EventProperty::empty [0x00007FF7213CF444+1437348]
	sqlite3_dbdata_init [0x00007FF721472D86+643190]
	(No symbol) [0x00007FF720F82ED7]
	(No symbol) [0x00007FF720F776B7]
	(No symbol) [0x00007FF720F78CCD]
	(No symbol) [0x00007FF720F778BF]
	(No symbol) [0x00007FF720F772D3]
	(No symbol) [0x00007FF720F77278]
	(No symbol) [0x00007FF720F754BC]
	(No symbol) [0x00007FF720F7591C]
	(No symbol) [0x00007FF720F87A4A]
	(No symbol) [0x00007FF72100739E]
	(No symbol) [0x00007FF720FEC19A]
	(No symbol) [0x00007FF720FC3437]
	(No symbol) [0x00007FF721006BFF]
	(No symbol) [0x00007FF720FEBE03]
	(No symbol) [0x00007FF720FC2984]
	(No symbol) [0x00007FF720FC1E30]
	(No symbol) [0x00007FF720FC2571]
	Microsoft::Applications::Events::EventProperty::empty [0x00007FF72137BAD4+1094964]
	(No symbol) [0x00007FF7210E32B8]
	Microsoft::Applications::Events::EventProperty::empty [0x00007FF72137AF13+1091955]
	Microsoft::Applications::Events::EventProperty::empty [0x00007FF72137AA79+1090777]
	Microsoft::Applications::Events::ILogConfiguration::operator* [0x00007FF721180C81+461569]
	Microsoft::Applications::Events::ILogConfiguration::operator* [0x00007FF72117C9A4+444452]
	Microsoft::Applications::Events::ILogConfiguration::operator* [0x00007FF72117CAE9+444777]
	Microsoft::Applications::Events::ILogConfiguration::operator* [0x00007FF721172166+401382]
	BaseThreadInitThunk [0x00007FFAECDE259D+29]
	RtlUserThreadStart [0x00007FFAEEECAF38+40]
Traceback (most recent call last):
  File "main.py", line 57, in <module>
    driver.get(url)                                                 # 访问登录界面
  File "D:\anaconda3\envs\tsinghua-gym-reserve-master\lib\site-packages\selenium\webdriver\remote\webdriver.py", line 363, in get
    self.execute(Command.GET, {"url": url})
  File "D:\anaconda3\envs\tsinghua-gym-reserve-master\lib\site-packages\selenium\webdriver\remote\webdriver.py", line 354, in execute
    self.error_handler.check_response(response)
  File "D:\anaconda3\envs\tsinghua-gym-reserve-master\lib\site-packages\selenium\webdriver\remote\errorhandler.py", line 229, in check_response
    raise exception_class(message, screen, stacktrace)
selenium.common.exceptions.WebDriverException: Message: unknown error: net::ERR_PROXY_CONNECTION_FAILED
  (Session info: MicrosoftEdge=131.0.2903.51)
Stacktrace:
	(No symbol) [0x00007FF7210A6B05]
	Microsoft::Applications::Events::EventProperty::empty [0x00007FF7213CF444+1437348]
	sqlite3_dbdata_init [0x00007FF721472D86+643190]
	(No symbol) [0x00007FF720F82ED7]
	(No symbol) [0x00007FF720F776B7]
	(No symbol) [0x00007FF720F78CCD]
	(No symbol) [0x00007FF720F778BF]
	(No symbol) [0x00007FF720F772D3]
	(No symbol) [0x00007FF720F77278]
	(No symbol) [0x00007FF720F754BC]
	(No symbol) [0x00007FF720F7591C]
	(No symbol) [0x00007FF720F87A4A]
	(No symbol) [0x00007FF72100739E]
	(No symbol) [0x00007FF720FEC19A]
	(No symbol) [0x00007FF720FC3437]
	(No symbol) [0x00007FF721006BFF]
	(No symbol) [0x00007FF720FEBE03]
	(No symbol) [0x00007FF720FC2984]
	(No symbol) [0x00007FF720FC1E30]
	(No symbol) [0x00007FF720FC2571]
	Microsoft::Applications::Events::EventProperty::empty [0x00007FF72137BAD4+1094964]
	(No symbol) [0x00007FF7210E32B8]
	Microsoft::Applications::Events::EventProperty::empty [0x00007FF72137AF13+1091955]
	Microsoft::Applications::Events::EventProperty::empty [0x00007FF72137AA79+1090777]
	Microsoft::Applications::Events::ILogConfiguration::operator* [0x00007FF721180C81+461569]
	Microsoft::Applications::Events::ILogConfiguration::operator* [0x00007FF72117C9A4+444452]
	Microsoft::Applications::Events::ILogConfiguration::operator* [0x00007FF72117CAE9+444777]
	Microsoft::Applications::Events::ILogConfiguration::operator* [0x00007FF721172166+401382]
	BaseThreadInitThunk [0x00007FFAECDE259D+29]
	RtlUserThreadStart [0x00007FFAEEECAF38+40]

[CRITICAL]2024-11-21 09:07:28,602 log.py:22: get logger
[CRITICAL]2024-11-21 09:07:33,542 log.py:22: get logger
[INFO]2024-11-21 09:07:33,542 main.py:53: ######################
[ERROR]2024-11-21 09:07:37,703 main.py:50: 未处理的异常: Message: unknown error: net::ERR_PROXY_CONNECTION_FAILED
  (Session info: MicrosoftEdge=131.0.2903.51)
Stacktrace:
	(No symbol) [0x00007FF7210A6B05]
	Microsoft::Applications::Events::EventProperty::empty [0x00007FF7213CF444+1437348]
	sqlite3_dbdata_init [0x00007FF721472D86+643190]
	(No symbol) [0x00007FF720F82ED7]
	(No symbol) [0x00007FF720F776B7]
	(No symbol) [0x00007FF720F78CCD]
	(No symbol) [0x00007FF720F778BF]
	(No symbol) [0x00007FF720F772D3]
	(No symbol) [0x00007FF720F77278]
	(No symbol) [0x00007FF720F754BC]
	(No symbol) [0x00007FF720F7591C]
	(No symbol) [0x00007FF720F87A4A]
	(No symbol) [0x00007FF72100739E]
	(No symbol) [0x00007FF720FEC19A]
	(No symbol) [0x00007FF720FC3437]
	(No symbol) [0x00007FF721006BFF]
	(No symbol) [0x00007FF720FEBE03]
	(No symbol) [0x00007FF720FC2984]
	(No symbol) [0x00007FF720FC1E30]
	(No symbol) [0x00007FF720FC2571]
	Microsoft::Applications::Events::EventProperty::empty [0x00007FF72137BAD4+1094964]
	(No symbol) [0x00007FF7210E32B8]
	Microsoft::Applications::Events::EventProperty::empty [0x00007FF72137AF13+1091955]
	Microsoft::Applications::Events::EventProperty::empty [0x00007FF72137AA79+1090777]
	Microsoft::Applications::Events::ILogConfiguration::operator* [0x00007FF721180C81+461569]
	Microsoft::Applications::Events::ILogConfiguration::operator* [0x00007FF72117C9A4+444452]
	Microsoft::Applications::Events::ILogConfiguration::operator* [0x00007FF72117CAE9+444777]
	Microsoft::Applications::Events::ILogConfiguration::operator* [0x00007FF721172166+401382]
	BaseThreadInitThunk [0x00007FFAECDE259D+29]
	RtlUserThreadStart [0x00007FFAEEECAF38+40]
Traceback (most recent call last):
  File "E:\pycharm\tsinghua-gym-reserve-master\main.py", line 57, in <module>
    driver.get(url)                                                 # 访问登录界面
  File "D:\anaconda3\envs\tsinghua-gym-reserve-master\lib\site-packages\selenium\webdriver\remote\webdriver.py", line 363, in get
    self.execute(Command.GET, {"url": url})
  File "D:\anaconda3\envs\tsinghua-gym-reserve-master\lib\site-packages\selenium\webdriver\remote\webdriver.py", line 354, in execute
    self.error_handler.check_response(response)
  File "D:\anaconda3\envs\tsinghua-gym-reserve-master\lib\site-packages\selenium\webdriver\remote\errorhandler.py", line 229, in check_response
    raise exception_class(message, screen, stacktrace)
selenium.common.exceptions.WebDriverException: Message: unknown error: net::ERR_PROXY_CONNECTION_FAILED
  (Session info: MicrosoftEdge=131.0.2903.51)
Stacktrace:
	(No symbol) [0x00007FF7210A6B05]
	Microsoft::Applications::Events::EventProperty::empty [0x00007FF7213CF444+1437348]
	sqlite3_dbdata_init [0x00007FF721472D86+643190]
	(No symbol) [0x00007FF720F82ED7]
	(No symbol) [0x00007FF720F776B7]
	(No symbol) [0x00007FF720F78CCD]
	(No symbol) [0x00007FF720F778BF]
	(No symbol) [0x00007FF720F772D3]
	(No symbol) [0x00007FF720F77278]
	(No symbol) [0x00007FF720F754BC]
	(No symbol) [0x00007FF720F7591C]
	(No symbol) [0x00007FF720F87A4A]
	(No symbol) [0x00007FF72100739E]
	(No symbol) [0x00007FF720FEC19A]
	(No symbol) [0x00007FF720FC3437]
	(No symbol) [0x00007FF721006BFF]
	(No symbol) [0x00007FF720FEBE03]
	(No symbol) [0x00007FF720FC2984]
	(No symbol) [0x00007FF720FC1E30]
	(No symbol) [0x00007FF720FC2571]
	Microsoft::Applications::Events::EventProperty::empty [0x00007FF72137BAD4+1094964]
	(No symbol) [0x00007FF7210E32B8]
	Microsoft::Applications::Events::EventProperty::empty [0x00007FF72137AF13+1091955]
	Microsoft::Applications::Events::EventProperty::empty [0x00007FF72137AA79+1090777]
	Microsoft::Applications::Events::ILogConfiguration::operator* [0x00007FF721180C81+461569]
	Microsoft::Applications::Events::ILogConfiguration::operator* [0x00007FF72117C9A4+444452]
	Microsoft::Applications::Events::ILogConfiguration::operator* [0x00007FF72117CAE9+444777]
	Microsoft::Applications::Events::ILogConfiguration::operator* [0x00007FF721172166+401382]
	BaseThreadInitThunk [0x00007FFAECDE259D+29]
	RtlUserThreadStart [0x00007FFAEEECAF38+40]

[CRITICAL]2024-11-21 09:11:01,341 log.py:22: get logger
[CRITICAL]2024-11-21 09:11:06,331 log.py:22: get logger
[INFO]2024-11-21 09:11:06,331 main.py:53: ######################
[ERROR]2024-11-21 09:11:10,516 main.py:50: 未处理的异常: Message: unknown error: net::ERR_PROXY_CONNECTION_FAILED
  (Session info: MicrosoftEdge=131.0.2903.51)
Stacktrace:
	(No symbol) [0x00007FF7210A6B05]
	Microsoft::Applications::Events::EventProperty::empty [0x00007FF7213CF444+1437348]
	sqlite3_dbdata_init [0x00007FF721472D86+643190]
	(No symbol) [0x00007FF720F82ED7]
	(No symbol) [0x00007FF720F776B7]
	(No symbol) [0x00007FF720F78CCD]
	(No symbol) [0x00007FF720F778BF]
	(No symbol) [0x00007FF720F772D3]
	(No symbol) [0x00007FF720F77278]
	(No symbol) [0x00007FF720F754BC]
	(No symbol) [0x00007FF720F7591C]
	(No symbol) [0x00007FF720F87A4A]
	(No symbol) [0x00007FF72100739E]
	(No symbol) [0x00007FF720FEC19A]
	(No symbol) [0x00007FF720FC3437]
	(No symbol) [0x00007FF721006BFF]
	(No symbol) [0x00007FF720FEBE03]
	(No symbol) [0x00007FF720FC2984]
	(No symbol) [0x00007FF720FC1E30]
	(No symbol) [0x00007FF720FC2571]
	Microsoft::Applications::Events::EventProperty::empty [0x00007FF72137BAD4+1094964]
	(No symbol) [0x00007FF7210E32B8]
	Microsoft::Applications::Events::EventProperty::empty [0x00007FF72137AF13+1091955]
	Microsoft::Applications::Events::EventProperty::empty [0x00007FF72137AA79+1090777]
	Microsoft::Applications::Events::ILogConfiguration::operator* [0x00007FF721180C81+461569]
	Microsoft::Applications::Events::ILogConfiguration::operator* [0x00007FF72117C9A4+444452]
	Microsoft::Applications::Events::ILogConfiguration::operator* [0x00007FF72117CAE9+444777]
	Microsoft::Applications::Events::ILogConfiguration::operator* [0x00007FF721172166+401382]
	BaseThreadInitThunk [0x00007FFAECDE259D+29]
	RtlUserThreadStart [0x00007FFAEEECAF38+40]
Traceback (most recent call last):
  File "E:\pycharm\tsinghua-gym-reserve-master\main.py", line 57, in <module>
    driver.get(url)                                                 # 访问登录界面
  File "D:\anaconda3\envs\tsinghua-gym-reserve-master\lib\site-packages\selenium\webdriver\remote\webdriver.py", line 363, in get
    self.execute(Command.GET, {"url": url})
  File "D:\anaconda3\envs\tsinghua-gym-reserve-master\lib\site-packages\selenium\webdriver\remote\webdriver.py", line 354, in execute
    self.error_handler.check_response(response)
  File "D:\anaconda3\envs\tsinghua-gym-reserve-master\lib\site-packages\selenium\webdriver\remote\errorhandler.py", line 229, in check_response
    raise exception_class(message, screen, stacktrace)
selenium.common.exceptions.WebDriverException: Message: unknown error: net::ERR_PROXY_CONNECTION_FAILED
  (Session info: MicrosoftEdge=131.0.2903.51)
Stacktrace:
	(No symbol) [0x00007FF7210A6B05]
	Microsoft::Applications::Events::EventProperty::empty [0x00007FF7213CF444+1437348]
	sqlite3_dbdata_init [0x00007FF721472D86+643190]
	(No symbol) [0x00007FF720F82ED7]
	(No symbol) [0x00007FF720F776B7]
	(No symbol) [0x00007FF720F78CCD]
	(No symbol) [0x00007FF720F778BF]
	(No symbol) [0x00007FF720F772D3]
	(No symbol) [0x00007FF720F77278]
	(No symbol) [0x00007FF720F754BC]
	(No symbol) [0x00007FF720F7591C]
	(No symbol) [0x00007FF720F87A4A]
	(No symbol) [0x00007FF72100739E]
	(No symbol) [0x00007FF720FEC19A]
	(No symbol) [0x00007FF720FC3437]
	(No symbol) [0x00007FF721006BFF]
	(No symbol) [0x00007FF720FEBE03]
	(No symbol) [0x00007FF720FC2984]
	(No symbol) [0x00007FF720FC1E30]
	(No symbol) [0x00007FF720FC2571]
	Microsoft::Applications::Events::EventProperty::empty [0x00007FF72137BAD4+1094964]
	(No symbol) [0x00007FF7210E32B8]
	Microsoft::Applications::Events::EventProperty::empty [0x00007FF72137AF13+1091955]
	Microsoft::Applications::Events::EventProperty::empty [0x00007FF72137AA79+1090777]
	Microsoft::Applications::Events::ILogConfiguration::operator* [0x00007FF721180C81+461569]
	Microsoft::Applications::Events::ILogConfiguration::operator* [0x00007FF72117C9A4+444452]
	Microsoft::Applications::Events::ILogConfiguration::operator* [0x00007FF72117CAE9+444777]
	Microsoft::Applications::Events::ILogConfiguration::operator* [0x00007FF721172166+401382]
	BaseThreadInitThunk [0x00007FFAECDE259D+29]
	RtlUserThreadStart [0x00007FFAEEECAF38+40]

[CRITICAL]2024-11-21 09:11:46,990 log.py:22: get logger
[CRITICAL]2024-11-21 09:11:51,976 log.py:22: get logger
[INFO]2024-11-21 09:11:51,976 main.py:53: ######################
[ERROR]2024-11-21 09:11:56,134 main.py:50: 未处理的异常: Message: unknown error: net::ERR_PROXY_CONNECTION_FAILED
  (Session info: MicrosoftEdge=131.0.2903.51)
Stacktrace:
	(No symbol) [0x00007FF7210A6B05]
	Microsoft::Applications::Events::EventProperty::empty [0x00007FF7213CF444+1437348]
	sqlite3_dbdata_init [0x00007FF721472D86+643190]
	(No symbol) [0x00007FF720F82ED7]
	(No symbol) [0x00007FF720F776B7]
	(No symbol) [0x00007FF720F78CCD]
	(No symbol) [0x00007FF720F778BF]
	(No symbol) [0x00007FF720F772D3]
	(No symbol) [0x00007FF720F77278]
	(No symbol) [0x00007FF720F754BC]
	(No symbol) [0x00007FF720F7591C]
	(No symbol) [0x00007FF720F87A4A]
	(No symbol) [0x00007FF72100739E]
	(No symbol) [0x00007FF720FEC19A]
	(No symbol) [0x00007FF720FC3437]
	(No symbol) [0x00007FF721006BFF]
	(No symbol) [0x00007FF720FEBE03]
	(No symbol) [0x00007FF720FC2984]
	(No symbol) [0x00007FF720FC1E30]
	(No symbol) [0x00007FF720FC2571]
	Microsoft::Applications::Events::EventProperty::empty [0x00007FF72137BAD4+1094964]
	(No symbol) [0x00007FF7210E32B8]
	Microsoft::Applications::Events::EventProperty::empty [0x00007FF72137AF13+1091955]
	Microsoft::Applications::Events::EventProperty::empty [0x00007FF72137AA79+1090777]
	Microsoft::Applications::Events::ILogConfiguration::operator* [0x00007FF721180C81+461569]
	Microsoft::Applications::Events::ILogConfiguration::operator* [0x00007FF72117C9A4+444452]
	Microsoft::Applications::Events::ILogConfiguration::operator* [0x00007FF72117CAE9+444777]
	Microsoft::Applications::Events::ILogConfiguration::operator* [0x00007FF721172166+401382]
	BaseThreadInitThunk [0x00007FFAECDE259D+29]
	RtlUserThreadStart [0x00007FFAEEECAF38+40]
Traceback (most recent call last):
  File "E:\pycharm\tsinghua-gym-reserve-master\main.py", line 57, in <module>
    driver.get(url)                                                 # 访问登录界面
  File "D:\anaconda3\envs\tsinghua-gym-reserve-master\lib\site-packages\selenium\webdriver\remote\webdriver.py", line 363, in get
    self.execute(Command.GET, {"url": url})
  File "D:\anaconda3\envs\tsinghua-gym-reserve-master\lib\site-packages\selenium\webdriver\remote\webdriver.py", line 354, in execute
    self.error_handler.check_response(response)
  File "D:\anaconda3\envs\tsinghua-gym-reserve-master\lib\site-packages\selenium\webdriver\remote\errorhandler.py", line 229, in check_response
    raise exception_class(message, screen, stacktrace)
selenium.common.exceptions.WebDriverException: Message: unknown error: net::ERR_PROXY_CONNECTION_FAILED
  (Session info: MicrosoftEdge=131.0.2903.51)
Stacktrace:
	(No symbol) [0x00007FF7210A6B05]
	Microsoft::Applications::Events::EventProperty::empty [0x00007FF7213CF444+1437348]
	sqlite3_dbdata_init [0x00007FF721472D86+643190]
	(No symbol) [0x00007FF720F82ED7]
	(No symbol) [0x00007FF720F776B7]
	(No symbol) [0x00007FF720F78CCD]
	(No symbol) [0x00007FF720F778BF]
	(No symbol) [0x00007FF720F772D3]
	(No symbol) [0x00007FF720F77278]
	(No symbol) [0x00007FF720F754BC]
	(No symbol) [0x00007FF720F7591C]
	(No symbol) [0x00007FF720F87A4A]
	(No symbol) [0x00007FF72100739E]
	(No symbol) [0x00007FF720FEC19A]
	(No symbol) [0x00007FF720FC3437]
	(No symbol) [0x00007FF721006BFF]
	(No symbol) [0x00007FF720FEBE03]
	(No symbol) [0x00007FF720FC2984]
	(No symbol) [0x00007FF720FC1E30]
	(No symbol) [0x00007FF720FC2571]
	Microsoft::Applications::Events::EventProperty::empty [0x00007FF72137BAD4+1094964]
	(No symbol) [0x00007FF7210E32B8]
	Microsoft::Applications::Events::EventProperty::empty [0x00007FF72137AF13+1091955]
	Microsoft::Applications::Events::EventProperty::empty [0x00007FF72137AA79+1090777]
	Microsoft::Applications::Events::ILogConfiguration::operator* [0x00007FF721180C81+461569]
	Microsoft::Applications::Events::ILogConfiguration::operator* [0x00007FF72117C9A4+444452]
	Microsoft::Applications::Events::ILogConfiguration::operator* [0x00007FF72117CAE9+444777]
	Microsoft::Applications::Events::ILogConfiguration::operator* [0x00007FF721172166+401382]
	BaseThreadInitThunk [0x00007FFAECDE259D+29]
	RtlUserThreadStart [0x00007FFAEEECAF38+40]

[CRITICAL]2024-11-21 09:12:12,257 log.py:22: get logger
[CRITICAL]2024-11-21 09:12:17,214 log.py:22: get logger
[INFO]2024-11-21 09:12:17,214 main.py:53: ######################
[ERROR]2024-11-21 09:12:21,357 main.py:50: 未处理的异常: Message: unknown error: net::ERR_PROXY_CONNECTION_FAILED
  (Session info: MicrosoftEdge=131.0.2903.51)
Stacktrace:
	(No symbol) [0x00007FF7210A6B05]
	Microsoft::Applications::Events::EventProperty::empty [0x00007FF7213CF444+1437348]
	sqlite3_dbdata_init [0x00007FF721472D86+643190]
	(No symbol) [0x00007FF720F82ED7]
	(No symbol) [0x00007FF720F776B7]
	(No symbol) [0x00007FF720F78CCD]
	(No symbol) [0x00007FF720F778BF]
	(No symbol) [0x00007FF720F772D3]
	(No symbol) [0x00007FF720F77278]
	(No symbol) [0x00007FF720F754BC]
	(No symbol) [0x00007FF720F7591C]
	(No symbol) [0x00007FF720F87A4A]
	(No symbol) [0x00007FF72100739E]
	(No symbol) [0x00007FF720FEC19A]
	(No symbol) [0x00007FF720FC3437]
	(No symbol) [0x00007FF721006BFF]
	(No symbol) [0x00007FF720FEBE03]
	(No symbol) [0x00007FF720FC2984]
	(No symbol) [0x00007FF720FC1E30]
	(No symbol) [0x00007FF720FC2571]
	Microsoft::Applications::Events::EventProperty::empty [0x00007FF72137BAD4+1094964]
	(No symbol) [0x00007FF7210E32B8]
	Microsoft::Applications::Events::EventProperty::empty [0x00007FF72137AF13+1091955]
	Microsoft::Applications::Events::EventProperty::empty [0x00007FF72137AA79+1090777]
	Microsoft::Applications::Events::ILogConfiguration::operator* [0x00007FF721180C81+461569]
	Microsoft::Applications::Events::ILogConfiguration::operator* [0x00007FF72117C9A4+444452]
	Microsoft::Applications::Events::ILogConfiguration::operator* [0x00007FF72117CAE9+444777]
	Microsoft::Applications::Events::ILogConfiguration::operator* [0x00007FF721172166+401382]
	BaseThreadInitThunk [0x00007FFAECDE259D+29]
	RtlUserThreadStart [0x00007FFAEEECAF38+40]
Traceback (most recent call last):
  File "E:\pycharm\tsinghua-gym-reserve-master\main.py", line 57, in <module>
    driver.get(url)                                                 # 访问登录界面
  File "D:\anaconda3\envs\tsinghua-gym-reserve-master\lib\site-packages\selenium\webdriver\remote\webdriver.py", line 363, in get
    self.execute(Command.GET, {"url": url})
  File "D:\anaconda3\envs\tsinghua-gym-reserve-master\lib\site-packages\selenium\webdriver\remote\webdriver.py", line 354, in execute
    self.error_handler.check_response(response)
  File "D:\anaconda3\envs\tsinghua-gym-reserve-master\lib\site-packages\selenium\webdriver\remote\errorhandler.py", line 229, in check_response
    raise exception_class(message, screen, stacktrace)
selenium.common.exceptions.WebDriverException: Message: unknown error: net::ERR_PROXY_CONNECTION_FAILED
  (Session info: MicrosoftEdge=131.0.2903.51)
Stacktrace:
	(No symbol) [0x00007FF7210A6B05]
	Microsoft::Applications::Events::EventProperty::empty [0x00007FF7213CF444+1437348]
	sqlite3_dbdata_init [0x00007FF721472D86+643190]
	(No symbol) [0x00007FF720F82ED7]
	(No symbol) [0x00007FF720F776B7]
	(No symbol) [0x00007FF720F78CCD]
	(No symbol) [0x00007FF720F778BF]
	(No symbol) [0x00007FF720F772D3]
	(No symbol) [0x00007FF720F77278]
	(No symbol) [0x00007FF720F754BC]
	(No symbol) [0x00007FF720F7591C]
	(No symbol) [0x00007FF720F87A4A]
	(No symbol) [0x00007FF72100739E]
	(No symbol) [0x00007FF720FEC19A]
	(No symbol) [0x00007FF720FC3437]
	(No symbol) [0x00007FF721006BFF]
	(No symbol) [0x00007FF720FEBE03]
	(No symbol) [0x00007FF720FC2984]
	(No symbol) [0x00007FF720FC1E30]
	(No symbol) [0x00007FF720FC2571]
	Microsoft::Applications::Events::EventProperty::empty [0x00007FF72137BAD4+1094964]
	(No symbol) [0x00007FF7210E32B8]
	Microsoft::Applications::Events::EventProperty::empty [0x00007FF72137AF13+1091955]
	Microsoft::Applications::Events::EventProperty::empty [0x00007FF72137AA79+1090777]
	Microsoft::Applications::Events::ILogConfiguration::operator* [0x00007FF721180C81+461569]
	Microsoft::Applications::Events::ILogConfiguration::operator* [0x00007FF72117C9A4+444452]
	Microsoft::Applications::Events::ILogConfiguration::operator* [0x00007FF72117CAE9+444777]
	Microsoft::Applications::Events::ILogConfiguration::operator* [0x00007FF721172166+401382]
	BaseThreadInitThunk [0x00007FFAECDE259D+29]
	RtlUserThreadStart [0x00007FFAEEECAF38+40]

[CRITICAL]2024-11-21 09:13:29,669 log.py:22: get logger
[CRITICAL]2024-11-21 09:13:34,603 log.py:22: get logger
[INFO]2024-11-21 09:13:34,603 main.py:53: ######################
[ERROR]2024-11-21 09:13:38,755 main.py:50: 未处理的异常: Message: unknown error: net::ERR_PROXY_CONNECTION_FAILED
  (Session info: MicrosoftEdge=131.0.2903.51)
Stacktrace:
	(No symbol) [0x00007FF7210A6B05]
	Microsoft::Applications::Events::EventProperty::empty [0x00007FF7213CF444+1437348]
	sqlite3_dbdata_init [0x00007FF721472D86+643190]
	(No symbol) [0x00007FF720F82ED7]
	(No symbol) [0x00007FF720F776B7]
	(No symbol) [0x00007FF720F78CCD]
	(No symbol) [0x00007FF720F778BF]
	(No symbol) [0x00007FF720F772D3]
	(No symbol) [0x00007FF720F77278]
	(No symbol) [0x00007FF720F754BC]
	(No symbol) [0x00007FF720F7591C]
	(No symbol) [0x00007FF720F87A4A]
	(No symbol) [0x00007FF72100739E]
	(No symbol) [0x00007FF720FEC19A]
	(No symbol) [0x00007FF720FC3437]
	(No symbol) [0x00007FF721006BFF]
	(No symbol) [0x00007FF720FEBE03]
	(No symbol) [0x00007FF720FC2984]
	(No symbol) [0x00007FF720FC1E30]
	(No symbol) [0x00007FF720FC2571]
	Microsoft::Applications::Events::EventProperty::empty [0x00007FF72137BAD4+1094964]
	(No symbol) [0x00007FF7210E32B8]
	Microsoft::Applications::Events::EventProperty::empty [0x00007FF72137AF13+1091955]
	Microsoft::Applications::Events::EventProperty::empty [0x00007FF72137AA79+1090777]
	Microsoft::Applications::Events::ILogConfiguration::operator* [0x00007FF721180C81+461569]
	Microsoft::Applications::Events::ILogConfiguration::operator* [0x00007FF72117C9A4+444452]
	Microsoft::Applications::Events::ILogConfiguration::operator* [0x00007FF72117CAE9+444777]
	Microsoft::Applications::Events::ILogConfiguration::operator* [0x00007FF721172166+401382]
	BaseThreadInitThunk [0x00007FFAECDE259D+29]
	RtlUserThreadStart [0x00007FFAEEECAF38+40]
Traceback (most recent call last):
  File "E:\pycharm\tsinghua-gym-reserve-master\main.py", line 57, in <module>
    driver.get(url)                                                 # 访问登录界面
  File "D:\anaconda3\envs\tsinghua-gym-reserve-master\lib\site-packages\selenium\webdriver\remote\webdriver.py", line 363, in get
    self.execute(Command.GET, {"url": url})
  File "D:\anaconda3\envs\tsinghua-gym-reserve-master\lib\site-packages\selenium\webdriver\remote\webdriver.py", line 354, in execute
    self.error_handler.check_response(response)
  File "D:\anaconda3\envs\tsinghua-gym-reserve-master\lib\site-packages\selenium\webdriver\remote\errorhandler.py", line 229, in check_response
    raise exception_class(message, screen, stacktrace)
selenium.common.exceptions.WebDriverException: Message: unknown error: net::ERR_PROXY_CONNECTION_FAILED
  (Session info: MicrosoftEdge=131.0.2903.51)
Stacktrace:
	(No symbol) [0x00007FF7210A6B05]
	Microsoft::Applications::Events::EventProperty::empty [0x00007FF7213CF444+1437348]
	sqlite3_dbdata_init [0x00007FF721472D86+643190]
	(No symbol) [0x00007FF720F82ED7]
	(No symbol) [0x00007FF720F776B7]
	(No symbol) [0x00007FF720F78CCD]
	(No symbol) [0x00007FF720F778BF]
	(No symbol) [0x00007FF720F772D3]
	(No symbol) [0x00007FF720F77278]
	(No symbol) [0x00007FF720F754BC]
	(No symbol) [0x00007FF720F7591C]
	(No symbol) [0x00007FF720F87A4A]
	(No symbol) [0x00007FF72100739E]
	(No symbol) [0x00007FF720FEC19A]
	(No symbol) [0x00007FF720FC3437]
	(No symbol) [0x00007FF721006BFF]
	(No symbol) [0x00007FF720FEBE03]
	(No symbol) [0x00007FF720FC2984]
	(No symbol) [0x00007FF720FC1E30]
	(No symbol) [0x00007FF720FC2571]
	Microsoft::Applications::Events::EventProperty::empty [0x00007FF72137BAD4+1094964]
	(No symbol) [0x00007FF7210E32B8]
	Microsoft::Applications::Events::EventProperty::empty [0x00007FF72137AF13+1091955]
	Microsoft::Applications::Events::EventProperty::empty [0x00007FF72137AA79+1090777]
	Microsoft::Applications::Events::ILogConfiguration::operator* [0x00007FF721180C81+461569]
	Microsoft::Applications::Events::ILogConfiguration::operator* [0x00007FF72117C9A4+444452]
	Microsoft::Applications::Events::ILogConfiguration::operator* [0x00007FF72117CAE9+444777]
	Microsoft::Applications::Events::ILogConfiguration::operator* [0x00007FF721172166+401382]
	BaseThreadInitThunk [0x00007FFAECDE259D+29]
	RtlUserThreadStart [0x00007FFAEEECAF38+40]

[CRITICAL]2024-11-21 09:13:49,622 log.py:22: get logger
[CRITICAL]2024-11-21 09:13:53,165 log.py:22: get logger
[INFO]2024-11-21 09:13:53,165 main.py:53: ######################
[INFO]2024-11-21 09:13:56,057 main.py:74: !!!!开始抢!!!!
[INFO]2024-11-21 09:13:56,057 main.py:77: 当前体育馆0
[INFO]2024-11-21 09:13:56,225 function.py:47: 获取空闲表格成功
[INFO]2024-11-21 09:13:56,225 main.py:82: 当前体育馆0空闲:0
[INFO]2024-11-21 09:13:56,225 main.py:77: 当前体育馆1
[INFO]2024-11-21 09:13:56,363 function.py:47: 获取空闲表格成功
[INFO]2024-11-21 09:13:56,363 main.py:82: 当前体育馆1空闲:0
[INFO]2024-11-21 09:13:56,363 main.py:77: 当前体育馆2
[INFO]2024-11-21 09:13:56,493 function.py:47: 获取空闲表格成功
[INFO]2024-11-21 09:13:56,493 main.py:82: 当前体育馆2空闲:0
[INFO]2024-11-21 09:13:56,493 main.py:112: 无空闲场地
[CRITICAL]2024-11-21 09:59:52,210 log.py:22: get logger
[CRITICAL]2024-11-21 09:59:55,135 log.py:22: get logger
[INFO]2024-11-21 09:59:55,135 main.py:53: ######################
[INFO]2024-11-21 09:59:58,000 main.py:74: !!!!开始抢!!!!
[INFO]2024-11-21 09:59:58,000 main.py:77: 当前体育馆0
[INFO]2024-11-21 09:59:58,146 function.py:47: 获取空闲表格成功
[INFO]2024-11-21 09:59:58,146 main.py:82: 当前体育馆0空闲:0
[INFO]2024-11-21 09:59:58,146 main.py:77: 当前体育馆1
[INFO]2024-11-21 09:59:58,273 function.py:47: 获取空闲表格成功
[INFO]2024-11-21 09:59:58,273 main.py:82: 当前体育馆1空闲:0
[INFO]2024-11-21 09:59:58,273 main.py:77: 当前体育馆2
[INFO]2024-11-21 09:59:58,379 function.py:47: 获取空闲表格成功
[INFO]2024-11-21 09:59:58,379 main.py:82: 当前体育馆2空闲:0
[INFO]2024-11-21 09:59:58,379 main.py:112: 无空闲场地
[CRITICAL]2024-11-21 10:59:52,356 log.py:22: get logger
[CRITICAL]2024-11-21 10:59:55,531 log.py:22: get logger
[INFO]2024-11-21 10:59:55,531 main.py:53: ######################
[INFO]2024-11-21 10:59:58,678 main.py:74: !!!!开始抢!!!!
[INFO]2024-11-21 10:59:58,678 main.py:77: 当前体育馆0
[INFO]2024-11-21 10:59:58,819 function.py:47: 获取空闲表格成功
[INFO]2024-11-21 10:59:58,819 main.py:82: 当前体育馆0空闲:0
[INFO]2024-11-21 10:59:58,819 main.py:77: 当前体育馆1
[INFO]2024-11-21 10:59:58,965 function.py:47: 获取空闲表格成功
[INFO]2024-11-21 10:59:58,965 main.py:82: 当前体育馆1空闲:0
[INFO]2024-11-21 10:59:58,965 main.py:77: 当前体育馆2
[INFO]2024-11-21 10:59:59,076 function.py:47: 获取空闲表格成功
[INFO]2024-11-21 10:59:59,076 main.py:82: 当前体育馆2空闲:0
[INFO]2024-11-21 10:59:59,076 main.py:112: 无空闲场地
[CRITICAL]2024-11-21 11:59:54,202 log.py:22: get logger
[CRITICAL]2024-11-21 11:59:57,621 log.py:22: get logger
[INFO]2024-11-21 11:59:57,621 main.py:53: ######################
[INFO]2024-11-21 12:00:00,533 main.py:74: !!!!开始抢!!!!
[INFO]2024-11-21 12:00:00,533 main.py:77: 当前体育馆0
[INFO]2024-11-21 12:00:00,674 function.py:47: 获取空闲表格成功
[INFO]2024-11-21 12:00:00,674 main.py:82: 当前体育馆0空闲:0
[INFO]2024-11-21 12:00:00,674 main.py:77: 当前体育馆1
[INFO]2024-11-21 12:00:00,803 function.py:47: 获取空闲表格成功
[INFO]2024-11-21 12:00:00,807 main.py:82: 当前体育馆1空闲:0
[INFO]2024-11-21 12:00:00,807 main.py:77: 当前体育馆2
[INFO]2024-11-21 12:00:00,913 function.py:47: 获取空闲表格成功
[INFO]2024-11-21 12:00:00,913 main.py:82: 当前体育馆2空闲:0
[INFO]2024-11-21 12:00:00,913 main.py:112: 无空闲场地
[CRITICAL]2024-11-21 12:59:52,710 log.py:22: get logger
[CRITICAL]2024-11-21 12:59:55,589 log.py:22: get logger
[INFO]2024-11-21 12:59:55,589 main.py:53: ######################
[INFO]2024-11-21 12:59:58,483 main.py:74: !!!!开始抢!!!!
[INFO]2024-11-21 12:59:58,483 main.py:77: 当前体育馆0
[INFO]2024-11-21 12:59:58,622 function.py:47: 获取空闲表格成功
[INFO]2024-11-21 12:59:58,626 main.py:82: 当前体育馆0空闲:0
[INFO]2024-11-21 12:59:58,626 main.py:77: 当前体育馆1
[INFO]2024-11-21 12:59:58,753 function.py:47: 获取空闲表格成功
[INFO]2024-11-21 12:59:58,753 main.py:82: 当前体育馆1空闲:0
[INFO]2024-11-21 12:59:58,753 main.py:77: 当前体育馆2
[INFO]2024-11-21 12:59:58,874 function.py:47: 获取空闲表格成功
[INFO]2024-11-21 12:59:58,874 main.py:82: 当前体育馆2空闲:0
[INFO]2024-11-21 12:59:58,874 main.py:112: 无空闲场地
[CRITICAL]2024-11-21 13:59:52,337 log.py:22: get logger
[CRITICAL]2024-11-21 13:59:55,546 log.py:22: get logger
[INFO]2024-11-21 13:59:55,547 main.py:53: ######################
[INFO]2024-11-21 13:59:58,572 main.py:74: !!!!开始抢!!!!
[INFO]2024-11-21 13:59:58,572 main.py:77: 当前体育馆0
[INFO]2024-11-21 13:59:58,710 function.py:47: 获取空闲表格成功
[INFO]2024-11-21 13:59:58,710 main.py:82: 当前体育馆0空闲:0
[INFO]2024-11-21 13:59:58,710 main.py:77: 当前体育馆1
[INFO]2024-11-21 13:59:58,838 function.py:47: 获取空闲表格成功
[INFO]2024-11-21 13:59:58,838 main.py:82: 当前体育馆1空闲:0
[INFO]2024-11-21 13:59:58,838 main.py:77: 当前体育馆2
[INFO]2024-11-21 13:59:58,945 function.py:47: 获取空闲表格成功
[INFO]2024-11-21 13:59:58,945 main.py:82: 当前体育馆2空闲:0
[INFO]2024-11-21 13:59:58,945 main.py:112: 无空闲场地
[CRITICAL]2024-11-21 14:59:52,276 log.py:22: get logger
[CRITICAL]2024-11-21 14:59:55,497 log.py:22: get logger
[INFO]2024-11-21 14:59:55,497 main.py:53: ######################
[INFO]2024-11-21 14:59:58,286 main.py:74: !!!!开始抢!!!!
[INFO]2024-11-21 14:59:58,287 main.py:77: 当前体育馆0
[INFO]2024-11-21 14:59:58,425 function.py:47: 获取空闲表格成功
[INFO]2024-11-21 14:59:58,425 main.py:82: 当前体育馆0空闲:0
[INFO]2024-11-21 14:59:58,425 main.py:77: 当前体育馆1
[INFO]2024-11-21 14:59:58,548 function.py:47: 获取空闲表格成功
[INFO]2024-11-21 14:59:58,548 main.py:82: 当前体育馆1空闲:0
[INFO]2024-11-21 14:59:58,548 main.py:77: 当前体育馆2
[INFO]2024-11-21 14:59:58,656 function.py:47: 获取空闲表格成功
[INFO]2024-11-21 14:59:58,660 main.py:82: 当前体育馆2空闲:0
[INFO]2024-11-21 14:59:58,660 main.py:112: 无空闲场地
[CRITICAL]2024-11-21 15:59:52,339 log.py:22: get logger
[CRITICAL]2024-11-21 15:59:55,539 log.py:22: get logger
[INFO]2024-11-21 15:59:55,539 main.py:53: ######################
[INFO]2024-11-21 15:59:58,507 main.py:74: !!!!开始抢!!!!
[INFO]2024-11-21 15:59:58,507 main.py:77: 当前体育馆0
[INFO]2024-11-21 15:59:58,647 function.py:47: 获取空闲表格成功
[INFO]2024-11-21 15:59:58,647 main.py:82: 当前体育馆0空闲:0
[INFO]2024-11-21 15:59:58,647 main.py:77: 当前体育馆1
[INFO]2024-11-21 15:59:58,786 function.py:47: 获取空闲表格成功
[INFO]2024-11-21 15:59:58,786 main.py:82: 当前体育馆1空闲:0
[INFO]2024-11-21 15:59:58,786 main.py:77: 当前体育馆2
[INFO]2024-11-21 15:59:58,900 function.py:47: 获取空闲表格成功
[INFO]2024-11-21 15:59:58,900 main.py:82: 当前体育馆2空闲:0
[INFO]2024-11-21 15:59:58,900 main.py:112: 无空闲场地
[CRITICAL]2024-11-21 16:59:54,550 log.py:22: get logger
[CRITICAL]2024-11-21 16:59:57,850 log.py:22: get logger
[INFO]2024-11-21 16:59:57,850 main.py:53: ######################
[INFO]2024-11-21 17:00:00,863 main.py:74: !!!!开始抢!!!!
[INFO]2024-11-21 17:00:00,863 main.py:77: 当前体育馆0
[INFO]2024-11-21 17:00:01,010 function.py:47: 获取空闲表格成功
[INFO]2024-11-21 17:00:01,010 main.py:82: 当前体育馆0空闲:0
[INFO]2024-11-21 17:00:01,010 main.py:77: 当前体育馆1
[INFO]2024-11-21 17:00:01,135 function.py:47: 获取空闲表格成功
[INFO]2024-11-21 17:00:01,135 main.py:82: 当前体育馆1空闲:0
[INFO]2024-11-21 17:00:01,135 main.py:77: 当前体育馆2
[INFO]2024-11-21 17:00:01,246 function.py:47: 获取空闲表格成功
[INFO]2024-11-21 17:00:01,246 main.py:82: 当前体育馆2空闲:0
[INFO]2024-11-21 17:00:01,246 main.py:112: 无空闲场地
[CRITICAL]2024-11-21 17:59:52,461 log.py:22: get logger
[CRITICAL]2024-11-21 17:59:55,442 log.py:22: get logger
[INFO]2024-11-21 17:59:55,442 main.py:53: ######################
[INFO]2024-11-21 17:59:58,332 main.py:74: !!!!开始抢!!!!
[INFO]2024-11-21 17:59:58,332 main.py:77: 当前体育馆0
[INFO]2024-11-21 17:59:58,492 function.py:47: 获取空闲表格成功
[INFO]2024-11-21 17:59:58,492 main.py:82: 当前体育馆0空闲:0
[INFO]2024-11-21 17:59:58,492 main.py:77: 当前体育馆1
[INFO]2024-11-21 17:59:58,639 function.py:47: 获取空闲表格成功
[INFO]2024-11-21 17:59:58,639 main.py:82: 当前体育馆1空闲:0
[INFO]2024-11-21 17:59:58,639 main.py:77: 当前体育馆2
[INFO]2024-11-21 17:59:58,771 function.py:47: 获取空闲表格成功
[INFO]2024-11-21 17:59:58,771 main.py:82: 当前体育馆2空闲:0
[INFO]2024-11-21 17:59:58,771 main.py:112: 无空闲场地
[CRITICAL]2024-11-21 18:59:54,544 log.py:22: get logger
[CRITICAL]2024-11-21 18:59:57,948 log.py:22: get logger
[INFO]2024-11-21 18:59:57,948 main.py:53: ######################
[INFO]2024-11-21 19:00:01,122 main.py:74: !!!!开始抢!!!!
[INFO]2024-11-21 19:00:01,123 main.py:77: 当前体育馆0
[INFO]2024-11-21 19:00:01,268 function.py:47: 获取空闲表格成功
[INFO]2024-11-21 19:00:01,268 main.py:82: 当前体育馆0空闲:0
[INFO]2024-11-21 19:00:01,268 main.py:77: 当前体育馆1
[INFO]2024-11-21 19:00:01,397 function.py:47: 获取空闲表格成功
[INFO]2024-11-21 19:00:01,397 main.py:82: 当前体育馆1空闲:0
[INFO]2024-11-21 19:00:01,397 main.py:77: 当前体育馆2
[INFO]2024-11-21 19:00:01,511 function.py:47: 获取空闲表格成功
[INFO]2024-11-21 19:00:01,511 main.py:82: 当前体育馆2空闲:0
[INFO]2024-11-21 19:00:01,511 main.py:112: 无空闲场地
[CRITICAL]2024-11-21 19:59:52,288 log.py:22: get logger
[CRITICAL]2024-11-21 19:59:55,193 log.py:22: get logger
[INFO]2024-11-21 19:59:55,193 main.py:53: ######################
[INFO]2024-11-21 19:59:58,094 main.py:74: !!!!开始抢!!!!
[INFO]2024-11-21 19:59:58,094 main.py:77: 当前体育馆0
[INFO]2024-11-21 19:59:58,235 function.py:47: 获取空闲表格成功
[INFO]2024-11-21 19:59:58,235 main.py:82: 当前体育馆0空闲:0
[INFO]2024-11-21 19:59:58,235 main.py:77: 当前体育馆1
[INFO]2024-11-21 19:59:58,361 function.py:47: 获取空闲表格成功
[INFO]2024-11-21 19:59:58,361 main.py:82: 当前体育馆1空闲:0
[INFO]2024-11-21 19:59:58,361 main.py:77: 当前体育馆2
[INFO]2024-11-21 19:59:58,471 function.py:47: 获取空闲表格成功
[INFO]2024-11-21 19:59:58,471 main.py:82: 当前体育馆2空闲:0
[INFO]2024-11-21 19:59:58,471 main.py:112: 无空闲场地
[CRITICAL]2024-11-21 20:59:52,347 log.py:22: get logger
[CRITICAL]2024-11-21 20:59:56,168 log.py:22: get logger
[INFO]2024-11-21 20:59:56,168 main.py:53: ######################
[INFO]2024-11-21 20:59:58,933 main.py:74: !!!!开始抢!!!!
[INFO]2024-11-21 20:59:58,933 main.py:77: 当前体育馆0
[INFO]2024-11-21 20:59:59,096 function.py:47: 获取空闲表格成功
[INFO]2024-11-21 20:59:59,096 main.py:82: 当前体育馆0空闲:0
[INFO]2024-11-21 20:59:59,096 main.py:77: 当前体育馆1
[INFO]2024-11-21 20:59:59,246 function.py:47: 获取空闲表格成功
[INFO]2024-11-21 20:59:59,246 main.py:82: 当前体育馆1空闲:0
[INFO]2024-11-21 20:59:59,246 main.py:77: 当前体育馆2
[INFO]2024-11-21 20:59:59,377 function.py:47: 获取空闲表格成功
[INFO]2024-11-21 20:59:59,377 main.py:82: 当前体育馆2空闲:0
[INFO]2024-11-21 20:59:59,378 main.py:112: 无空闲场地
[CRITICAL]2024-11-21 21:59:52,268 log.py:22: get logger
[CRITICAL]2024-11-21 21:59:55,157 log.py:22: get logger
[INFO]2024-11-21 21:59:55,157 main.py:53: ######################
[INFO]2024-11-21 21:59:58,147 main.py:74: !!!!开始抢!!!!
[INFO]2024-11-21 21:59:58,148 main.py:77: 当前体育馆0
[INFO]2024-11-21 21:59:58,288 function.py:47: 获取空闲表格成功
[INFO]2024-11-21 21:59:58,288 main.py:82: 当前体育馆0空闲:0
[INFO]2024-11-21 21:59:58,288 main.py:77: 当前体育馆1
[INFO]2024-11-21 21:59:58,415 function.py:47: 获取空闲表格成功
[INFO]2024-11-21 21:59:58,415 main.py:82: 当前体育馆1空闲:0
[INFO]2024-11-21 21:59:58,415 main.py:77: 当前体育馆2
[INFO]2024-11-21 21:59:58,532 function.py:47: 获取空闲表格成功
[INFO]2024-11-21 21:59:58,532 main.py:82: 当前体育馆2空闲:0
[INFO]2024-11-21 21:59:58,532 main.py:112: 无空闲场地
[CRITICAL]2024-11-21 22:59:52,383 log.py:22: get logger
[CRITICAL]2024-11-21 22:59:55,564 log.py:22: get logger
[INFO]2024-11-21 22:59:55,564 main.py:53: ######################
[INFO]2024-11-21 22:59:58,481 main.py:74: !!!!开始抢!!!!
[INFO]2024-11-21 22:59:58,481 main.py:77: 当前体育馆0
[INFO]2024-11-21 22:59:58,628 function.py:47: 获取空闲表格成功
[INFO]2024-11-21 22:59:58,628 main.py:82: 当前体育馆0空闲:0
[INFO]2024-11-21 22:59:58,628 main.py:77: 当前体育馆1
[INFO]2024-11-21 22:59:58,757 function.py:47: 获取空闲表格成功
[INFO]2024-11-21 22:59:58,757 main.py:82: 当前体育馆1空闲:0
[INFO]2024-11-21 22:59:58,757 main.py:77: 当前体育馆2
[INFO]2024-11-21 22:59:58,869 function.py:47: 获取空闲表格成功
[INFO]2024-11-21 22:59:58,869 main.py:82: 当前体育馆2空闲:0
[INFO]2024-11-21 22:59:58,869 main.py:112: 无空闲场地
[CRITICAL]2024-11-21 23:59:52,470 log.py:22: get logger
[CRITICAL]2024-11-21 23:59:55,671 log.py:22: get logger
[INFO]2024-11-21 23:59:55,671 main.py:53: ######################
[INFO]2024-11-21 23:59:58,815 main.py:74: !!!!开始抢!!!!
[INFO]2024-11-21 23:59:58,815 main.py:77: 当前体育馆0
[INFO]2024-11-21 23:59:58,955 function.py:47: 获取空闲表格成功
[INFO]2024-11-21 23:59:58,955 main.py:82: 当前体育馆0空闲:0
[INFO]2024-11-21 23:59:58,955 main.py:77: 当前体育馆1
[INFO]2024-11-21 23:59:59,082 function.py:47: 获取空闲表格成功
[INFO]2024-11-21 23:59:59,082 main.py:82: 当前体育馆1空闲:0
[INFO]2024-11-21 23:59:59,086 main.py:77: 当前体育馆2
[INFO]2024-11-21 23:59:59,200 function.py:47: 获取空闲表格成功
[INFO]2024-11-21 23:59:59,200 main.py:82: 当前体育馆2空闲:0
[INFO]2024-11-21 23:59:59,200 main.py:112: 无空闲场地
[CRITICAL]2024-11-22 07:59:53,041 log.py:22: get logger
[CRITICAL]2024-11-22 07:59:56,396 log.py:22: get logger
[INFO]2024-11-22 07:59:56,396 main.py:53: ######################
[INFO]2024-11-22 07:59:59,514 main.py:74: !!!!开始抢!!!!
[INFO]2024-11-22 07:59:59,514 main.py:77: 当前体育馆0
[INFO]2024-11-22 07:59:59,723 function.py:47: 获取空闲表格成功
[INFO]2024-11-22 07:59:59,723 main.py:82: 当前体育馆0空闲:17
[INFO]2024-11-22 07:59:59,952 main.py:88: 选择场地成功
[INFO]2024-11-22 08:00:00,609 function.py:22: 验证码处理成功：返回结果z5yD
[INFO]2024-11-22 08:00:00,691 main.py:100: 已输入验证码
[INFO]2024-11-22 08:00:01,199 function.py:118: 预定成功
[INFO]2024-11-22 08:00:01,200 main.py:108: 验证码正确
[CRITICAL]2024-11-23 07:59:52,919 log.py:22: get logger
[CRITICAL]2024-11-23 08:00:01,050 log.py:22: get logger
[INFO]2024-11-23 08:00:01,051 main.py:53: ######################
[INFO]2024-11-23 08:00:03,915 main.py:74: !!!!开始抢!!!!
[INFO]2024-11-23 08:00:03,916 main.py:77: 当前体育馆0
[INFO]2024-11-23 08:00:04,090 function.py:47: 获取空闲表格成功
[INFO]2024-11-23 08:00:04,090 main.py:82: 当前体育馆0空闲:12
[INFO]2024-11-23 08:00:04,260 main.py:88: 选择场地成功
[ERROR]2024-11-23 08:00:04,774 main.py:50: 未处理的异常: Alert Text: 没有选中的预约信息
Message: unexpected alert open: {Alert text : 没有选中的预约信息}
  (Session info: MicrosoftEdge=131.0.2903.51)
Stacktrace:
	(No symbol) [0x00007FF7210A6B05]
	Microsoft::Applications::Events::EventProperty::empty [0x00007FF7213CF444+1437348]
	sqlite3_dbdata_init [0x00007FF721472D86+643190]
	(No symbol) [0x00007FF7210072CD]
	(No symbol) [0x00007FF720FEBE03]
	(No symbol) [0x00007FF720FC2984]
	(No symbol) [0x00007FF720FC1E30]
	(No symbol) [0x00007FF720FC2571]
	Microsoft::Applications::Events::EventProperty::empty [0x00007FF72137BAD4+1094964]
	(No symbol) [0x00007FF7210E32B8]
	Microsoft::Applications::Events::EventProperty::empty [0x00007FF72137AF13+1091955]
	Microsoft::Applications::Events::EventProperty::empty [0x00007FF72137AA79+1090777]
	Microsoft::Applications::Events::ILogConfiguration::operator* [0x00007FF721180C81+461569]
	Microsoft::Applications::Events::ILogConfiguration::operator* [0x00007FF72117C9A4+444452]
	Microsoft::Applications::Events::ILogConfiguration::operator* [0x00007FF72117CAE9+444777]
	Microsoft::Applications::Events::ILogConfiguration::operator* [0x00007FF721172166+401382]
	BaseThreadInitThunk [0x00007FFAECDE259D+29]
	RtlUserThreadStart [0x00007FFAEEECAF38+40]
Traceback (most recent call last):
  File "main.py", line 91, in <module>
    button = driver.find_element(By.CSS_SELECTOR,"#selectPayWay0")
  File "D:\anaconda3\envs\tsinghua-gym-reserve-master\lib\site-packages\selenium\webdriver\remote\webdriver.py", line 748, in find_element
    return self.execute(Command.FIND_ELEMENT, {"using": by, "value": value})["value"]
  File "D:\anaconda3\envs\tsinghua-gym-reserve-master\lib\site-packages\selenium\webdriver\remote\webdriver.py", line 354, in execute
    self.error_handler.check_response(response)
  File "D:\anaconda3\envs\tsinghua-gym-reserve-master\lib\site-packages\selenium\webdriver\remote\errorhandler.py", line 228, in check_response
    raise exception_class(message, screen, stacktrace, alert_text)  # type: ignore[call-arg]  # mypy is not smart enough here
selenium.common.exceptions.UnexpectedAlertPresentException: Alert Text: 没有选中的预约信息
Message: unexpected alert open: {Alert text : 没有选中的预约信息}
  (Session info: MicrosoftEdge=131.0.2903.51)
Stacktrace:
	(No symbol) [0x00007FF7210A6B05]
	Microsoft::Applications::Events::EventProperty::empty [0x00007FF7213CF444+1437348]
	sqlite3_dbdata_init [0x00007FF721472D86+643190]
	(No symbol) [0x00007FF7210072CD]
	(No symbol) [0x00007FF720FEBE03]
	(No symbol) [0x00007FF720FC2984]
	(No symbol) [0x00007FF720FC1E30]
	(No symbol) [0x00007FF720FC2571]
	Microsoft::Applications::Events::EventProperty::empty [0x00007FF72137BAD4+1094964]
	(No symbol) [0x00007FF7210E32B8]
	Microsoft::Applications::Events::EventProperty::empty [0x00007FF72137AF13+1091955]
	Microsoft::Applications::Events::EventProperty::empty [0x00007FF72137AA79+1090777]
	Microsoft::Applications::Events::ILogConfiguration::operator* [0x00007FF721180C81+461569]
	Microsoft::Applications::Events::ILogConfiguration::operator* [0x00007FF72117C9A4+444452]
	Microsoft::Applications::Events::ILogConfiguration::operator* [0x00007FF72117CAE9+444777]
	Microsoft::Applications::Events::ILogConfiguration::operator* [0x00007FF721172166+401382]
	BaseThreadInitThunk [0x00007FFAECDE259D+29]
	RtlUserThreadStart [0x00007FFAEEECAF38+40]

[CRITICAL]2024-11-24 08:00:03,314 log.py:22: get logger
[CRITICAL]2024-11-24 08:00:11,939 log.py:22: get logger
[INFO]2024-11-24 08:00:11,939 main.py:53: ######################
[ERROR]2024-11-24 08:01:22,614 main.py:50: 未处理的异常: Message: no such element: Unable to locate element: {"method":"css selector","selector":"#login_username"}
  (Session info: MicrosoftEdge=131.0.2903.63); For documentation on this error, please visit: https://www.selenium.dev/documentation/webdriver/troubleshooting/errors#no-such-element-exception
Stacktrace:
	(No symbol) [0x00007FF7210A6B05]
	Microsoft::Applications::Events::EventProperty::empty [0x00007FF7213CF444+1437348]
	sqlite3_dbdata_init [0x00007FF721472D86+643190]
	(No symbol) [0x00007FF720FCC9DB]
	(No symbol) [0x00007FF720FCCAE3]
	(No symbol) [0x00007FF7210092F7]
	(No symbol) [0x00007FF720FEC1DF]
	(No symbol) [0x00007FF720FC3437]
	(No symbol) [0x00007FF721006BFF]
	(No symbol) [0x00007FF720FEBE03]
	(No symbol) [0x00007FF720FC2984]
	(No symbol) [0x00007FF720FC1E30]
	(No symbol) [0x00007FF720FC2571]
	Microsoft::Applications::Events::EventProperty::empty [0x00007FF72137BAD4+1094964]
	(No symbol) [0x00007FF7210E32B8]
	Microsoft::Applications::Events::EventProperty::empty [0x00007FF72137AF13+1091955]
	Microsoft::Applications::Events::EventProperty::empty [0x00007FF72137AA79+1090777]
	Microsoft::Applications::Events::ILogConfiguration::operator* [0x00007FF721180C81+461569]
	Microsoft::Applications::Events::ILogConfiguration::operator* [0x00007FF72117C9A4+444452]
	Microsoft::Applications::Events::ILogConfiguration::operator* [0x00007FF72117CAE9+444777]
	Microsoft::Applications::Events::ILogConfiguration::operator* [0x00007FF721172166+401382]
	BaseThreadInitThunk [0x00007FFAECDE259D+29]
	RtlUserThreadStart [0x00007FFAEEECAF38+40]
Traceback (most recent call last):
  File "main.py", line 62, in <module>
    login(driver, user_nm, user_pw)
  File "E:\pycharm\tsinghua-gym-reserve-master\function\function.py", line 81, in login
    text_nm = driver.find_element(By.CSS_SELECTOR,"#login_username")  # 查找用户名输入框
  File "D:\anaconda3\envs\tsinghua-gym-reserve-master\lib\site-packages\selenium\webdriver\remote\webdriver.py", line 748, in find_element
    return self.execute(Command.FIND_ELEMENT, {"using": by, "value": value})["value"]
  File "D:\anaconda3\envs\tsinghua-gym-reserve-master\lib\site-packages\selenium\webdriver\remote\webdriver.py", line 354, in execute
    self.error_handler.check_response(response)
  File "D:\anaconda3\envs\tsinghua-gym-reserve-master\lib\site-packages\selenium\webdriver\remote\errorhandler.py", line 229, in check_response
    raise exception_class(message, screen, stacktrace)
selenium.common.exceptions.NoSuchElementException: Message: no such element: Unable to locate element: {"method":"css selector","selector":"#login_username"}
  (Session info: MicrosoftEdge=131.0.2903.63); For documentation on this error, please visit: https://www.selenium.dev/documentation/webdriver/troubleshooting/errors#no-such-element-exception
Stacktrace:
	(No symbol) [0x00007FF7210A6B05]
	Microsoft::Applications::Events::EventProperty::empty [0x00007FF7213CF444+1437348]
	sqlite3_dbdata_init [0x00007FF721472D86+643190]
	(No symbol) [0x00007FF720FCC9DB]
	(No symbol) [0x00007FF720FCCAE3]
	(No symbol) [0x00007FF7210092F7]
	(No symbol) [0x00007FF720FEC1DF]
	(No symbol) [0x00007FF720FC3437]
	(No symbol) [0x00007FF721006BFF]
	(No symbol) [0x00007FF720FEBE03]
	(No symbol) [0x00007FF720FC2984]
	(No symbol) [0x00007FF720FC1E30]
	(No symbol) [0x00007FF720FC2571]
	Microsoft::Applications::Events::EventProperty::empty [0x00007FF72137BAD4+1094964]
	(No symbol) [0x00007FF7210E32B8]
	Microsoft::Applications::Events::EventProperty::empty [0x00007FF72137AF13+1091955]
	Microsoft::Applications::Events::EventProperty::empty [0x00007FF72137AA79+1090777]
	Microsoft::Applications::Events::ILogConfiguration::operator* [0x00007FF721180C81+461569]
	Microsoft::Applications::Events::ILogConfiguration::operator* [0x00007FF72117C9A4+444452]
	Microsoft::Applications::Events::ILogConfiguration::operator* [0x00007FF72117CAE9+444777]
	Microsoft::Applications::Events::ILogConfiguration::operator* [0x00007FF721172166+401382]
	BaseThreadInitThunk [0x00007FFAECDE259D+29]
	RtlUserThreadStart [0x00007FFAEEECAF38+40]

[CRITICAL]2024-11-25 00:15:39,134 log.py:22: get logger
[CRITICAL]2024-11-25 00:15:47,386 log.py:22: get logger
[INFO]2024-11-25 00:15:47,386 main.py:53: ######################
[ERROR]2024-11-25 00:15:53,103 main.py:50: 未处理的异常: Message: no such window: target window already closed
from unknown error: web view not found
  (Session info: MicrosoftEdge=131.0.2903.63)
Stacktrace:
	(No symbol) [0x00007FF7210A6B05]
	Microsoft::Applications::Events::EventProperty::empty [0x00007FF7213CF444+1437348]
	sqlite3_dbdata_init [0x00007FF721472D86+643190]
	(No symbol) [0x00007FF720F67657]
	(No symbol) [0x00007FF720FF1CE5]
	(No symbol) [0x00007FF72100670A]
	(No symbol) [0x00007FF720FEBE03]
	(No symbol) [0x00007FF720FC2984]
	(No symbol) [0x00007FF720FC1E30]
	(No symbol) [0x00007FF720FC2571]
	Microsoft::Applications::Events::EventProperty::empty [0x00007FF72137BAD4+1094964]
	(No symbol) [0x00007FF7210E32B8]
	Microsoft::Applications::Events::EventProperty::empty [0x00007FF72137AF13+1091955]
	Microsoft::Applications::Events::EventProperty::empty [0x00007FF72137AA79+1090777]
	Microsoft::Applications::Events::ILogConfiguration::operator* [0x00007FF721180C81+461569]
	Microsoft::Applications::Events::ILogConfiguration::operator* [0x00007FF72117C9A4+444452]
	Microsoft::Applications::Events::ILogConfiguration::operator* [0x00007FF72117CAE9+444777]
	Microsoft::Applications::Events::ILogConfiguration::operator* [0x00007FF721172166+401382]
	BaseThreadInitThunk [0x00007FFAECDE259D+29]
	RtlUserThreadStart [0x00007FFAEEECAF38+40]
Traceback (most recent call last):
  File "E:\pycharm\tsinghua-gym-reserve-master\main.py", line 69, in <module>
    is_refresh = test_refresh_field(driver,gym,sport,data,reserve_time)
  File "E:\pycharm\tsinghua-gym-reserve-master\function\function.py", line 27, in test_refresh_field
    driver.get("https://50.tsinghua.edu.cn/gymsite/cacheAction.do?ms=viewBook&gymnasium_id=%s&item_id=%s&time_date=%s&userType=1" % (gym, sport, data))  # 访问指定时间、场地和运动
  File "D:\anaconda3\envs\tsinghua-gym-reserve-master\lib\site-packages\selenium\webdriver\remote\webdriver.py", line 363, in get
    self.execute(Command.GET, {"url": url})
  File "D:\anaconda3\envs\tsinghua-gym-reserve-master\lib\site-packages\selenium\webdriver\remote\webdriver.py", line 354, in execute
    self.error_handler.check_response(response)
  File "D:\anaconda3\envs\tsinghua-gym-reserve-master\lib\site-packages\selenium\webdriver\remote\errorhandler.py", line 229, in check_response
    raise exception_class(message, screen, stacktrace)
selenium.common.exceptions.NoSuchWindowException: Message: no such window: target window already closed
from unknown error: web view not found
  (Session info: MicrosoftEdge=131.0.2903.63)
Stacktrace:
	(No symbol) [0x00007FF7210A6B05]
	Microsoft::Applications::Events::EventProperty::empty [0x00007FF7213CF444+1437348]
	sqlite3_dbdata_init [0x00007FF721472D86+643190]
	(No symbol) [0x00007FF720F67657]
	(No symbol) [0x00007FF720FF1CE5]
	(No symbol) [0x00007FF72100670A]
	(No symbol) [0x00007FF720FEBE03]
	(No symbol) [0x00007FF720FC2984]
	(No symbol) [0x00007FF720FC1E30]
	(No symbol) [0x00007FF720FC2571]
	Microsoft::Applications::Events::EventProperty::empty [0x00007FF72137BAD4+1094964]
	(No symbol) [0x00007FF7210E32B8]
	Microsoft::Applications::Events::EventProperty::empty [0x00007FF72137AF13+1091955]
	Microsoft::Applications::Events::EventProperty::empty [0x00007FF72137AA79+1090777]
	Microsoft::Applications::Events::ILogConfiguration::operator* [0x00007FF721180C81+461569]
	Microsoft::Applications::Events::ILogConfiguration::operator* [0x00007FF72117C9A4+444452]
	Microsoft::Applications::Events::ILogConfiguration::operator* [0x00007FF72117CAE9+444777]
	Microsoft::Applications::Events::ILogConfiguration::operator* [0x00007FF721172166+401382]
	BaseThreadInitThunk [0x00007FFAECDE259D+29]
	RtlUserThreadStart [0x00007FFAEEECAF38+40]

[CRITICAL]2024-11-28 21:30:04,991 log.py:22: get logger
[CRITICAL]2024-11-28 21:30:08,722 log.py:22: get logger
[INFO]2024-11-28 21:30:08,722 main.py:53: ######################
[ERROR]2024-11-28 21:30:12,543 main.py:50: 未处理的异常: Message: no such window: target window already closed
from unknown error: web view not found
  (Session info: MicrosoftEdge=131.0.2903.70)
Stacktrace:
	(No symbol) [0x00007FF6D6B26B05]
	Microsoft::Applications::Events::EventProperty::empty [0x00007FF6D6E4F444+1437348]
	sqlite3_dbdata_init [0x00007FF6D6EF2D86+643190]
	(No symbol) [0x00007FF6D69E7657]
	(No symbol) [0x00007FF6D6A71CE5]
	(No symbol) [0x00007FF6D6A8670A]
	(No symbol) [0x00007FF6D6A6BE03]
	(No symbol) [0x00007FF6D6A42984]
	(No symbol) [0x00007FF6D6A41E30]
	(No symbol) [0x00007FF6D6A42571]
	Microsoft::Applications::Events::EventProperty::empty [0x00007FF6D6DFBAD4+1094964]
	(No symbol) [0x00007FF6D6B632B8]
	Microsoft::Applications::Events::EventProperty::empty [0x00007FF6D6DFAF13+1091955]
	Microsoft::Applications::Events::EventProperty::empty [0x00007FF6D6DFAA79+1090777]
	Microsoft::Applications::Events::ILogConfiguration::operator* [0x00007FF6D6C00C81+461569]
	Microsoft::Applications::Events::ILogConfiguration::operator* [0x00007FF6D6BFC9A4+444452]
	Microsoft::Applications::Events::ILogConfiguration::operator* [0x00007FF6D6BFCAE9+444777]
	Microsoft::Applications::Events::ILogConfiguration::operator* [0x00007FF6D6BF2166+401382]
	BaseThreadInitThunk [0x00007FFAECDE259D+29]
	RtlUserThreadStart [0x00007FFAEEECAF38+40]
Traceback (most recent call last):
  File "E:\pycharm\tsinghua-gym-reserve-master\main.py", line 59, in <module>
    driver.maximize_window()                                        # 最大化浏览器
  File "D:\anaconda3\envs\tsinghua-gym-reserve-master\lib\site-packages\selenium\webdriver\remote\webdriver.py", line 506, in maximize_window
    self.execute(command, None)
  File "D:\anaconda3\envs\tsinghua-gym-reserve-master\lib\site-packages\selenium\webdriver\remote\webdriver.py", line 354, in execute
    self.error_handler.check_response(response)
  File "D:\anaconda3\envs\tsinghua-gym-reserve-master\lib\site-packages\selenium\webdriver\remote\errorhandler.py", line 229, in check_response
    raise exception_class(message, screen, stacktrace)
selenium.common.exceptions.NoSuchWindowException: Message: no such window: target window already closed
from unknown error: web view not found
  (Session info: MicrosoftEdge=131.0.2903.70)
Stacktrace:
	(No symbol) [0x00007FF6D6B26B05]
	Microsoft::Applications::Events::EventProperty::empty [0x00007FF6D6E4F444+1437348]
	sqlite3_dbdata_init [0x00007FF6D6EF2D86+643190]
	(No symbol) [0x00007FF6D69E7657]
	(No symbol) [0x00007FF6D6A71CE5]
	(No symbol) [0x00007FF6D6A8670A]
	(No symbol) [0x00007FF6D6A6BE03]
	(No symbol) [0x00007FF6D6A42984]
	(No symbol) [0x00007FF6D6A41E30]
	(No symbol) [0x00007FF6D6A42571]
	Microsoft::Applications::Events::EventProperty::empty [0x00007FF6D6DFBAD4+1094964]
	(No symbol) [0x00007FF6D6B632B8]
	Microsoft::Applications::Events::EventProperty::empty [0x00007FF6D6DFAF13+1091955]
	Microsoft::Applications::Events::EventProperty::empty [0x00007FF6D6DFAA79+1090777]
	Microsoft::Applications::Events::ILogConfiguration::operator* [0x00007FF6D6C00C81+461569]
	Microsoft::Applications::Events::ILogConfiguration::operator* [0x00007FF6D6BFC9A4+444452]
	Microsoft::Applications::Events::ILogConfiguration::operator* [0x00007FF6D6BFCAE9+444777]
	Microsoft::Applications::Events::ILogConfiguration::operator* [0x00007FF6D6BF2166+401382]
	BaseThreadInitThunk [0x00007FFAECDE259D+29]
	RtlUserThreadStart [0x00007FFAEEECAF38+40]

[CRITICAL]2024-11-28 21:31:12,627 log.py:22: get logger
[CRITICAL]2024-11-28 21:31:20,712 log.py:22: get logger
[INFO]2024-11-28 21:31:20,712 main.py:53: ######################
[INFO]2024-11-28 21:31:23,438 main.py:74: !!!!开始抢!!!!
[INFO]2024-11-28 21:31:23,438 main.py:77: 当前体育馆0
[INFO]2024-11-28 21:31:23,581 function.py:47: 获取空闲表格成功
[INFO]2024-11-28 21:31:23,581 main.py:82: 当前体育馆0空闲:0
[INFO]2024-11-28 21:31:23,581 main.py:77: 当前体育馆1
[INFO]2024-11-28 21:31:23,725 function.py:47: 获取空闲表格成功
[INFO]2024-11-28 21:31:23,725 main.py:82: 当前体育馆1空闲:0
[INFO]2024-11-28 21:31:23,725 main.py:77: 当前体育馆2
[INFO]2024-11-28 21:31:23,837 function.py:47: 获取空闲表格成功
[INFO]2024-11-28 21:31:23,837 main.py:82: 当前体育馆2空闲:0
[INFO]2024-11-28 21:31:23,837 main.py:112: 无空闲场地
[CRITICAL]2024-11-29 08:00:01,879 log.py:22: get logger
[CRITICAL]2024-11-29 08:00:09,888 log.py:22: get logger
[INFO]2024-11-29 08:00:09,888 main.py:53: ######################
[INFO]2024-11-29 08:00:12,749 main.py:74: !!!!开始抢!!!!
[INFO]2024-11-29 08:00:12,749 main.py:77: 当前体育馆0
[INFO]2024-11-29 08:00:12,898 function.py:47: 获取空闲表格成功
[INFO]2024-11-29 08:00:12,898 main.py:82: 当前体育馆0空闲:0
[INFO]2024-11-29 08:00:12,898 main.py:77: 当前体育馆1
[INFO]2024-11-29 08:00:13,042 function.py:47: 获取空闲表格成功
[INFO]2024-11-29 08:00:13,042 main.py:82: 当前体育馆1空闲:9
[INFO]2024-11-29 08:00:13,202 main.py:88: 选择场地成功
[INFO]2024-11-29 08:00:13,902 function.py:22: 验证码处理成功：返回结果Frtx
[INFO]2024-11-29 08:00:13,983 main.py:100: 已输入验证码
[INFO]2024-11-29 08:00:14,501 function.py:118: 预定成功
[INFO]2024-11-29 08:00:14,501 main.py:108: 验证码正确
[CRITICAL]2024-12-04 08:00:03,535 log.py:22: get logger
[CRITICAL]2024-12-04 08:00:10,661 log.py:22: get logger
[INFO]2024-12-04 08:00:10,661 main.py:53: ######################
[INFO]2024-12-04 08:00:13,397 main.py:74: !!!!开始抢!!!!
[INFO]2024-12-04 08:00:13,397 main.py:77: 当前体育馆0
[INFO]2024-12-04 08:00:13,548 function.py:47: 获取空闲表格成功
[INFO]2024-12-04 08:00:13,548 main.py:82: 当前体育馆0空闲:0
[INFO]2024-12-04 08:00:13,548 main.py:77: 当前体育馆1
[INFO]2024-12-04 08:00:13,675 function.py:47: 获取空闲表格成功
[INFO]2024-12-04 08:00:13,675 main.py:82: 当前体育馆1空闲:0
[INFO]2024-12-04 08:00:13,675 main.py:77: 当前体育馆2
[INFO]2024-12-04 08:00:13,788 function.py:47: 获取空闲表格成功
[INFO]2024-12-04 08:00:13,788 main.py:82: 当前体育馆2空闲:1
[INFO]2024-12-04 08:00:13,943 main.py:88: 选择场地成功
[INFO]2024-12-04 08:00:14,576 function.py:22: 验证码处理成功：返回结果kxjJg
[INFO]2024-12-04 08:00:14,617 main.py:97: 切换验证码
[INFO]2024-12-04 08:00:14,724 function.py:22: 验证码处理成功：返回结果uZJf
[INFO]2024-12-04 08:00:14,787 main.py:100: 已输入验证码
[INFO]2024-12-04 08:00:15,301 function.py:114: 其他错误
[INFO]2024-12-04 08:00:15,481 function.py:47: 获取空闲表格成功
[INFO]2024-12-04 08:00:15,481 main.py:82: 当前体育馆2空闲:0
[INFO]2024-12-04 08:00:15,481 main.py:112: 无空闲场地
[CRITICAL]2024-12-05 07:59:59,518 log.py:22: get logger
[CRITICAL]2024-12-05 08:00:06,723 log.py:22: get logger
[INFO]2024-12-05 08:00:06,723 main.py:53: ######################
[ERROR]2024-12-05 08:00:18,174 main.py:50: 未处理的异常: Message: no such element: Unable to locate element: {"method":"css selector","selector":"#nav-main > ul > li:nth-child(3) > a"}
  (Session info: MicrosoftEdge=131.0.2903.70); For documentation on this error, please visit: https://www.selenium.dev/documentation/webdriver/troubleshooting/errors#no-such-element-exception
Stacktrace:
	(No symbol) [0x00007FF77F396B05]
	Microsoft::Applications::Events::EventProperty::empty [0x00007FF77F6BF444+1437348]
	sqlite3_dbdata_init [0x00007FF77F762D86+643190]
	(No symbol) [0x00007FF77F2BC9DB]
	(No symbol) [0x00007FF77F2BCAE3]
	(No symbol) [0x00007FF77F2F92F7]
	(No symbol) [0x00007FF77F2DC1DF]
	(No symbol) [0x00007FF77F2B3437]
	(No symbol) [0x00007FF77F2F6BFF]
	(No symbol) [0x00007FF77F2DBE03]
	(No symbol) [0x00007FF77F2B2984]
	(No symbol) [0x00007FF77F2B1E30]
	(No symbol) [0x00007FF77F2B2571]
	Microsoft::Applications::Events::EventProperty::empty [0x00007FF77F66BAD4+1094964]
	(No symbol) [0x00007FF77F3D32B8]
	Microsoft::Applications::Events::EventProperty::empty [0x00007FF77F66AF13+1091955]
	Microsoft::Applications::Events::EventProperty::empty [0x00007FF77F66AA79+1090777]
	Microsoft::Applications::Events::ILogConfiguration::operator* [0x00007FF77F470C81+461569]
	Microsoft::Applications::Events::ILogConfiguration::operator* [0x00007FF77F46C9A4+444452]
	Microsoft::Applications::Events::ILogConfiguration::operator* [0x00007FF77F46CAE9+444777]
	Microsoft::Applications::Events::ILogConfiguration::operator* [0x00007FF77F462166+401382]
	BaseThreadInitThunk [0x00007FFECBAC259D+29]
	RtlUserThreadStart [0x00007FFECDD0AF38+40]
Traceback (most recent call last):
  File "main.py", line 64, in <module>
    confirm(driver)
  File "E:\pycharm\tsinghua-gym-reserve-master\function\function.py", line 89, in confirm
    button = driver.find_element(By.CSS_SELECTOR,"#nav-main > ul > li:nth-child(3) > a")        #“场地预约”
  File "D:\anaconda3\envs\tsinghua-gym-reserve-master\lib\site-packages\selenium\webdriver\remote\webdriver.py", line 748, in find_element
    return self.execute(Command.FIND_ELEMENT, {"using": by, "value": value})["value"]
  File "D:\anaconda3\envs\tsinghua-gym-reserve-master\lib\site-packages\selenium\webdriver\remote\webdriver.py", line 354, in execute
    self.error_handler.check_response(response)
  File "D:\anaconda3\envs\tsinghua-gym-reserve-master\lib\site-packages\selenium\webdriver\remote\errorhandler.py", line 229, in check_response
    raise exception_class(message, screen, stacktrace)
selenium.common.exceptions.NoSuchElementException: Message: no such element: Unable to locate element: {"method":"css selector","selector":"#nav-main > ul > li:nth-child(3) > a"}
  (Session info: MicrosoftEdge=131.0.2903.70); For documentation on this error, please visit: https://www.selenium.dev/documentation/webdriver/troubleshooting/errors#no-such-element-exception
Stacktrace:
	(No symbol) [0x00007FF77F396B05]
	Microsoft::Applications::Events::EventProperty::empty [0x00007FF77F6BF444+1437348]
	sqlite3_dbdata_init [0x00007FF77F762D86+643190]
	(No symbol) [0x00007FF77F2BC9DB]
	(No symbol) [0x00007FF77F2BCAE3]
	(No symbol) [0x00007FF77F2F92F7]
	(No symbol) [0x00007FF77F2DC1DF]
	(No symbol) [0x00007FF77F2B3437]
	(No symbol) [0x00007FF77F2F6BFF]
	(No symbol) [0x00007FF77F2DBE03]
	(No symbol) [0x00007FF77F2B2984]
	(No symbol) [0x00007FF77F2B1E30]
	(No symbol) [0x00007FF77F2B2571]
	Microsoft::Applications::Events::EventProperty::empty [0x00007FF77F66BAD4+1094964]
	(No symbol) [0x00007FF77F3D32B8]
	Microsoft::Applications::Events::EventProperty::empty [0x00007FF77F66AF13+1091955]
	Microsoft::Applications::Events::EventProperty::empty [0x00007FF77F66AA79+1090777]
	Microsoft::Applications::Events::ILogConfiguration::operator* [0x00007FF77F470C81+461569]
	Microsoft::Applications::Events::ILogConfiguration::operator* [0x00007FF77F46C9A4+444452]
	Microsoft::Applications::Events::ILogConfiguration::operator* [0x00007FF77F46CAE9+444777]
	Microsoft::Applications::Events::ILogConfiguration::operator* [0x00007FF77F462166+401382]
	BaseThreadInitThunk [0x00007FFECBAC259D+29]
	RtlUserThreadStart [0x00007FFECDD0AF38+40]

